Archive member included because of file (symbol)

contiki-srf06-cc26xx.a(contiki-main.o)
                              obj_srf06-cc26xx/startup_gcc.o (main)
contiki-srf06-cc26xx.a(sensors.o)
                              contiki-srf06-cc26xx.a(contiki-main.o) (sensors_process)
contiki-srf06-cc26xx.a(leds.o)
                              contiki-srf06-cc26xx.a(contiki-main.o) (leds_init)
contiki-srf06-cc26xx.a(leds-arch.o)
                              contiki-srf06-cc26xx.a(leds.o) (leds_arch_init)
contiki-srf06-cc26xx.a(sensortag-senso)
                              contiki-srf06-cc26xx.a(sensors.o) (sensors_flags)
contiki-srf06-cc26xx.a(bmp-280-sensor.)
                              contiki-srf06-cc26xx.a(sensortag-senso) (bmp_280_sensor)
contiki-srf06-cc26xx.a(tmp-007-sensor.)
                              contiki-srf06-cc26xx.a(sensortag-senso) (tmp_007_sensor)
contiki-srf06-cc26xx.a(opt-3001-sensor)
                              contiki-srf06-cc26xx.a(sensortag-senso) (opt_3001_sensor)
contiki-srf06-cc26xx.a(hdc-1000-sensor)
                              contiki-srf06-cc26xx.a(sensortag-senso) (hdc_1000_sensor)
contiki-srf06-cc26xx.a(mpu-9250-sensor)
                              contiki-srf06-cc26xx.a(sensortag-senso) (mpu_9250_sensor)
contiki-srf06-cc26xx.a(button-sensor.o)
                              contiki-srf06-cc26xx.a(sensortag-senso) (button_right_sensor)
contiki-srf06-cc26xx.a(reed-relay.o)
                              contiki-srf06-cc26xx.a(sensortag-senso) (reed_relay_sensor)
contiki-srf06-cc26xx.a(board.o)
                              contiki-srf06-cc26xx.a(contiki-main.o) (board_init)
contiki-srf06-cc26xx.a(board-i2c.o)
                              contiki-srf06-cc26xx.a(board.o) (board_i2c_wakeup)
contiki-srf06-cc26xx.a(clock.o)
                              contiki-srf06-cc26xx.a(contiki-main.o) (clock_init)
contiki-srf06-cc26xx.a(rtimer-arch.o)
                              contiki-srf06-cc26xx.a(mpu-9250-sensor) (rtimer_arch_now)
contiki-srf06-cc26xx.a(soc-rtc.o)
                              contiki-srf06-cc26xx.a(contiki-main.o) (soc_rtc_init)
contiki-srf06-cc26xx.a(contiki-watchdo)
                              contiki-srf06-cc26xx.a(contiki-main.o) (watchdog_init)
contiki-srf06-cc26xx.a(putchar.o)
                              contiki-srf06-cc26xx.a(contiki-main.o) (putchar)
contiki-srf06-cc26xx.a(ieee-addr.o)
                              contiki-srf06-cc26xx.a(contiki-main.o) (ieee_addr_cpy_to)
contiki-srf06-cc26xx.a(cc26xx-uart.o)
                              contiki-srf06-cc26xx.a(contiki-main.o) (cc26xx_uart_init)
contiki-srf06-cc26xx.a(lpm.o)
                              contiki-srf06-cc26xx.a(button-sensor.o) (lpm_shutdown)
contiki-srf06-cc26xx.a(gpio-interrupt.)
                              contiki-srf06-cc26xx.a(button-sensor.o) (gpio_interrupt_register_handler)
contiki-srf06-cc26xx.a(oscillators.o)
                              contiki-srf06-cc26xx.a(contiki-main.o) (oscillators_select_lf_xosc)
contiki-srf06-cc26xx.a(ieee-mode.o)
                              contiki-srf06-cc26xx.a(contiki-main.o) (ieee_mode_driver)
contiki-srf06-cc26xx.a(dbg-printf.o)
                              udp-server.co (printf)
contiki-srf06-cc26xx.a(dbg-sprintf.o)
                              udp-server.co (sprintf)
contiki-srf06-cc26xx.a(strformat.o)
                              contiki-srf06-cc26xx.a(dbg-printf.o) (format_str_v)
contiki-srf06-cc26xx.a(autostart.o)
                              contiki-srf06-cc26xx.a(contiki-main.o) (autostart_start)
contiki-srf06-cc26xx.a(ctimer.o)
                              contiki-srf06-cc26xx.a(contiki-main.o) (ctimer_init)
contiki-srf06-cc26xx.a(energest.o)
                              contiki-srf06-cc26xx.a(contiki-main.o) (energest_init)
contiki-srf06-cc26xx.a(etimer.o)
                              contiki-srf06-cc26xx.a(clock.o) (etimer_request_poll)
contiki-srf06-cc26xx.a(process.o)
                              contiki-srf06-cc26xx.a(sensors.o) (process_alloc_event)
contiki-srf06-cc26xx.a(rtimer.o)
                              contiki-srf06-cc26xx.a(contiki-main.o) (rtimer_init)
contiki-srf06-cc26xx.a(timer.o)
                              contiki-srf06-cc26xx.a(button-sensor.o) (timer_set)
contiki-srf06-cc26xx.a(serial-line.o)
                              contiki-srf06-cc26xx.a(contiki-main.o) (serial_line_init)
contiki-srf06-cc26xx.a(list.o)
                              contiki-srf06-cc26xx.a(lpm.o) (list_init)
contiki-srf06-cc26xx.a(random.o)
                              contiki-srf06-cc26xx.a(contiki-main.o) (random_init)
contiki-srf06-cc26xx.a(ringbuf.o)
                              contiki-srf06-cc26xx.a(serial-line.o) (ringbuf_init)
contiki-srf06-cc26xx.a(sicslowpan.o)
                              contiki-srf06-cc26xx.a(contiki-main.o) (sicslowpan_driver)
contiki-srf06-cc26xx.a(uip6.o)
                              udp-server.co (uip_aligned_buf)
contiki-srf06-cc26xx.a(uip-ds6.o)
[...]
Memory Configuration

Name             Origin             Length             Attributes
FLASH            0x00000000         0x0001ffa8         xr
FLASH_CCFG       0x0001ffa8         0x00000058         xr
SRAM             0x20000000         0x00005000         xrw
GPRAM            0x11000000         0x00002000         xrw
*default*        0x00000000         0xffffffff

Linker script and memory map

LOAD obj_srf06-cc26xx/fault-handlers.o
LOAD obj_srf06-cc26xx/ccfg.o
LOAD obj_srf06-cc26xx/startup_gcc.o
LOAD udp-server.co
LOAD contiki-srf06-cc26xx.a
LOAD /usr/bin/../lib/gcc/arm-none-eabi/4.9.3/../../../../arm-none-eabi/lib/armv7-m/libm.a
START GROUP
LOAD /usr/bin/../lib/gcc/arm-none-eabi/4.9.3/armv7-m/libgcc.a
LOAD /usr/bin/../lib/gcc/arm-none-eabi/4.9.3/../../../../arm-none-eabi/lib/armv7-m/libc.a
END GROUP
                0x20005000                _estack = (ORIGIN (SRAM) + 0x5000)
                0x00000000                _Min_Heap_Size = 0x0
                0x00000100                _Min_Stack_Size = 0x100

.text           0x00000000    0x11e30
                0x00000000                _text = .
 *(SORT(.vectors))
 .vectors       0x00000000       0xc8 obj_srf06-cc26xx/startup_gcc.o
                0x00000000                gVectors
 *(SORT(.text*))
 .text.value    0x000000c8       0xb0 contiki-srf06-cc26xx.a(opt-3001-sensor)
 .text.value    0x00000178       0x9c contiki-srf06-cc26xx.a(hdc-1000-sensor)
 *fill*         0x00000214        0x4 00000000
 .text.value    0x00000218      0x1b4 contiki-srf06-cc26xx.a(mpu-9250-sensor)
 *fill*         0x000003cc        0x4 00000000
 .text.__ieee754_pow
                0x000003d0      0xaa0 /usr/bin/../lib/gcc/arm-none-eabi/4.9.3/../../../../arm-none-eabi/lib/armv7-m/libm.a(lib_a-e_pow.o)
                0x000003d0                __ieee754_pow
 .text.scalbn   0x00000e70       0xec /usr/bin/../lib/gcc/arm-none-eabi/4.9.3/../../../../arm-none-eabi/lib/armv7-m/libm.a(lib_a-s_scalbn.o)
                0x00000e70                scalbn
 .text.FaultISR
                0x00000f5c       0x18 obj_srf06-cc26xx/fault-handlers.o
                0x00000f5c                FaultISR
 .text.NmiSRHandler
                0x00000f74        0x4 obj_srf06-cc26xx/startup_gcc.o
                0x00000f74                NmiSR
 .text.IntDefaultHandler
                0x00000f78        0x4 obj_srf06-cc26xx/startup_gcc.o
                0x00000f78                TRNGIntHandler
                0x00000f78                SSI0IntHandler
                0x00000f78                SWEvent0IntHandler
                0x00000f78                uDMAIntHandler
                0x00000f78                WatchdogIntHandler
                0x00000f78                RFCHardwareIntHandler
                0x00000f78                Timer1BIntHandler
                0x00000f78                I2SIntHandler
                0x00000f78                Timer2BIntHandler
                0x00000f78                Timer2AIntHandler
                0x00000f78                Timer1AIntHandler
                0x00000f78                AONIntHandler
                0x00000f78                AUXSWEvent0IntHandler
                0x00000f78                AUXADCIntHandler
                0x00000f78                PendSVIntHandler
                0x00000f78                AUXSWEvent1IntHandler
                0x00000f78                SVCallIntHandler
                0x00000f78                MPUFaultIntHandler
                0x00000f78                SysTickIntHandler
                0x00000f78                BusFaultIntHandler
                0x00000f78                AONProgIntHandler
                0x00000f78                AUXCompAIntHandler
                0x00000f78                SSI1IntHandler
                0x00000f78                FlashIntHandler
                0x00000f78                uDMAErrIntHandler
                0x00000f78                UsageFaultIntHandler
                0x00000f78                RFCCmdAckIntHandler
                0x00000f78                CryptoIntHandler
                0x00000f78                Timer0AIntHandler
                0x00000f78                I2CIntHandler
                0x00000f78                DebugMonIntHandler
                0x00000f78                Timer0BIntHandler
                0x00000f78                AUXCombEventIntHandler
                0x00000f78                Timer3AIntHandler
                0x00000f78                DynProgIntHandler
                0x00000f78                Timer3BIntHandler
 .text.ResetISR
                0x00000f7c       0x5c obj_srf06-cc26xx/startup_gcc.o
                0x00000f7c                ResetISR
 .text.UTCtick  0x00000fd8       0x1c udp-server.co
 .text.process_thread_udp_server_process
                0x00000ff4       0xfc udp-server.co
 .text.sending  0x000010f0       0x6c udp-server.co
 .text.fade     0x0000115c       0x64 contiki-srf06-cc26xx.a(contiki-main.o)
 .text.startup.main
                0x000011c0      0x1ec contiki-srf06-cc26xx.a(contiki-main.o)
                0x000011c0                main
 .text.process_thread_sensors_process
                0x000013ac       0xf8 contiki-srf06-cc26xx.a(sensors.o)
 .text.sensors_changed
                0x000014a4       0x50 contiki-srf06-cc26xx.a(sensors.o)
                0x000014a4                sensors_changed
 .text.leds_init
                0x000014f4       0x14 contiki-srf06-cc26xx.a(leds.o)
                0x000014f4                leds_init
 .text.leds_on  0x00001508       0x14 contiki-srf06-cc26xx.a(leds.o)
                0x00001508                leds_on
 .text.leds_off
                0x0000151c       0x14 contiki-srf06-cc26xx.a(leds.o)
                0x0000151c                leds_off
 .text.leds_arch_init
                0x00001530       0x38 contiki-srf06-cc26xx.a(leds-arch.o)
                0x00001530                leds_arch_init
 .text.leds_arch_set
                0x00001568       0x34 contiki-srf06-cc26xx.a(leds-arch.o)
                0x00001568                leds_arch_set
 .text.status   0x0000159c       0x14 contiki-srf06-cc26xx.a(bmp-280-sensor.)
 .text.notify_ready
                0x000015b0       0x14 contiki-srf06-cc26xx.a(bmp-280-sensor.)
 .text.enable_sensor
                0x000015c4       0x2c contiki-srf06-cc26xx.a(bmp-280-sensor.)
 .text.configure
                0x000015f0       0x94 contiki-srf06-cc26xx.a(bmp-280-sensor.)
 .text.value    0x00001684      0x15c contiki-srf06-cc26xx.a(bmp-280-sensor.)
 .text.status   0x000017e0       0x14 contiki-srf06-cc26xx.a(tmp-007-sensor.)
 .text.notify_ready
                0x000017f4       0x14 contiki-srf06-cc26xx.a(tmp-007-sensor.)
 .text.enable_sensor
                0x00001808       0x2c contiki-srf06-cc26xx.a(tmp-007-sensor.)
 .text.configure
                0x00001834       0x94 contiki-srf06-cc26xx.a(tmp-007-sensor.)
 .text.value    0x000018c8       0xec contiki-srf06-cc26xx.a(tmp-007-sensor.)
 .text.status   0x000019b4        0xc contiki-srf06-cc26xx.a(opt-3001-sensor)
 .text.enable_sensor
                0x000019c0       0x44 contiki-srf06-cc26xx.a(opt-3001-sensor)
 .text.notify_ready
                0x00001a04       0x54 contiki-srf06-cc26xx.a(opt-3001-sensor)
 .text.configure
                0x00001a58       0x4c contiki-srf06-cc26xx.a(opt-3001-sensor)
 .text.status   0x00001aa4       0x14 contiki-srf06-cc26xx.a(hdc-1000-sensor)
 .text.notify_ready
                0x00001ab8       0x60 contiki-srf06-cc26xx.a(hdc-1000-sensor)
 .text.configure
                0x00001b18       0xb8 contiki-srf06-cc26xx.a(hdc-1000-sensor)
 .text.acc_convert
                0x00001bd0       0x70 contiki-srf06-cc26xx.a(mpu-9250-sensor)
 .text.status   0x00001c40       0x14 contiki-srf06-cc26xx.a(mpu-9250-sensor)
 .text.notify_ready
                0x00001c54       0x14 contiki-srf06-cc26xx.a(mpu-9250-sensor)
 .text.sensor_sleep
                0x00001c68       0x38 contiki-srf06-cc26xx.a(mpu-9250-sensor)
 .text.configure
                0x00001ca0       0xdc contiki-srf06-cc26xx.a(mpu-9250-sensor)
 .text.int_status
                0x00001d7c       0x28 contiki-srf06-cc26xx.a(mpu-9250-sensor)
 .text.initialise
                0x00001da4       0xfc contiki-srf06-cc26xx.a(mpu-9250-sensor)
 .text.status.part.0
                0x00001ea0       0x14 contiki-srf06-cc26xx.a(button-sensor.o)
 .text.value_left
                0x00001eb4       0x24 contiki-srf06-cc26xx.a(button-sensor.o)
 .text.value_right
                0x00001ed8       0x18 contiki-srf06-cc26xx.a(button-sensor.o)
 .text.status_left
                0x00001ef0       0x10 contiki-srf06-cc26xx.a(button-sensor.o)
 .text.status_right
                0x00001f00       0x10 contiki-srf06-cc26xx.a(button-sensor.o)
 .text.config_buttons
                0x00001f10       0x8c contiki-srf06-cc26xx.a(button-sensor.o)
 .text.config_left
                0x00001f9c        0xc contiki-srf06-cc26xx.a(button-sensor.o)
 .text.config_right
                0x00001fa8        0xc contiki-srf06-cc26xx.a(button-sensor.o)
 .text.button_press_handler
                0x00001fb4       0x64 contiki-srf06-cc26xx.a(button-sensor.o)
 .text.value    0x00002018       0x10 contiki-srf06-cc26xx.a(reed-relay.o)
 .text.status   0x00002028       0x20 contiki-srf06-cc26xx.a(reed-relay.o)
 .text.configure
                0x00002048       0x6c contiki-srf06-cc26xx.a(reed-relay.o)
 .text.reed_interrupt_handler
                0x000020b4       0x28 contiki-srf06-cc26xx.a(reed-relay.o)
 .text.power_domains_on
                0x000020dc       0x20 contiki-srf06-cc26xx.a(board.o)
 .text.lpm_wakeup_handler
                0x000020fc        0x4 contiki-srf06-cc26xx.a(board.o)
 .text.shutdown_handler
                0x00002100       0x68 contiki-srf06-cc26xx.a(board.o)
 .text.board_init
                0x00002168      0x118 contiki-srf06-cc26xx.a(board.o)
                0x00002168                board_init
 .text.i2c_status
                0x00002280       0x34 contiki-srf06-cc26xx.a(board-i2c.o)
 .text.accessible
                0x000022b4       0x24 contiki-srf06-cc26xx.a(board-i2c.o)
 .text.board_i2c_wakeup
                0x000022d8       0x5c contiki-srf06-cc26xx.a(board-i2c.o)
                0x000022d8                board_i2c_wakeup
 .text.board_i2c_shutdown
                0x00002334       0xa4 contiki-srf06-cc26xx.a(board-i2c.o)
                0x00002334                board_i2c_shutdown
 .text.board_i2c_write
                0x000023d8       0xc0 contiki-srf06-cc26xx.a(board-i2c.o)
                0x000023d8                board_i2c_write
 .text.board_i2c_write_single
                0x00002498       0x44 contiki-srf06-cc26xx.a(board-i2c.o)
                0x00002498                board_i2c_write_single
 .text.board_i2c_read
                0x000024dc       0xb4 contiki-srf06-cc26xx.a(board-i2c.o)
                0x000024dc                board_i2c_read
 .text.board_i2c_write_read
                0x00002590      0x138 contiki-srf06-cc26xx.a(board-i2c.o)
                0x00002590                board_i2c_write_read
 .text.board_i2c_select
                0x000026c8       0xdc contiki-srf06-cc26xx.a(board-i2c.o)
                0x000026c8                board_i2c_select
 .text.power_domain_on
                0x000027a4       0x20 contiki-srf06-cc26xx.a(clock.o)
 .text.clock_init
                0x000027c4       0x90 contiki-srf06-cc26xx.a(clock.o)
                0x000027c4                clock_init
 .text.clock_time
                0x00002854       0x34 contiki-srf06-cc26xx.a(clock.o)
                0x00002854                clock_time
 .text.clock_update
                0x00002888       0x3c contiki-srf06-cc26xx.a(clock.o)
                0x00002888                clock_update
 .text.clock_seconds
                0x000028c4       0x18 contiki-srf06-cc26xx.a(clock.o)
                0x000028c4                clock_seconds
 .text.rtimer_arch_init
                0x000028dc        0x4 contiki-srf06-cc26xx.a(rtimer-arch.o)
                0x000028dc                rtimer_arch_init
 .text.rtimer_arch_schedule
                0x000028e0        0x8 contiki-srf06-cc26xx.a(rtimer-arch.o)
                0x000028e0                rtimer_arch_schedule
 .text.rtimer_arch_now
                0x000028e8        0x4 contiki-srf06-cc26xx.a(rtimer-arch.o)
                0x000028e8                rtimer_arch_now
 .text.soc_rtc_init
                0x000028ec       0x94 contiki-srf06-cc26xx.a(soc-rtc.o)
                0x000028ec                soc_rtc_init
 .text.soc_rtc_get_next_trigger
                0x00002980       0x28 contiki-srf06-cc26xx.a(soc-rtc.o)
                0x00002980                soc_rtc_get_next_trigger
 .text.soc_rtc_schedule_one_shot
                0x000029a8       0x4c contiki-srf06-cc26xx.a(soc-rtc.o)
                0x000029a8                soc_rtc_schedule_one_shot
 .text.soc_rtc_last_isr_time
                0x000029f4        0xc contiki-srf06-cc26xx.a(soc-rtc.o)
                0x000029f4                soc_rtc_last_isr_time
 .text.AONRTCIntHandler
                0x00002a00       0x68 contiki-srf06-cc26xx.a(soc-rtc.o)
                0x00002a00                AONRTCIntHandler
 .text.lock_config
                0x00002a68       0x18 contiki-srf06-cc26xx.a(contiki-watchdo)
 .text.unlock_config
                0x00002a80       0x2c contiki-srf06-cc26xx.a(contiki-watchdo)
 .text.watchdog_init
                0x00002aac       0x1c contiki-srf06-cc26xx.a(contiki-watchdo)
                0x00002aac                watchdog_init
 .text.watchdog_start
                0x00002ac8       0x30 contiki-srf06-cc26xx.a(contiki-watchdo)
                0x00002ac8                watchdog_start
 .text.watchdog_periodic
                0x00002af8       0x1c contiki-srf06-cc26xx.a(contiki-watchdo)
                0x00002af8                watchdog_periodic
 .text.putchar  0x00002b14       0x10 contiki-srf06-cc26xx.a(putchar.o)
                0x00002b14                putchar
 .text.puts     0x00002b24       0x30 contiki-srf06-cc26xx.a(putchar.o)
                0x00002b24                puts
 .text.dbg_send_bytes
                0x00002b54       0x40 contiki-srf06-cc26xx.a(putchar.o)
                0x00002b54                dbg_send_bytes
 .text.ieee_addr_cpy_to
                0x00002b94       0x40 contiki-srf06-cc26xx.a(ieee-addr.o)
                0x00002b94                ieee_addr_cpy_to
 .text.power_and_clock
                0x00002bd4       0x40 contiki-srf06-cc26xx.a(cc26xx-uart.o)
 .text.enable   0x00002c14       0xf4 contiki-srf06-cc26xx.a(cc26xx-uart.o)
 .text.accessible
                0x00002d08       0x24 contiki-srf06-cc26xx.a(cc26xx-uart.o)
 .text.lpm_drop_handler
                0x00002d2c       0xcc contiki-srf06-cc26xx.a(cc26xx-uart.o)
 .text.cc26xx_uart_init
                0x00002df8       0x28 contiki-srf06-cc26xx.a(cc26xx-uart.o)
                0x00002df8                cc26xx_uart_init
 .text.cc26xx_uart_write_byte
                0x00002e20       0x28 contiki-srf06-cc26xx.a(cc26xx-uart.o)
                0x00002e20                cc26xx_uart_write_byte
 .text.cc26xx_uart_busy
                0x00002e48       0x18 contiki-srf06-cc26xx.a(cc26xx-uart.o)
                0x00002e48                cc26xx_uart_busy
 .text.UART0IntHandler
                0x00002e60       0x54 contiki-srf06-cc26xx.a(cc26xx-uart.o)
                0x00002e60                UART0IntHandler
 .text.lpm_shutdown
                0x00002eb4      0x1b8 contiki-srf06-cc26xx.a(lpm.o)
                0x00002eb4                lpm_shutdown
 .text.lpm_drop
                0x0000306c      0x1fc contiki-srf06-cc26xx.a(lpm.o)
                0x0000306c                lpm_drop
 .text.lpm_sleep
                0x00003268       0x14 contiki-srf06-cc26xx.a(lpm.o)
                0x00003268                lpm_sleep
 .text.lpm_register_module
                0x0000327c        0xc contiki-srf06-cc26xx.a(lpm.o)
                0x0000327c                lpm_register_module
 .text.lpm_unregister_module
                0x00003288        0xc contiki-srf06-cc26xx.a(lpm.o)
                0x00003288                lpm_unregister_module
 .text.lpm_init
                0x00003294       0x20 contiki-srf06-cc26xx.a(lpm.o)
                0x00003294                lpm_init
 .text.lpm_pin_set_default_state
                0x000032b4       0x30 contiki-srf06-cc26xx.a(lpm.o)
                0x000032b4                lpm_pin_set_default_state
 .text.gpio_interrupt_register_handler
                0x000032e4       0x2c contiki-srf06-cc26xx.a(gpio-interrupt.)
                0x000032e4                gpio_interrupt_register_handler
 .text.gpio_interrupt_init
                0x00003310       0x24 contiki-srf06-cc26xx.a(gpio-interrupt.)
                0x00003310                gpio_interrupt_init
 .text.GPIOIntHandler
                0x00003334       0x30 contiki-srf06-cc26xx.a(gpio-interrupt.)
                0x00003334                GPIOIntHandler
 .text.osc_interface_dis
                0x00003364       0x28 contiki-srf06-cc26xx.a(oscillators.o)
 .text.osc_interface_en
                0x0000338c       0x30 contiki-srf06-cc26xx.a(oscillators.o)
 .text.oscillators_select_lf_xosc
                0x000033bc       0x48 contiki-srf06-cc26xx.a(oscillators.o)
                0x000033bc                oscillators_select_lf_xosc
 .text.oscillators_select_lf_rcosc
                0x00003404       0x30 contiki-srf06-cc26xx.a(oscillators.o)
                0x00003404                oscillators_select_lf_rcosc
 .text.oscillators_request_hf_xosc
                0x00003434       0x24 contiki-srf06-cc26xx.a(oscillators.o)
                0x00003434                oscillators_request_hf_xosc
 .text.oscillators_switch_to_hf_xosc
                0x00003458       0x28 contiki-srf06-cc26xx.a(oscillators.o)
                0x00003458                oscillators_switch_to_hf_xosc
 .text.oscillators_switch_to_hf_rc
                0x00003480       0x2c contiki-srf06-cc26xx.a(oscillators.o)
                0x00003480                oscillators_switch_to_hf_rc
 .text.request  0x000034ac       0x20 contiki-srf06-cc26xx.a(ieee-mode.o)
 .text.rx_on    0x000034cc       0x60 contiki-srf06-cc26xx.a(ieee-mode.o)
 .text.rf_radio_setup
                0x0000352c       0x74 contiki-srf06-cc26xx.a(ieee-mode.o)
 .text.soft_on  0x000035a0       0x18 contiki-srf06-cc26xx.a(ieee-mode.o)
 .text.pending_packet
                0x000035b8       0x34 contiki-srf06-cc26xx.a(ieee-mode.o)
 .text.prepare  0x000035ec       0x1c contiki-srf06-cc26xx.a(ieee-mode.o)
 .text.read_frame
                0x00003608       0x58 contiki-srf06-cc26xx.a(ieee-mode.o)
 .text.soft_off
                0x00003660       0x3c contiki-srf06-cc26xx.a(ieee-mode.o)
 .text.get_object
                0x0000369c       0x30 contiki-srf06-cc26xx.a(ieee-mode.o)
 .text.transmitting
                0x000036cc       0x4c contiki-srf06-cc26xx.a(ieee-mode.o)
 .text.rx_off   0x00003718       0x5c contiki-srf06-cc26xx.a(ieee-mode.o)
 .text.get_cca_info
                0x00003774       0x44 contiki-srf06-cc26xx.a(ieee-mode.o)
 .text.off      0x000037b8       0x4c contiki-srf06-cc26xx.a(ieee-mode.o)
 .text.receiving_packet
                0x00003804       0x40 contiki-srf06-cc26xx.a(ieee-mode.o)
 .text.on       0x00003844       0x9c contiki-srf06-cc26xx.a(ieee-mode.o)
 .text.set_value
                0x000038e0      0x158 contiki-srf06-cc26xx.a(ieee-mode.o)
 .text.get_value
                0x00003a38      0x138 contiki-srf06-cc26xx.a(ieee-mode.o)
 .text.transmit
                0x00003b70       0xbc contiki-srf06-cc26xx.a(ieee-mode.o)
 .text.send     0x00003c2c       0x24 contiki-srf06-cc26xx.a(ieee-mode.o)
 .text.set_object
                0x00003c50       0x68 contiki-srf06-cc26xx.a(ieee-mode.o)
 .text.channel_clear
                0x00003cb8       0x68 contiki-srf06-cc26xx.a(ieee-mode.o)
 .text.init     0x00003d20       0xe0 contiki-srf06-cc26xx.a(ieee-mode.o)
 .text.write_str
                0x00003e00       0x14 contiki-srf06-cc26xx.a(dbg-printf.o)
 .text.printf   0x00003e14       0x24 contiki-srf06-cc26xx.a(dbg-printf.o)
                0x00003e14                printf
 .text.buffer_str
                0x00003e38       0x18 contiki-srf06-cc26xx.a(dbg-sprintf.o)
 .text.sprintf  0x00003e50       0x34 contiki-srf06-cc26xx.a(dbg-sprintf.o)
                0x00003e50                sprintf
 .text.fill_space
                0x00003e84       0x3c contiki-srf06-cc26xx.a(strformat.o)
 .text.format_str_v
                0x00003ec0      0x95c contiki-srf06-cc26xx.a(strformat.o)
                0x00003ec0                format_str_v
 .text.autostart_start
                0x0000481c       0x18 contiki-srf06-cc26xx.a(autostart.o)
                0x0000481c                autostart_start
 .text.process_thread_ctimer_process
                0x00004834       0x94 contiki-srf06-cc26xx.a(ctimer.o)
 .text.ctimer_init
                0x000048c8       0x28 contiki-srf06-cc26xx.a(ctimer.o)
                0x000048c8                ctimer_init
 .text.ctimer_set_with_process
                0x000048f0       0x4c contiki-srf06-cc26xx.a(ctimer.o)
                0x000048f0                ctimer_set_with_process
 .text.ctimer_set
                0x0000493c       0x18 contiki-srf06-cc26xx.a(ctimer.o)
                0x0000493c                ctimer_set
 .text.ctimer_reset
                0x00004954       0x38 contiki-srf06-cc26xx.a(ctimer.o)
                0x00004954                ctimer_reset
 .text.ctimer_stop
                0x0000498c       0x34 contiki-srf06-cc26xx.a(ctimer.o)
                0x0000498c                ctimer_stop
 .text.energest_init
                0x000049c0        0x4 contiki-srf06-cc26xx.a(energest.o)
                0x000049c0                energest_init
 .text.update_time
                0x000049c4       0x44 contiki-srf06-cc26xx.a(etimer.o)
 .text.process_thread_etimer_process
                0x00004a08       0xc8 contiki-srf06-cc26xx.a(etimer.o)
 .text.add_timer
                0x00004ad0       0x54 contiki-srf06-cc26xx.a(etimer.o)
 .text.etimer_request_poll
                0x00004b24        0xc contiki-srf06-cc26xx.a(etimer.o)
                0x00004b24                etimer_request_poll
 .text.etimer_set
                0x00004b30       0x14 contiki-srf06-cc26xx.a(etimer.o)
                0x00004b30                etimer_set
 .text.etimer_reset
                0x00004b44       0x14 contiki-srf06-cc26xx.a(etimer.o)
                0x00004b44                etimer_reset
 .text.etimer_restart
                0x00004b58       0x14 contiki-srf06-cc26xx.a(etimer.o)
                0x00004b58                etimer_restart
 .text.etimer_expired
                0x00004b6c        0xc contiki-srf06-cc26xx.a(etimer.o)
                0x00004b6c                etimer_expired
 .text.etimer_expiration_time
                0x00004b78        0x8 contiki-srf06-cc26xx.a(etimer.o)
                0x00004b78                etimer_expiration_time
 .text.etimer_pending
                0x00004b80       0x10 contiki-srf06-cc26xx.a(etimer.o)
                0x00004b80                etimer_pending
 .text.etimer_next_expiration_time
                0x00004b90       0x14 contiki-srf06-cc26xx.a(etimer.o)
                0x00004b90                etimer_next_expiration_time
 .text.etimer_stop
                0x00004ba4       0x4c contiki-srf06-cc26xx.a(etimer.o)
                0x00004ba4                etimer_stop
 .text.exit_process
                0x00004bf0       0xb0 contiki-srf06-cc26xx.a(process.o)
 .text.call_process.part.0
                0x00004ca0       0x38 contiki-srf06-cc26xx.a(process.o)
 .text.do_poll  0x00004cd8       0x3c contiki-srf06-cc26xx.a(process.o)
 .text.process_alloc_event
                0x00004d14       0x10 contiki-srf06-cc26xx.a(process.o)
                0x00004d14                process_alloc_event
 .text.process_exit
                0x00004d24        0xc contiki-srf06-cc26xx.a(process.o)
                0x00004d24                process_exit
 .text.process_init
                0x00004d30       0x34 contiki-srf06-cc26xx.a(process.o)
                0x00004d30                process_init
 .text.process_run
                0x00004d64       0xd8 contiki-srf06-cc26xx.a(process.o)
                0x00004d64                process_run
 .text.process_nevents
                0x00004e3c       0x14 contiki-srf06-cc26xx.a(process.o)
                0x00004e3c                process_nevents
 .text.process_post
                0x00004e50       0x50 contiki-srf06-cc26xx.a(process.o)
                0x00004e50                process_post
 .text.process_post_synch
                0x00004ea0       0x18 contiki-srf06-cc26xx.a(process.o)
                0x00004ea0                process_post_synch
 .text.process_start
                0x00004eb8       0x40 contiki-srf06-cc26xx.a(process.o)
                0x00004eb8                process_start
 .text.process_poll
                0x00004ef8       0x18 contiki-srf06-cc26xx.a(process.o)
                0x00004ef8                process_poll
 .text.rtimer_init
                0x00004f10        0x4 contiki-srf06-cc26xx.a(rtimer.o)
                0x00004f10                rtimer_init
 .text.rtimer_set
                0x00004f14       0x2c contiki-srf06-cc26xx.a(rtimer.o)
                0x00004f14                rtimer_set
 .text.rtimer_run_next
                0x00004f40       0x28 contiki-srf06-cc26xx.a(rtimer.o)
                0x00004f40                rtimer_run_next
 .text.timer_set
                0x00004f68       0x10 contiki-srf06-cc26xx.a(timer.o)
                0x00004f68                timer_set
 .text.timer_reset
                0x00004f78        0xc contiki-srf06-cc26xx.a(timer.o)
                0x00004f78                timer_reset
 .text.timer_restart
                0x00004f84        0xc contiki-srf06-cc26xx.a(timer.o)
                0x00004f84                timer_restart
 .text.timer_expired
                0x00004f90       0x1c contiki-srf06-cc26xx.a(timer.o)
                0x00004f90                timer_expired
 .text.process_thread_serial_line_process
                0x00004fac       0xac contiki-srf06-cc26xx.a(serial-line.o)
 .text.serial_line_init
                0x00005058       0x24 contiki-srf06-cc26xx.a(serial-line.o)
                0x00005058                serial_line_init
 .text.list_init
                0x0000507c        0x8 contiki-srf06-cc26xx.a(list.o)
                0x0000507c                list_init
 .text.list_head
                0x00005084        0x4 contiki-srf06-cc26xx.a(list.o)
                0x00005084                list_head
 .text.list_tail
                0x00005088       0x14 contiki-srf06-cc26xx.a(list.o)
                0x00005088                list_tail
 .text.list_add
                0x0000509c       0x48 contiki-srf06-cc26xx.a(list.o)
                0x0000509c                list_add
 .text.list_push
                0x000050e4       0x40 contiki-srf06-cc26xx.a(list.o)
                0x000050e4                list_push
 .text.list_remove
                0x00005124       0x2c contiki-srf06-cc26xx.a(list.o)
                0x00005124                list_remove
 .text.list_length
                0x00005150       0x14 contiki-srf06-cc26xx.a(list.o)
                0x00005150                list_length
 .text.list_item_next
                0x00005164        0x8 contiki-srf06-cc26xx.a(list.o)
                0x00005164                list_item_next
 .text.random_init
                0x0000516c        0x4 contiki-srf06-cc26xx.a(random.o)
                0x0000516c                random_init
 .text.random_rand
                0x00005170        0xc contiki-srf06-cc26xx.a(random.o)
                0x00005170                random_rand
 .text.ringbuf_init
                0x0000517c       0x10 contiki-srf06-cc26xx.a(ringbuf.o)
                0x0000517c                ringbuf_init
 .text.ringbuf_get
                0x0000518c       0x28 contiki-srf06-cc26xx.a(ringbuf.o)
                0x0000518c                ringbuf_get
 .text.sicslowpan_init
                0x000051b4       0x24 contiki-srf06-cc26xx.a(sicslowpan.o)
                0x000051b4                sicslowpan_init
 .text.set_packet_attrs
                0x000051d8       0x4c contiki-srf06-cc26xx.a(sicslowpan.o)
 .text.compress_addr_64
                0x00005224       0x9c contiki-srf06-cc26xx.a(sicslowpan.o)
 .text.addr_context_lookup_by_prefix
                0x000052c0       0x28 contiki-srf06-cc26xx.a(sicslowpan.o)
 .text.send_packet
                0x000052e8       0x24 contiki-srf06-cc26xx.a(sicslowpan.o)
 .text.packet_sent
                0x0000530c       0x28 contiki-srf06-cc26xx.a(sicslowpan.o)
 .text.store_fragment
                0x00005334       0x68 contiki-srf06-cc26xx.a(sicslowpan.o)
 .text.add_fragment
                0x0000539c      0x19c contiki-srf06-cc26xx.a(sicslowpan.o)
 .text.uncompress_addr
                0x00005538       0xb8 contiki-srf06-cc26xx.a(sicslowpan.o)
 .text.input    0x000055f0      0x654 contiki-srf06-cc26xx.a(sicslowpan.o)
 .text.output   0x00005c44      0x738 contiki-srf06-cc26xx.a(sicslowpan.o)
 .text.chksum   0x0000637c       0x50 contiki-srf06-cc26xx.a(uip6.o)
 .text.upper_layer_chksum
                0x000063cc       0x58 contiki-srf06-cc26xx.a(uip6.o)
 .text.ext_hdr_options_process
                0x00006424       0xc8 contiki-srf06-cc26xx.a(uip6.o)
 .text.uip_add32
                0x000064ec       0x58 contiki-srf06-cc26xx.a(uip6.o)
                0x000064ec                uip_add32
 .text.unlikely.uip_add_rcv_nxt
                0x00006544       0x2c contiki-srf06-cc26xx.a(uip6.o)
 .text.uip_icmp6chksum
                0x00006570        0x8 contiki-srf06-cc26xx.a(uip6.o)
                0x00006570                uip_icmp6chksum
 .text.uip_init
                0x00006578       0x64 contiki-srf06-cc26xx.a(uip6.o)
                0x00006578                uip_init
 .text.remove_ext_hdr
                0x000065dc       0x60 contiki-srf06-cc26xx.a(uip6.o)
                0x000065dc                remove_ext_hdr
 .text.uip_udp_new
                0x0000663c       0xd4 contiki-srf06-cc26xx.a(uip6.o)
                0x0000663c                uip_udp_new
 .text.uip_unlisten
                0x00006710       0x44 contiki-srf06-cc26xx.a(uip6.o)
                0x00006710                uip_unlisten
 .text.uip_process
                0x00006754     0x119c contiki-srf06-cc26xx.a(uip6.o)
                0x00006754                uip_process
 .text.uip_htons
                0x000078f0        0x8 contiki-srf06-cc26xx.a(uip6.o)
                0x000078f0                uip_htons
 .text.uip_htonl
                0x000078f8       0x14 contiki-srf06-cc26xx.a(uip6.o)
                0x000078f8                uip_htonl
 .text.uip_ds6_list_loop
                0x0000790c       0x60 contiki-srf06-cc26xx.a(uip-ds6.o)
                0x0000790c                uip_ds6_list_loop
 .text.uip_ds6_prefix_add
                0x0000796c       0x6c contiki-srf06-cc26xx.a(uip-ds6.o)
                0x0000796c                uip_ds6_prefix_add
 .text.uip_ds6_is_addr_onlink
                0x000079d8       0x3c contiki-srf06-cc26xx.a(uip-ds6.o)
                0x000079d8                uip_ds6_is_addr_onlink
 .text.uip_ds6_addr_lookup
                0x00007a14       0x30 contiki-srf06-cc26xx.a(uip-ds6.o)
                0x00007a14                uip_ds6_addr_lookup
 .text.uip_ds6_get_link_local
                0x00007a44       0x44 contiki-srf06-cc26xx.a(uip-ds6.o)
                0x00007a44                uip_ds6_get_link_local
 .text.uip_ds6_maddr_add
                0x00007a88       0x50 contiki-srf06-cc26xx.a(uip-ds6.o)
                0x00007a88                uip_ds6_maddr_add
 .text.uip_ds6_addr_add
                0x00007ad8       0xa8 contiki-srf06-cc26xx.a(uip-ds6.o)
                0x00007ad8                uip_ds6_addr_add
 .text.uip_ds6_maddr_lookup
                0x00007b80       0x30 contiki-srf06-cc26xx.a(uip-ds6.o)
                0x00007b80                uip_ds6_maddr_lookup
 .text.uip_ds6_addr_rm
                0x00007bb0       0x48 contiki-srf06-cc26xx.a(uip-ds6.o)
                0x00007bb0                uip_ds6_addr_rm
 .text.uip_ds6_periodic
                0x00007bf8       0x60 contiki-srf06-cc26xx.a(uip-ds6.o)
                0x00007bf8                uip_ds6_periodic
 .text.uip_ds6_select_src
                0x00007c58       0xf4 contiki-srf06-cc26xx.a(uip-ds6.o)
                0x00007c58                uip_ds6_select_src
 .text.uip_ds6_set_addr_iid
                0x00007d4c       0x14 contiki-srf06-cc26xx.a(uip-ds6.o)
                0x00007d4c                uip_ds6_set_addr_iid
 .text.uip_ds6_compute_reachable_time
                0x00007d60       0x28 contiki-srf06-cc26xx.a(uip-ds6.o)
                0x00007d60                uip_ds6_compute_reachable_time
 .text.uip_ds6_init
                0x00007d88       0xf8 contiki-srf06-cc26xx.a(uip-ds6.o)
                0x00007d88                uip_ds6_init
 .text.uip_ds6_nbr_rm
                0x00007e80       0x20 contiki-srf06-cc26xx.a(uip-ds6-nbr.o)
                0x00007e80                uip_ds6_nbr_rm
 .text.uip_ds6_neighbors_init
                0x00007ea0       0x14 contiki-srf06-cc26xx.a(uip-ds6-nbr.o)
                0x00007ea0                uip_ds6_neighbors_init
 .text.uip_ds6_nbr_add
                0x00007eb4       0x54 contiki-srf06-cc26xx.a(uip-ds6-nbr.o)
                0x00007eb4                uip_ds6_nbr_add
 .text.uip_ds6_nbr_get_ll
                0x00007f08       0x10 contiki-srf06-cc26xx.a(uip-ds6-nbr.o)
                0x00007f08                uip_ds6_nbr_get_ll
 .text.uip_ds6_nbr_lookup
                0x00007f18       0x3c contiki-srf06-cc26xx.a(uip-ds6-nbr.o)
                0x00007f18                uip_ds6_nbr_lookup
 .text.uip_ds6_nbr_ipaddr_from_lladdr
                0x00007f54       0x10 contiki-srf06-cc26xx.a(uip-ds6-nbr.o)
                0x00007f54                uip_ds6_nbr_ipaddr_from_lladdr
 .text.uip_ds6_nbr_lladdr_from_ipaddr
                0x00007f64       0x1c contiki-srf06-cc26xx.a(uip-ds6-nbr.o)
                0x00007f64                uip_ds6_nbr_lladdr_from_ipaddr
 .text.uip_ds6_link_neighbor_callback
                0x00007f80       0x2c contiki-srf06-cc26xx.a(uip-ds6-nbr.o)
                0x00007f80                uip_ds6_link_neighbor_callback
 .text.uip_ds6_neighbor_periodic
                0x00007fac      0x12c contiki-srf06-cc26xx.a(uip-ds6-nbr.o)
                0x00007fac                uip_ds6_neighbor_periodic
 .text.call_route_callback
                0x000080d8       0x50 contiki-srf06-cc26xx.a(uip-ds6-route.o)
 .text.uip_ds6_route_init
                0x00008128       0x4c contiki-srf06-cc26xx.a(uip-ds6-route.o)
                0x00008128                uip_ds6_route_init
 .text.uip_ds6_route_nexthop
                0x00008174       0x1c contiki-srf06-cc26xx.a(uip-ds6-route.o)
                0x00008174                uip_ds6_route_nexthop
 .text.uip_ds6_route_head
                0x00008190        0xc contiki-srf06-cc26xx.a(uip-ds6-route.o)
                0x00008190                uip_ds6_route_head
 .text.uip_ds6_route_next
                0x0000819c        0x8 contiki-srf06-cc26xx.a(uip-ds6-route.o)
                0x0000819c                uip_ds6_route_next
 .text.uip_ds6_route_lookup
                0x000081a4       0x78 contiki-srf06-cc26xx.a(uip-ds6-route.o)
                0x000081a4                uip_ds6_route_lookup
 .text.uip_ds6_route_rm
                0x0000821c       0xac contiki-srf06-cc26xx.a(uip-ds6-route.o)
                0x0000821c                uip_ds6_route_rm
 .text.rm_routelist
                0x000082c8       0x38 contiki-srf06-cc26xx.a(uip-ds6-route.o)
 .text.rm_routelist_callback
                0x00008300        0x4 contiki-srf06-cc26xx.a(uip-ds6-route.o)
 .text.uip_ds6_route_add
                0x00008304      0x134 contiki-srf06-cc26xx.a(uip-ds6-route.o)
                0x00008304                uip_ds6_route_add
 .text.uip_ds6_defrt_rm
                0x00008438       0x48 contiki-srf06-cc26xx.a(uip-ds6-route.o)
                0x00008438                uip_ds6_defrt_rm
 .text.uip_ds6_defrt_lookup
                0x00008480       0x34 contiki-srf06-cc26xx.a(uip-ds6-route.o)
                0x00008480                uip_ds6_defrt_lookup
 .text.uip_ds6_defrt_add
                0x000084b4       0x5c contiki-srf06-cc26xx.a(uip-ds6-route.o)
                0x000084b4                uip_ds6_defrt_add
 .text.uip_ds6_defrt_choose
                0x00008510       0x34 contiki-srf06-cc26xx.a(uip-ds6-route.o)
                0x00008510                uip_ds6_defrt_choose
 .text.uip_ds6_defrt_periodic
                0x00008544       0x3c contiki-srf06-cc26xx.a(uip-ds6-route.o)
                0x00008544                uip_ds6_defrt_periodic
 .text.echo_reply_input
                0x00008580      0x110 contiki-srf06-cc26xx.a(uip-icmp6.o)
 .text.echo_request_input
                0x00008690      0x118 contiki-srf06-cc26xx.a(uip-icmp6.o)
 .text.uip_icmp6_input
                0x000087a8       0x3c contiki-srf06-cc26xx.a(uip-icmp6.o)
                0x000087a8                uip_icmp6_input
 .text.uip_icmp6_register_input_handler
                0x000087e4        0xc contiki-srf06-cc26xx.a(uip-icmp6.o)
                0x000087e4                uip_icmp6_register_input_handler
 .text.uip_icmp6_error_output
                0x000087f0      0x158 contiki-srf06-cc26xx.a(uip-icmp6.o)
                0x000087f0                uip_icmp6_error_output
 .text.uip_icmp6_send
                0x00008948       0x84 contiki-srf06-cc26xx.a(uip-icmp6.o)
                0x00008948                uip_icmp6_send
 .text.uip_icmp6_init
                0x000089cc       0x24 contiki-srf06-cc26xx.a(uip-icmp6.o)
                0x000089cc                uip_icmp6_init
 .text.na_input
                0x000089f0      0x1f4 contiki-srf06-cc26xx.a(uip-nd6.o)
 .text.ns_input
                0x00008be4      0x2b0 contiki-srf06-cc26xx.a(uip-nd6.o)
 .text.uip_nd6_ns_output
                0x00008e94      0x174 contiki-srf06-cc26xx.a(uip-nd6.o)
                0x00008e94                uip_nd6_ns_output
 .text.uip_nd6_init
                0x00009008       0x1c contiki-srf06-cc26xx.a(uip-nd6.o)
                0x00009008                uip_nd6_init
 .text.dns_name_isequal
                0x00009024       0xac contiki-srf06-cc26xx.a(resolv.o)
 .text.encode_name
                0x000090d0       0x58 contiki-srf06-cc26xx.a(resolv.o)
 .text.mdns_write_announce_records
                0x00009128       0xa0 contiki-srf06-cc26xx.a(resolv.o)
 .text.mdns_prep_host_announce_packet
                0x000091c8       0xa0 contiki-srf06-cc26xx.a(resolv.o)
 .text.remove_trailing_dots
                0x00009268       0x4c contiki-srf06-cc26xx.a(resolv.o)
 .text.resolv_found
                0x000092b4       0xf8 contiki-srf06-cc26xx.a(resolv.o)
 .text.resolv_set_hostname
                0x000093ac       0x68 contiki-srf06-cc26xx.a(resolv.o)
                0x000093ac                resolv_set_hostname
 .text.process_thread_resolv_process
                0x00009414      0x8ec contiki-srf06-cc26xx.a(resolv.o)
 .text.resolv_query
                0x00009d00      0x1a4 contiki-srf06-cc26xx.a(resolv.o)
                0x00009d00                resolv_query
 .text.process_thread_mdns_probe_process
                0x00009ea4       0xac contiki-srf06-cc26xx.a(resolv.o)
 .text.start_periodic_tcp_timer
                0x00009f50       0x1c contiki-srf06-cc26xx.a(tcpip.o)
 .text.tcpip_set_outputfunc
                0x00009f6c        0xc contiki-srf06-cc26xx.a(tcpip.o)
                0x00009f6c                tcpip_set_outputfunc
 .text.udp_new  0x00009f78       0x18 contiki-srf06-cc26xx.a(tcpip.o)
                0x00009f78                udp_new
 .text.tcpip_icmp6_call
                0x00009f90       0x28 contiki-srf06-cc26xx.a(tcpip.o)
                0x00009f90                tcpip_icmp6_call
 .text.tcpip_input
                0x00009fb8       0x24 contiki-srf06-cc26xx.a(tcpip.o)
                0x00009fb8                tcpip_input
 .text.tcpip_ipv6_output
                0x00009fdc      0x144 contiki-srf06-cc26xx.a(tcpip.o)
                0x00009fdc                tcpip_ipv6_output
 .text.process_thread_tcpip_process
                0x0000a120      0x208 contiki-srf06-cc26xx.a(tcpip.o)
 .text.tcpip_poll_udp
                0x0000a328       0x10 contiki-srf06-cc26xx.a(tcpip.o)
                0x0000a328                tcpip_poll_udp
 .text.tcpip_uipcall
                0x0000a338       0x90 contiki-srf06-cc26xx.a(tcpip.o)
                0x0000a338                tcpip_uipcall
 .text.uip_debug_ipaddr_print
                0x0000a3c8       0xb0 contiki-srf06-cc26xx.a(uip-debug.o)
                0x0000a3c8                uip_debug_ipaddr_print
 .text.uip_nameserver_get
                0x0000a478       0x10 contiki-srf06-cc26xx.a(uip-nameserver.)
                0x0000a478                uip_nameserver_get
 .text.uip_udp_packet_send
                0x0000a488       0x44 contiki-srf06-cc26xx.a(uip-udp-packet.)
                0x0000a488                uip_udp_packet_send
 .text.uip_udp_packet_sendto
                0x0000a4cc       0x48 contiki-srf06-cc26xx.a(uip-udp-packet.)
                0x0000a4cc                uip_udp_packet_sendto
 .text.rpl_get_mode
                0x0000a514        0xc contiki-srf06-cc26xx.a(rpl.o)
                0x0000a514                rpl_get_mode
 .text.rpl_purge_routes
                0x0000a520       0x7c contiki-srf06-cc26xx.a(rpl.o)
                0x0000a520                rpl_purge_routes
 .text.rpl_remove_routes
                0x0000a59c       0x24 contiki-srf06-cc26xx.a(rpl.o)
                0x0000a59c                rpl_remove_routes
 .text.rpl_remove_routes_by_nexthop
                0x0000a5c0       0x40 contiki-srf06-cc26xx.a(rpl.o)
                0x0000a5c0                rpl_remove_routes_by_nexthop
 .text.rpl_add_route
                0x0000a600       0x2c contiki-srf06-cc26xx.a(rpl.o)
                0x0000a600                rpl_add_route
 .text.rpl_link_neighbor_callback
                0x0000a62c       0x78 contiki-srf06-cc26xx.a(rpl.o)
                0x0000a62c                rpl_link_neighbor_callback
 .text.rpl_ipv6_neighbor_callback
                0x0000a6a4       0x30 contiki-srf06-cc26xx.a(rpl.o)
                0x0000a6a4                rpl_ipv6_neighbor_callback
 .text.rpl_purge_dags
                0x0000a6d4       0x40 contiki-srf06-cc26xx.a(rpl.o)
                0x0000a6d4                rpl_purge_dags
 .text.rpl_init
                0x0000a714       0x58 contiki-srf06-cc26xx.a(rpl.o)
                0x0000a714                rpl_init
 .text.lollipop_greater_than
                0x0000a76c       0x3c contiki-srf06-cc26xx.a(rpl-dag.o)
 .text.rpl_set_preferred_parent
                0x0000a7a8       0x2c contiki-srf06-cc26xx.a(rpl-dag.o)
 .text.set_ip_from_prefix
                0x0000a7d4       0x2c contiki-srf06-cc26xx.a(rpl-dag.o)
 .text.check_prefix
                0x0000a800       0x78 contiki-srf06-cc26xx.a(rpl-dag.o)
 .text.find_parent_any_dag_any_instance
                0x0000a878       0x1c contiki-srf06-cc26xx.a(rpl-dag.o)
 .text.rpl_get_nbr
                0x0000a894       0x28 contiki-srf06-cc26xx.a(rpl-dag.o)
                0x0000a894                rpl_get_nbr
 .text.rpl_dag_init
                0x0000a8bc       0x14 contiki-srf06-cc26xx.a(rpl-dag.o)
                0x0000a8bc                rpl_dag_init
 .text.rpl_get_parent
                0x0000a8d0       0x10 contiki-srf06-cc26xx.a(rpl-dag.o)
                0x0000a8d0                rpl_get_parent
 .text.rpl_get_parent_ipaddr
                0x0000a8e0       0x18 contiki-srf06-cc26xx.a(rpl-dag.o)
                0x0000a8e0                rpl_get_parent_ipaddr
 .text.rpl_repair_root
                0x0000a8f8       0x5c contiki-srf06-cc26xx.a(rpl-dag.o)
                0x0000a8f8                rpl_repair_root
 .text.rpl_set_prefix
                0x0000a954       0x98 contiki-srf06-cc26xx.a(rpl-dag.o)
                0x0000a954                rpl_set_prefix
 .text.rpl_set_default_route
                0x0000a9ec       0x3c contiki-srf06-cc26xx.a(rpl-dag.o)
                0x0000a9ec                rpl_set_default_route
 .text.rpl_alloc_instance
                0x0000aa28       0x34 contiki-srf06-cc26xx.a(rpl-dag.o)
                0x0000aa28                rpl_alloc_instance
 .text.rpl_alloc_dag
                0x0000aa5c       0x5c contiki-srf06-cc26xx.a(rpl-dag.o)
                0x0000aa5c                rpl_alloc_dag
 .text.rpl_add_parent
                0x0000aab8       0x44 contiki-srf06-cc26xx.a(rpl-dag.o)
                0x0000aab8                rpl_add_parent
 .text.rpl_find_parent
                0x0000aafc       0x18 contiki-srf06-cc26xx.a(rpl-dag.o)
                0x0000aafc                rpl_find_parent
 .text.rpl_find_parent_any_dag
                0x0000ab14       0x20 contiki-srf06-cc26xx.a(rpl-dag.o)
                0x0000ab14                rpl_find_parent_any_dag
 .text.rpl_select_parent
                0x0000ab34       0x84 contiki-srf06-cc26xx.a(rpl-dag.o)
                0x0000ab34                rpl_select_parent
 .text.rpl_select_dag
                0x0000abb8      0x17c contiki-srf06-cc26xx.a(rpl-dag.o)
                0x0000abb8                rpl_select_dag
 .text.rpl_nullify_parent
                0x0000ad34       0x4c contiki-srf06-cc26xx.a(rpl-dag.o)
                0x0000ad34                rpl_nullify_parent
 .text.rpl_remove_parent
                0x0000ad80       0x1c contiki-srf06-cc26xx.a(rpl-dag.o)
                0x0000ad80                rpl_remove_parent
 .text.nbr_callback
                0x0000ad9c        0x4 contiki-srf06-cc26xx.a(rpl-dag.o)
 .text.remove_parents.constprop.5
                0x0000ada0       0x44 contiki-srf06-cc26xx.a(rpl-dag.o)
 .text.rpl_free_dag
                0x0000ade4       0x38 contiki-srf06-cc26xx.a(rpl-dag.o)
                0x0000ade4                rpl_free_dag
 .text.rpl_move_parent
                0x0000ae1c       0x4c contiki-srf06-cc26xx.a(rpl-dag.o)
                0x0000ae1c                rpl_move_parent
 .text.rpl_get_any_dag
                0x0000ae68       0x18 contiki-srf06-cc26xx.a(rpl-dag.o)
                0x0000ae68                rpl_get_any_dag
 .text.rpl_get_instance
                0x0000ae80       0x20 contiki-srf06-cc26xx.a(rpl-dag.o)
                0x0000ae80                rpl_get_instance
 .text.rpl_join_instance
                0x0000aea0      0x144 contiki-srf06-cc26xx.a(rpl-dag.o)
                0x0000aea0                rpl_join_instance
 .text.rpl_local_repair
                0x0000afe4       0x68 contiki-srf06-cc26xx.a(rpl-dag.o)
                0x0000afe4                rpl_local_repair
 .text.rpl_process_parent_event
                0x0000b04c       0x60 contiki-srf06-cc26xx.a(rpl-dag.o)
                0x0000b04c                rpl_process_parent_event
 .text.rpl_add_dag
                0x0000b0ac      0x150 contiki-srf06-cc26xx.a(rpl-dag.o)
                0x0000b0ac                rpl_add_dag
 .text.rpl_recalculate_ranks
                0x0000b1fc       0x50 contiki-srf06-cc26xx.a(rpl-dag.o)
                0x0000b1fc                rpl_recalculate_ranks
 .text.rpl_process_dio
                0x0000b24c      0x318 contiki-srf06-cc26xx.a(rpl-dag.o)
                0x0000b24c                rpl_process_dio
 .text.rpl_verify_header
                0x0000b564      0x104 contiki-srf06-cc26xx.a(rpl-ext-header.)
                0x0000b564                rpl_verify_header
 .text.rpl_update_header_empty
                0x0000b668      0x12c contiki-srf06-cc26xx.a(rpl-ext-header.)
                0x0000b668                rpl_update_header_empty
 .text.rpl_update_header_final
                0x0000b794       0x88 contiki-srf06-cc26xx.a(rpl-ext-header.)
                0x0000b794                rpl_update_header_final
 .text.rpl_invert_header
                0x0000b81c       0x68 contiki-srf06-cc26xx.a(rpl-ext-header.)
                0x0000b81c                rpl_invert_header
 .text.rpl_insert_header
                0x0000b884       0x1c contiki-srf06-cc26xx.a(rpl-ext-header.)
                0x0000b884                rpl_insert_header
 .text.get32    0x0000b8a0       0x20 contiki-srf06-cc26xx.a(rpl-icmp6.o)
 .text.dao_ack_input
                0x0000b8c0       0x14 contiki-srf06-cc26xx.a(rpl-icmp6.o)
 .text.dio_input
                0x0000b8d4      0x2b8 contiki-srf06-cc26xx.a(rpl-icmp6.o)
 .text.dis_output
                0x0000bb8c       0x58 contiki-srf06-cc26xx.a(rpl-icmp6.o)
                0x0000bb8c                dis_output
 .text.dio_output
                0x0000bbe4      0x2dc contiki-srf06-cc26xx.a(rpl-icmp6.o)
                0x0000bbe4                dio_output
 .text.dis_input
                0x0000bec0       0x40 contiki-srf06-cc26xx.a(rpl-icmp6.o)
 .text.dao_output_target
                0x0000bf00      0x104 contiki-srf06-cc26xx.a(rpl-icmp6.o)
                0x0000bf00                dao_output_target
 .text.dao_output
                0x0000c004       0x58 contiki-srf06-cc26xx.a(rpl-icmp6.o)
                0x0000c004                dao_output
 .text.dao_ack_output
                0x0000c05c       0x30 contiki-srf06-cc26xx.a(rpl-icmp6.o)
                0x0000c05c                dao_ack_output
 .text.dao_input
                0x0000c08c      0x218 contiki-srf06-cc26xx.a(rpl-icmp6.o)
 .text.rpl_icmp6_register_handlers
                0x0000c2a4       0x30 contiki-srf06-cc26xx.a(rpl-icmp6.o)
                0x0000c2a4                rpl_icmp6_register_handlers
 .text.reset    0x0000c2d4        0x4 contiki-srf06-cc26xx.a(rpl-mrhof.o)
 .text.update_metric_container
                0x0000c2d8        0x8 contiki-srf06-cc26xx.a(rpl-mrhof.o)
 .text.calculate_rank
                0x0000c2e0       0x44 contiki-srf06-cc26xx.a(rpl-mrhof.o)
 .text.neighbor_link_callback
                0x0000c324       0x54 contiki-srf06-cc26xx.a(rpl-mrhof.o)
 .text.best_dag
                0x0000c378       0x2c contiki-srf06-cc26xx.a(rpl-mrhof.o)
 .text.best_parent
                0x0000c3a4       0x60 contiki-srf06-cc26xx.a(rpl-mrhof.o)
 .text.new_dio_interval
                0x0000c404       0x60 contiki-srf06-cc26xx.a(rpl-timers.o)
 .text.handle_periodic_timer
                0x0000c464       0x3c contiki-srf06-cc26xx.a(rpl-timers.o)
 .text.set_dao_lifetime_timer
                0x0000c4a0       0x3c contiki-srf06-cc26xx.a(rpl-timers.o)
 .text.handle_unicast_dio_timer
                0x0000c4dc       0x1c contiki-srf06-cc26xx.a(rpl-timers.o)
 .text.handle_dio_timer
                0x0000c4f8       0x8c contiki-srf06-cc26xx.a(rpl-timers.o)
 .text.schedule_dao
                0x0000c584       0x54 contiki-srf06-cc26xx.a(rpl-timers.o)
 .text.handle_dao_timer
                0x0000c5d8       0x5c contiki-srf06-cc26xx.a(rpl-timers.o)
 .text.rpl_reset_periodic_timer
                0x0000c634       0x3c contiki-srf06-cc26xx.a(rpl-timers.o)
                0x0000c634                rpl_reset_periodic_timer
 .text.rpl_reset_dio_timer
                0x0000c670       0x1c contiki-srf06-cc26xx.a(rpl-timers.o)
                0x0000c670                rpl_reset_dio_timer
 .text.rpl_schedule_dao
                0x0000c68c        0x8 contiki-srf06-cc26xx.a(rpl-timers.o)
                0x0000c68c                rpl_schedule_dao
 .text.rpl_schedule_unicast_dio_immediately
                0x0000c694       0x14 contiki-srf06-cc26xx.a(rpl-timers.o)
                0x0000c694                rpl_schedule_unicast_dio_immediately
 .text.rpl_schedule_probing
                0x0000c6a8       0x38 contiki-srf06-cc26xx.a(rpl-timers.o)
                0x0000c6a8                rpl_schedule_probing
 .text.handle_probing_timer
                0x0000c6e0       0xdc contiki-srf06-cc26xx.a(rpl-timers.o)
 .text.NOROM_AONRTCCurrentCompareValueGet
                0x0000c7bc       0x24 contiki-srf06-cc26xx.a(aon_rtc.o)
                0x0000c7bc                NOROM_AONRTCCurrentCompareValueGet
 .text.NOROM_CPUcpsid
                0x0000c7e0        0x8 contiki-srf06-cc26xx.a(cpu.o)
                0x0000c7e0                NOROM_CPUcpsid
 .text.NOROM_CPUcpsie
                0x0000c7e8        0x8 contiki-srf06-cc26xx.a(cpu.o)
                0x0000c7e8                NOROM_CPUcpsie
 .text.NOROM_CPUdelay
                0x0000c7f0        0x8 contiki-srf06-cc26xx.a(cpu.o)
                0x0000c7f0                NOROM_CPUdelay
 .text.NOROM_DDI16BitfieldWrite
                0x0000c7f8       0x4c contiki-srf06-cc26xx.a(ddi.o)
                0x0000c7f8                NOROM_DDI16BitfieldWrite
 .text.NOROM_DDI16BitfieldRead
                0x0000c844       0x48 contiki-srf06-cc26xx.a(ddi.o)
                0x0000c844                NOROM_DDI16BitfieldRead
 .text.NOROM_OSCClockSourceSet
                0x0000c88c       0x50 contiki-srf06-cc26xx.a(osc.o)
                0x0000c88c                NOROM_OSCClockSourceSet
 .text.NOROM_OSCClockSourceGet
                0x0000c8dc       0x24 contiki-srf06-cc26xx.a(osc.o)
                0x0000c8dc                NOROM_OSCClockSourceGet
 .text.NOROM_OSCInterfaceEnable
                0x0000c900       0x34 contiki-srf06-cc26xx.a(osc.o)
                0x0000c900                NOROM_OSCInterfaceEnable
 .text.NOROM_PowerCtrlSourceSet
                0x0000c934       0x30 contiki-srf06-cc26xx.a(pwr_ctrl.o)
                0x0000c934                NOROM_PowerCtrlSourceSet
 .text.HapiTrimDeviceShutDown
                0x0000c964      0x4f4 contiki-srf06-cc26xx.a(setup.o)
 .text.trimDevice
                0x0000ce58       0xfc contiki-srf06-cc26xx.a(setup.o)
                0x0000ce58                trimDevice
 .text.SysCtrlSetRechargeBeforePowerDown
                0x0000cf54      0x1e8 contiki-srf06-cc26xx.a(sys_ctrl.o)
                0x0000cf54                SysCtrlSetRechargeBeforePowerDown
 .text.SysCtrlAdjustRechargeAfterPowerDown
                0x0000d13c       0x64 contiki-srf06-cc26xx.a(sys_ctrl.o)
                0x0000d13c                SysCtrlAdjustRechargeAfterPowerDown
 .text.SysCtrl_DCDC_VoltageConditionalControl
                0x0000d1a0       0x78 contiki-srf06-cc26xx.a(sys_ctrl.o)
                0x0000d1a0                SysCtrl_DCDC_VoltageConditionalControl
 .text.linkaddr_copy
                0x0000d218        0xc contiki-srf06-cc26xx.a(linkaddr.o)
                0x0000d218                linkaddr_copy
 .text.linkaddr_cmp
                0x0000d224       0x10 contiki-srf06-cc26xx.a(linkaddr.o)
                0x0000d224                linkaddr_cmp
 .text.nbr_set_bit
                0x0000d234       0x4c contiki-srf06-cc26xx.a(nbr-table.o)
 .text.index_from_lladdr
                0x0000d280       0x50 contiki-srf06-cc26xx.a(nbr-table.o)
 .text.nbr_get_bit.constprop.0
                0x0000d2d0       0x2c contiki-srf06-cc26xx.a(nbr-table.o)
 .text.nbr_table_register
                0x0000d2fc       0x2c contiki-srf06-cc26xx.a(nbr-table.o)
                0x0000d2fc                nbr_table_register
 .text.nbr_table_next
                0x0000d328       0x70 contiki-srf06-cc26xx.a(nbr-table.o)
                0x0000d328                nbr_table_next
 .text.nbr_table_head
                0x0000d398       0x58 contiki-srf06-cc26xx.a(nbr-table.o)
                0x0000d398                nbr_table_head
 .text.nbr_table_add_lladdr
                0x0000d3f0      0x190 contiki-srf06-cc26xx.a(nbr-table.o)
                0x0000d3f0                nbr_table_add_lladdr
 .text.nbr_table_get_from_lladdr
                0x0000d580       0x34 contiki-srf06-cc26xx.a(nbr-table.o)
                0x0000d580                nbr_table_get_from_lladdr
 .text.nbr_table_remove
                0x0000d5b4       0x2c contiki-srf06-cc26xx.a(nbr-table.o)
                0x0000d5b4                nbr_table_remove
 .text.nbr_table_lock
                0x0000d5e0       0x14 contiki-srf06-cc26xx.a(nbr-table.o)
                0x0000d5e0                nbr_table_lock
 .text.nbr_table_unlock
                0x0000d5f4       0x14 contiki-srf06-cc26xx.a(nbr-table.o)
                0x0000d5f4                nbr_table_unlock
 .text.nbr_table_get_lladdr
                0x0000d608       0x30 contiki-srf06-cc26xx.a(nbr-table.o)
                0x0000d608                nbr_table_get_lladdr
 .text.netstack_init
                0x0000d638       0x38 contiki-srf06-cc26xx.a(netstack.o)
                0x0000d638                netstack_init
 .text.packetbuf_copyto
                0x0000d670       0x50 contiki-srf06-cc26xx.a(packetbuf.o)
                0x0000d670                packetbuf_copyto
 .text.packetbuf_hdralloc
                0x0000d6c0       0x48 contiki-srf06-cc26xx.a(packetbuf.o)
                0x0000d6c0                packetbuf_hdralloc
 .text.packetbuf_hdrreduce
                0x0000d708       0x2c contiki-srf06-cc26xx.a(packetbuf.o)
                0x0000d708                packetbuf_hdrreduce
 .text.packetbuf_set_datalen
                0x0000d734        0xc contiki-srf06-cc26xx.a(packetbuf.o)
                0x0000d734                packetbuf_set_datalen
 .text.packetbuf_dataptr
                0x0000d740       0x14 contiki-srf06-cc26xx.a(packetbuf.o)
                0x0000d740                packetbuf_dataptr
 .text.packetbuf_hdrptr
                0x0000d754       0x14 contiki-srf06-cc26xx.a(packetbuf.o)
                0x0000d754                packetbuf_hdrptr
 .text.packetbuf_datalen
                0x0000d768        0xc contiki-srf06-cc26xx.a(packetbuf.o)
                0x0000d768                packetbuf_datalen
 .text.packetbuf_totlen
                0x0000d774       0x28 contiki-srf06-cc26xx.a(packetbuf.o)
                0x0000d774                packetbuf_totlen
 .text.packetbuf_attr_clear
                0x0000d79c       0x38 contiki-srf06-cc26xx.a(packetbuf.o)
                0x0000d79c                packetbuf_attr_clear
 .text.packetbuf_clear
                0x0000d7d4       0x34 contiki-srf06-cc26xx.a(packetbuf.o)
                0x0000d7d4                packetbuf_clear
 .text.packetbuf_copyfrom
                0x0000d808       0x2c contiki-srf06-cc26xx.a(packetbuf.o)
                0x0000d808                packetbuf_copyfrom
 .text.packetbuf_attr_copyto
                0x0000d834       0x44 contiki-srf06-cc26xx.a(packetbuf.o)
                0x0000d834                packetbuf_attr_copyto
 .text.packetbuf_attr_copyfrom
                0x0000d878       0x44 contiki-srf06-cc26xx.a(packetbuf.o)
                0x0000d878                packetbuf_attr_copyfrom
 .text.packetbuf_set_attr
                0x0000d8bc       0x10 contiki-srf06-cc26xx.a(packetbuf.o)
                0x0000d8bc                packetbuf_set_attr
 .text.packetbuf_attr
                0x0000d8cc        0xc contiki-srf06-cc26xx.a(packetbuf.o)
                0x0000d8cc                packetbuf_attr
 .text.packetbuf_set_addr
                0x0000d8d8       0x18 contiki-srf06-cc26xx.a(packetbuf.o)
                0x0000d8d8                packetbuf_set_addr
 .text.packetbuf_addr
                0x0000d8f0       0x10 contiki-srf06-cc26xx.a(packetbuf.o)
                0x0000d8f0                packetbuf_addr
 .text.packetbuf_holds_broadcast
                0x0000d900       0x10 contiki-srf06-cc26xx.a(packetbuf.o)
                0x0000d900                packetbuf_holds_broadcast
 .text.queuebuf_init
                0x0000d910       0x1c contiki-srf06-cc26xx.a(queuebuf.o)
                0x0000d910                queuebuf_init
 .text.queuebuf_numfree
                0x0000d92c        0xc contiki-srf06-cc26xx.a(queuebuf.o)
                0x0000d92c                queuebuf_numfree
 .text.queuebuf_new_from_packetbuf
                0x0000d938       0x48 contiki-srf06-cc26xx.a(queuebuf.o)
                0x0000d938                queuebuf_new_from_packetbuf
 .text.queuebuf_update_attr_from_packetbuf
                0x0000d980        0xc contiki-srf06-cc26xx.a(queuebuf.o)
                0x0000d980                queuebuf_update_attr_from_packetbuf
 .text.queuebuf_update_from_packetbuf
                0x0000d98c       0x1c contiki-srf06-cc26xx.a(queuebuf.o)
                0x0000d98c                queuebuf_update_from_packetbuf
 .text.queuebuf_free
                0x0000d9a8       0x2c contiki-srf06-cc26xx.a(queuebuf.o)
                0x0000d9a8                queuebuf_free
 .text.queuebuf_to_packetbuf
                0x0000d9d4       0x30 contiki-srf06-cc26xx.a(queuebuf.o)
                0x0000d9d4                queuebuf_to_packetbuf
 .text.queuebuf_attr
                0x0000da04        0xc contiki-srf06-cc26xx.a(queuebuf.o)
                0x0000da04                queuebuf_attr
 .text.input_packet
                0x0000da10        0xc contiki-srf06-cc26xx.a(csma.o)
 .text.on       0x0000da1c        0xc contiki-srf06-cc26xx.a(csma.o)
 .text.off      0x0000da28        0xc contiki-srf06-cc26xx.a(csma.o)
 .text.channel_check_interval
                0x0000da34       0x10 contiki-srf06-cc26xx.a(csma.o)
 .text.transmit_packet_list
                0x0000da44       0x34 contiki-srf06-cc26xx.a(csma.o)
 .text.free_packet
                0x0000da78       0x98 contiki-srf06-cc26xx.a(csma.o)
 .text.packet_sent
                0x0000db10      0x100 contiki-srf06-cc26xx.a(csma.o)
 .text.send_packet
                0x0000dc10      0x164 contiki-srf06-cc26xx.a(csma.o)
 .text.init     0x0000dd74       0x24 contiki-srf06-cc26xx.a(csma.o)
 .text.parse    0x0000dd98       0xa0 contiki-srf06-cc26xx.a(framer-802154.o)
 .text.create_frame.isra.0
                0x0000de38      0x13c contiki-srf06-cc26xx.a(framer-802154.o)
 .text.create   0x0000df74        0x8 contiki-srf06-cc26xx.a(framer-802154.o)
 .text.hdr_length
                0x0000df7c        0x8 contiki-srf06-cc26xx.a(framer-802154.o)
 .text.mac_call_sent_callback
                0x0000df84       0x10 contiki-srf06-cc26xx.a(mac.o)
                0x0000df84                mac_call_sent_callback
 .text.duty_cycle
                0x0000df94        0x4 contiki-srf06-cc26xx.a(contikimac.o)
 .text.init     0x0000df98       0x40 contiki-srf06-cc26xx.a(contikimac.o)
 .text.on       0x0000dfd8       0x2c contiki-srf06-cc26xx.a(contikimac.o)
 .text.off      0x0000e004       0x38 contiki-srf06-cc26xx.a(contikimac.o)
 .text.recv_burst_off
                0x0000e03c       0x14 contiki-srf06-cc26xx.a(contikimac.o)
 .text.powercycle_turn_radio_off.part.2
                0x0000e050       0x10 contiki-srf06-cc26xx.a(contikimac.o)
 .text.turn_off
                0x0000e060       0x48 contiki-srf06-cc26xx.a(contikimac.o)
 .text.turn_on  0x0000e0a8       0x40 contiki-srf06-cc26xx.a(contikimac.o)
 .text.schedule_powercycle_fixed.part.5
                0x0000e0e8       0x2c contiki-srf06-cc26xx.a(contikimac.o)
 .text.input_packet
                0x0000e114       0xac contiki-srf06-cc26xx.a(contikimac.o)
 .text.send_packet.isra.8
                0x0000e1c0      0x228 contiki-srf06-cc26xx.a(contikimac.o)
 .text.qsend_list
                0x0000e3e8       0xe0 contiki-srf06-cc26xx.a(contikimac.o)
 .text.qsend_packet
                0x0000e4c8       0x24 contiki-srf06-cc26xx.a(contikimac.o)
 .text.powercycle_wrapper
                0x0000e4ec      0x234 contiki-srf06-cc26xx.a(contikimac.o)
 .text.init     0x0000e720        0x4 contiki-srf06-cc26xx.a(nullsec.o)
 .text.input    0x0000e724        0xc contiki-srf06-cc26xx.a(nullsec.o)
 .text.send     0x0000e730       0x20 contiki-srf06-cc26xx.a(nullsec.o)
 .text.sensor_common_read_reg
                0x0000e750       0x1c contiki-srf06-cc26xx.a(sensor-common.o)
                0x0000e750                sensor_common_read_reg
 .text.sensor_common_write_reg
                0x0000e76c       0x38 contiki-srf06-cc26xx.a(sensor-common.o)
                0x0000e76c                sensor_common_write_reg
 .text.sensor_common_set_error_data
                0x0000e7a4       0x10 contiki-srf06-cc26xx.a(sensor-common.o)
                0x0000e7a4                sensor_common_set_error_data
 .text.verify_part
                0x0000e7b4       0x6c contiki-srf06-cc26xx.a(ext-flash.o)
 .text.wait_ready
                0x0000e820       0x64 contiki-srf06-cc26xx.a(ext-flash.o)
 .text.power_down
                0x0000e884       0x50 contiki-srf06-cc26xx.a(ext-flash.o)
 .text.ext_flash_open
                0x0000e8d4       0x60 contiki-srf06-cc26xx.a(ext-flash.o)
                0x0000e8d4                ext_flash_open
 .text.ext_flash_init
                0x0000e934       0x14 contiki-srf06-cc26xx.a(ext-flash.o)
                0x0000e934                ext_flash_init
 .text.buzzer_init
                0x0000e948        0xc contiki-srf06-cc26xx.a(buzzer.o)
                0x0000e948                buzzer_init
 .text.buzzer_stop
                0x0000e954       0x74 contiki-srf06-cc26xx.a(buzzer.o)
                0x0000e954                buzzer_stop
 .text.accessible
                0x0000e9c8       0x24 contiki-srf06-cc26xx.a(board-spi.o)
 .text.board_spi_write
                0x0000e9ec       0x3c contiki-srf06-cc26xx.a(board-spi.o)
                0x0000e9ec                board_spi_write
 .text.board_spi_read
                0x0000ea28       0x48 contiki-srf06-cc26xx.a(board-spi.o)
                0x0000ea28                board_spi_read
 .text.board_spi_flush
                0x0000ea70       0x24 contiki-srf06-cc26xx.a(board-spi.o)
                0x0000ea70                board_spi_flush
 .text.board_spi_open
                0x0000ea94       0xc0 contiki-srf06-cc26xx.a(board-spi.o)
                0x0000ea94                board_spi_open
 .text.board_spi_close
                0x0000eb54       0x70 contiki-srf06-cc26xx.a(board-spi.o)
                0x0000eb54                board_spi_close
 .text.process_thread_rf_core_process
                0x0000ebc4       0x58 contiki-srf06-cc26xx.a(rf-core.o)
 .text.rf_core_is_accessible
                0x0000ec1c       0x10 contiki-srf06-cc26xx.a(rf-core.o)
                0x0000ec1c                rf_core_is_accessible
 .text.rf_core_send_cmd
                0x0000ec2c       0xa4 contiki-srf06-cc26xx.a(rf-core.o)
                0x0000ec2c                rf_core_send_cmd
 .text.rf_core_wait_cmd_done
                0x0000ecd0       0x30 contiki-srf06-cc26xx.a(rf-core.o)
                0x0000ecd0                rf_core_wait_cmd_done
 .text.rf_core_power_up
                0x0000ed00       0xb4 contiki-srf06-cc26xx.a(rf-core.o)
                0x0000ed00                rf_core_power_up
 .text.rf_core_power_down
                0x0000edb4       0xe8 contiki-srf06-cc26xx.a(rf-core.o)
                0x0000edb4                rf_core_power_down
 .text.rf_core_set_modesel
                0x0000ee9c       0x68 contiki-srf06-cc26xx.a(rf-core.o)
                0x0000ee9c                rf_core_set_modesel
 .text.rf_core_boot
                0x0000ef04       0x30 contiki-srf06-cc26xx.a(rf-core.o)
                0x0000ef04                rf_core_boot
 .text.rf_core_setup_interrupts
                0x0000ef34       0x6c contiki-srf06-cc26xx.a(rf-core.o)
                0x0000ef34                rf_core_setup_interrupts
 .text.rf_core_cmd_done_en
                0x0000efa0       0x28 contiki-srf06-cc26xx.a(rf-core.o)
                0x0000efa0                rf_core_cmd_done_en
 .text.rf_core_cmd_done_dis
                0x0000efc8       0x10 contiki-srf06-cc26xx.a(rf-core.o)
                0x0000efc8                rf_core_cmd_done_dis
 .text.rf_core_get_last_radio_op
                0x0000efd8        0xc contiki-srf06-cc26xx.a(rf-core.o)
                0x0000efd8                rf_core_get_last_radio_op
 .text.rf_core_init_radio_op
                0x0000efe4       0x20 contiki-srf06-cc26xx.a(rf-core.o)
                0x0000efe4                rf_core_init_radio_op
 .text.rf_core_primary_mode_register
                0x0000f004        0xc contiki-srf06-cc26xx.a(rf-core.o)
                0x0000f004                rf_core_primary_mode_register
 .text.RFCCPE1IntHandler
                0x0000f010       0x28 contiki-srf06-cc26xx.a(rf-core.o)
                0x0000f010                RFCCPE1IntHandler
 .text.RFCCPE0IntHandler
                0x0000f038       0x5c contiki-srf06-cc26xx.a(rf-core.o)
                0x0000f038                RFCCPE0IntHandler
 .text.rf_ble_is_active
                0x0000f094        0xc contiki-srf06-cc26xx.a(rf-ble.o)
                0x0000f094                rf_ble_is_active
 .text.stimer_set
                0x0000f0a0       0x10 contiki-srf06-cc26xx.a(stimer.o)
                0x0000f0a0                stimer_set
 .text.stimer_expired
                0x0000f0b0       0x20 contiki-srf06-cc26xx.a(stimer.o)
                0x0000f0b0                stimer_expired
 .text.memb_init
                0x0000f0d0       0x24 contiki-srf06-cc26xx.a(memb.o)
                0x0000f0d0                memb_init
 .text.memb_alloc
                0x0000f0f4       0x3c contiki-srf06-cc26xx.a(memb.o)
                0x0000f0f4                memb_alloc
 .text.memb_free
                0x0000f130       0x44 contiki-srf06-cc26xx.a(memb.o)
                0x0000f130                memb_free
 .text.memb_inmemb
                0x0000f174       0x1c contiki-srf06-cc26xx.a(memb.o)
                0x0000f174                memb_inmemb
 .text.memb_numfree
                0x0000f190       0x1c contiki-srf06-cc26xx.a(memb.o)
                0x0000f190                memb_numfree
 .text.AONBatMonTemperatureGetDegC
                0x0000f1ac       0x30 contiki-srf06-cc26xx.a(aon_batmon.o)
                0x0000f1ac                AONBatMonTemperatureGetDegC
 .text.ChipInfo_GetSupportedProtocol_BV
                0x0000f1dc       0x10 contiki-srf06-cc26xx.a(chipinfo.o)
                0x0000f1dc                ChipInfo_GetSupportedProtocol_BV
 .text.ChipInfo_GetChipFamily
                0x0000f1ec       0x38 contiki-srf06-cc26xx.a(chipinfo.o)
                0x0000f1ec                ChipInfo_GetChipFamily
 .text.ChipInfo_GetHwRevision
                0x0000f224       0x98 contiki-srf06-cc26xx.a(chipinfo.o)
                0x0000f224                ChipInfo_GetHwRevision
 .text.ThisCodeIsBuiltForCC26xxHwRev22AndLater_HaltIfViolated
                0x0000f2bc       0x2c contiki-srf06-cc26xx.a(chipinfo.o)
                0x0000f2bc                ThisCodeIsBuiltForCC26xxHwRev22AndLater_HaltIfViolated
 .text.frame802154_get_pan_id
                0x0000f2e8        0xc contiki-srf06-cc26xx.a(frame802154.o)
                0x0000f2e8                frame802154_get_pan_id
 .text.frame802154_has_panid
                0x0000f2f4       0x54 contiki-srf06-cc26xx.a(frame802154.o)
                0x0000f2f4                frame802154_has_panid
 .text.field_len
                0x0000f348       0x9c contiki-srf06-cc26xx.a(frame802154.o)
 .text.frame802154_is_broadcast_addr
                0x0000f3e4       0x20 contiki-srf06-cc26xx.a(frame802154.o)
                0x0000f3e4                frame802154_is_broadcast_addr
 .text.frame802154_hdrlen
                0x0000f404       0x34 contiki-srf06-cc26xx.a(frame802154.o)
                0x0000f404                frame802154_hdrlen
 .text.frame802154_create
                0x0000f438      0x10c contiki-srf06-cc26xx.a(frame802154.o)
                0x0000f438                frame802154_create
 .text.frame802154_parse
                0x0000f544      0x17c contiki-srf06-cc26xx.a(frame802154.o)
                0x0000f544                frame802154_parse
 .text.mac_sequence_is_duplicate
                0x0000f6c0       0x3c contiki-srf06-cc26xx.a(mac-sequence.o)
                0x0000f6c0                mac_sequence_is_duplicate
 .text.mac_sequence_register_seqno
                0x0000f6fc       0x70 contiki-srf06-cc26xx.a(mac-sequence.o)
                0x0000f6fc                mac_sequence_register_seqno
 .text.exp2     0x0000f76c       0x10 /usr/bin/../lib/gcc/arm-none-eabi/4.9.3/../../../../arm-none-eabi/lib/armv7-m/libm.a(lib_a-w_exp2.o)
                0x0000f76c                exp2
 .text.pow      0x0000f77c      0x2f0 /usr/bin/../lib/gcc/arm-none-eabi/4.9.3/../../../../arm-none-eabi/lib/armv7-m/libm.a(lib_a-w_pow.o)
                0x0000f77c                pow
 .text.__ieee754_sqrt
                0x0000fa6c      0x18c /usr/bin/../lib/gcc/arm-none-eabi/4.9.3/../../../../arm-none-eabi/lib/armv7-m/libm.a(lib_a-e_sqrt.o)
                0x0000fa6c                __ieee754_sqrt
 .text.fabs     0x0000fbf8        0x8 /usr/bin/../lib/gcc/arm-none-eabi/4.9.3/../../../../arm-none-eabi/lib/armv7-m/libm.a(lib_a-s_fabs.o)
                0x0000fbf8                fabs
 .text.finite   0x0000fc00        0xc /usr/bin/../lib/gcc/arm-none-eabi/4.9.3/../../../../arm-none-eabi/lib/armv7-m/libm.a(lib_a-s_finite.o)
                0x0000fc00                finite
 .text.__fpclassifyd
                0x0000fc0c       0x58 /usr/bin/../lib/gcc/arm-none-eabi/4.9.3/../../../../arm-none-eabi/lib/armv7-m/libm.a(lib_a-s_fpclassify.o)
                0x0000fc0c                __fpclassifyd
 .text.matherr  0x0000fc64        0x4 /usr/bin/../lib/gcc/arm-none-eabi/4.9.3/../../../../arm-none-eabi/lib/armv7-m/libm.a(lib_a-s_matherr.o)
                0x0000fc64                matherr
 .text.nan      0x0000fc68        0xc /usr/bin/../lib/gcc/arm-none-eabi/4.9.3/../../../../arm-none-eabi/lib/armv7-m/libm.a(lib_a-s_nan.o)
                0x0000fc68                nan
 .text.rint     0x0000fc74      0x11c /usr/bin/../lib/gcc/arm-none-eabi/4.9.3/../../../../arm-none-eabi/lib/armv7-m/libm.a(lib_a-s_rint.o)
                0x0000fc74                rint
 .text.copysign
                0x0000fd90       0x10 /usr/bin/../lib/gcc/arm-none-eabi/4.9.3/../../../../arm-none-eabi/lib/armv7-m/libm.a(lib_a-s_copysign.o)
                0x0000fd90                copysign
 .text          0x0000fda0      0x370 /usr/bin/../lib/gcc/arm-none-eabi/4.9.3/armv7-m/libgcc.a(_arm_addsubdf3.o)
                0x0000fda0                __aeabi_drsub
                0x0000fda8                __aeabi_dsub
                0x0000fda8                __subdf3
                0x0000fdac                __adddf3
                0x0000fdac                __aeabi_dadd
                0x00010024                __aeabi_ui2d
                0x00010024                __floatunsidf
                0x00010044                __floatsidf
                0x00010044                __aeabi_i2d
                0x00010068                __extendsfdf2
                0x00010068                __aeabi_f2d
                0x000100a4                __aeabi_ul2d
                0x000100a4                __floatundidf
                0x000100b4                __floatdidf
                0x000100b4                __aeabi_l2d
 .text          0x00010110      0x424 /usr/bin/../lib/gcc/arm-none-eabi/4.9.3/armv7-m/libgcc.a(_arm_muldivdf3.o)
                0x00010110                __aeabi_dmul
                0x00010110                __muldf3
                0x00010364                __aeabi_ddiv
                0x00010364                __divdf3
 .text          0x00010534      0x110 /usr/bin/../lib/gcc/arm-none-eabi/4.9.3/armv7-m/libgcc.a(_arm_cmpdf2.o)
                0x00010534                __gtdf2
                0x00010534                __gedf2
                0x0001053c                __ltdf2
                0x0001053c                __ledf2
                0x00010544                __cmpdf2
                0x00010544                __eqdf2
                0x00010544                __nedf2
                0x000105c0                __aeabi_cdrcmple
                0x000105d0                __aeabi_cdcmple
                0x000105d0                __aeabi_cdcmpeq
                0x000105e0                __aeabi_dcmpeq
                0x000105f4                __aeabi_dcmplt
                0x00010608                __aeabi_dcmple
                0x0001061c                __aeabi_dcmpge
                0x00010630                __aeabi_dcmpgt
 .text          0x00010644       0xa0 /usr/bin/../lib/gcc/arm-none-eabi/4.9.3/armv7-m/libgcc.a(_arm_truncdfsf2.o)
                0x00010644                __aeabi_d2f
                0x00010644                __truncdfsf2
 .text          0x000106e4      0x21c /usr/bin/../lib/gcc/arm-none-eabi/4.9.3/armv7-m/libgcc.a(_arm_addsubsf3.o)
                0x000106e4                __aeabi_frsub
                0x000106ec                __subsf3
                0x000106ec                __aeabi_fsub
                0x000106f0                __aeabi_fadd
                0x000106f0                __addsf3
                0x00010850                __aeabi_ui2f
                0x00010850                __floatunsisf
                0x00010858                __aeabi_i2f
                0x00010858                __floatsisf
                0x00010874                __floatundisf
                0x00010874                __aeabi_ul2f
                0x00010884                __floatdisf
                0x00010884                __aeabi_l2f
 .text          0x00010900      0x2a0 /usr/bin/../lib/gcc/arm-none-eabi/4.9.3/armv7-m/libgcc.a(_arm_muldivsf3.o)
                0x00010900                __mulsf3
                0x00010900                __aeabi_fmul
                0x00010a68                __divsf3
                0x00010a68                __aeabi_fdiv
 .text          0x00010ba0       0x4c /usr/bin/../lib/gcc/arm-none-eabi/4.9.3/armv7-m/libgcc.a(_arm_fixsfsi.o)
                0x00010ba0                __fixsfsi
                0x00010ba0                __aeabi_f2iz
 .text          0x00010bec       0x30 /usr/bin/../lib/gcc/arm-none-eabi/4.9.3/armv7-m/libgcc.a(_aeabi_uldivmod.o)
                0x00010bec                __aeabi_uldivmod
 .text          0x00010c1c       0x60 /usr/bin/../lib/gcc/arm-none-eabi/4.9.3/armv7-m/libgcc.a(bpabi.o)
                0x00010c1c                __gnu_ldivmod_helper
                0x00010c4c                __gnu_uldivmod_helper
 .text          0x00010c7c        0x4 /usr/bin/../lib/gcc/arm-none-eabi/4.9.3/armv7-m/libgcc.a(_dvmd_tls.o)
                0x00010c7c                __aeabi_ldiv0
                0x00010c7c                __aeabi_idiv0
 .text          0x00010c80      0x2ac /usr/bin/../lib/gcc/arm-none-eabi/4.9.3/armv7-m/libgcc.a(_divdi3.o)
                0x00010c80                __divdi3
 .text          0x00010f2c      0x270 /usr/bin/../lib/gcc/arm-none-eabi/4.9.3/armv7-m/libgcc.a(_udivdi3.o)
                0x00010f2c                __udivdi3
 .text.__errno  0x0001119c        0xc /usr/bin/../lib/gcc/arm-none-eabi/4.9.3/../../../../arm-none-eabi/lib/armv7-m/libc.a(lib_a-errno.o)
                0x0001119c                __errno
 .text.memcmp   0x000111a8       0x64 /usr/bin/../lib/gcc/arm-none-eabi/4.9.3/../../../../arm-none-eabi/lib/armv7-m/libc.a(lib_a-memcmp.o)
                0x000111a8                memcmp
 .text          0x0001120c       0xec /usr/bin/../lib/gcc/arm-none-eabi/4.9.3/../../../../arm-none-eabi/lib/armv7-m/libc.a(lib_a-memcpy.o)
                0x0001120c                memcpy
 .text.memmove  0x000112f8       0xc8 /usr/bin/../lib/gcc/arm-none-eabi/4.9.3/../../../../arm-none-eabi/lib/armv7-m/libc.a(lib_a-memmove.o)
                0x000112f8                memmove
 .text.memset   0x000113c0       0x9c /usr/bin/../lib/gcc/arm-none-eabi/4.9.3/../../../../arm-none-eabi/lib/armv7-m/libc.a(lib_a-memset.o)
                0x000113c0                memset
 .text.srand    0x0001145c       0x14 /usr/bin/../lib/gcc/arm-none-eabi/4.9.3/../../../../arm-none-eabi/lib/armv7-m/libc.a(lib_a-rand.o)
                0x0001145c                srand
 .text.rand     0x00011470       0x40 /usr/bin/../lib/gcc/arm-none-eabi/4.9.3/../../../../arm-none-eabi/lib/armv7-m/libc.a(lib_a-rand.o)
                0x00011470                rand
 .text.strcasecmp
                0x000114b0       0x40 /usr/bin/../lib/gcc/arm-none-eabi/4.9.3/../../../../arm-none-eabi/lib/armv7-m/libc.a(lib_a-strcasecmp.o)
                0x000114b0                strcasecmp
 .text          0x000114f0      0x1bc /usr/bin/../lib/gcc/arm-none-eabi/4.9.3/../../../../arm-none-eabi/lib/armv7-m/libc.a(lib_a-strcmp.o)
                0x000114f0                strcmp
 .text.strlen   0x000116ac       0x5c /usr/bin/../lib/gcc/arm-none-eabi/4.9.3/../../../../arm-none-eabi/lib/armv7-m/libc.a(lib_a-strlen.o)
                0x000116ac                strlen
 .text.strncasecmp
                0x00011708       0x54 /usr/bin/../lib/gcc/arm-none-eabi/4.9.3/../../../../arm-none-eabi/lib/armv7-m/libc.a(lib_a-strncasecmp.o)
                0x00011708                strncasecmp
 .text.strncat  0x0001175c       0x5c /usr/bin/../lib/gcc/arm-none-eabi/4.9.3/../../../../arm-none-eabi/lib/armv7-m/libc.a(lib_a-strncat.o)
                0x0001175c                strncat
 .text.strncpy  0x000117b8       0x68 /usr/bin/../lib/gcc/arm-none-eabi/4.9.3/../../../../arm-none-eabi/lib/armv7-m/libc.a(lib_a-strncpy.o)
                0x000117b8                strncpy
 *(SORT(.rodata*))
 .rodata.dp_h   0x00011820       0x10 /usr/bin/../lib/gcc/arm-none-eabi/4.9.3/../../../../arm-none-eabi/lib/armv7-m/libm.a(lib_a-e_pow.o)
 .rodata.dp_l   0x00011830       0x10 /usr/bin/../lib/gcc/arm-none-eabi/4.9.3/../../../../arm-none-eabi/lib/armv7-m/libm.a(lib_a-e_pow.o)
 .rodata.bp     0x00011840       0x10 /usr/bin/../lib/gcc/arm-none-eabi/4.9.3/../../../../arm-none-eabi/lib/armv7-m/libm.a(lib_a-e_pow.o)
 .rodata.TWO52  0x00011850       0x10 /usr/bin/../lib/gcc/arm-none-eabi/4.9.3/../../../../arm-none-eabi/lib/armv7-m/libm.a(lib_a-s_rint.o)
 .rodata.autostart_processes
                0x00011860        0xc udp-server.co
                0x00011860                autostart_processes
 .rodata.str1.4
                0x0001186c       0x73 udp-server.co
 *fill*         0x000118df        0x1 00000000
 .rodata.str1.4
                0x000118e0       0xa1 contiki-srf06-cc26xx.a(contiki-main.o)
 *fill*         0x00011981        0x3 00000000
 .rodata.str1.4
                0x00011984        0x8 contiki-srf06-cc26xx.a(sensors.o)
 .rodata.str1.4
                0x0001198c        0x7 contiki-srf06-cc26xx.a(bmp-280-sensor.)
 *fill*         0x00011993        0x1 00000000
 .rodata.bmp_280_sensor
                0x00011994       0x10 contiki-srf06-cc26xx.a(bmp-280-sensor.)
                0x00011994                bmp_280_sensor
 .rodata.tmp_007_sensor
                0x000119a4       0x10 contiki-srf06-cc26xx.a(tmp-007-sensor.)
                0x000119a4                tmp_007_sensor
 .rodata.str1.4
                0x000119b4        0x7 contiki-srf06-cc26xx.a(tmp-007-sensor.)
 *fill*         0x000119bb        0x1 00000000
 .rodata.str1.4
                0x000119bc        0x8 contiki-srf06-cc26xx.a(opt-3001-sensor)
 .rodata.opt_3001_sensor
                0x000119c4       0x10 contiki-srf06-cc26xx.a(opt-3001-sensor)
                0x000119c4                opt_3001_sensor
 .rodata.hdc_1000_sensor
                0x000119d4       0x10 contiki-srf06-cc26xx.a(hdc-1000-sensor)
                0x000119d4                hdc_1000_sensor
 .rodata.str1.4
                0x000119e4        0x8 contiki-srf06-cc26xx.a(hdc-1000-sensor)
 .rodata.mpu_9250_sensor
                0x000119ec       0x10 contiki-srf06-cc26xx.a(mpu-9250-sensor)
                0x000119ec                mpu_9250_sensor
 .rodata.str1.4
                0x000119fc        0x8 contiki-srf06-cc26xx.a(mpu-9250-sensor)
 .rodata.str1.4
                0x00011a04        0x7 contiki-srf06-cc26xx.a(button-sensor.o)
 *fill*         0x00011a0b        0x1 00000000
 .rodata.button_left_sensor
                0x00011a0c       0x10 contiki-srf06-cc26xx.a(button-sensor.o)
                0x00011a0c                button_left_sensor
 .rodata.button_right_sensor
                0x00011a1c       0x10 contiki-srf06-cc26xx.a(button-sensor.o)
                0x00011a1c                button_right_sensor
 .rodata.str1.4
                0x00011a2c        0x5 contiki-srf06-cc26xx.a(reed-relay.o)
 *fill*         0x00011a31        0x3 00000000
 .rodata.reed_relay_sensor
                0x00011a34       0x10 contiki-srf06-cc26xx.a(reed-relay.o)
                0x00011a34                reed_relay_sensor
 .rodata.output_power
                0x00011a44       0x68 contiki-srf06-cc26xx.a(ieee-mode.o)
 .rodata.ieee_mode_driver
                0x00011aac       0x38 contiki-srf06-cc26xx.a(ieee-mode.o)
                0x00011aac                ieee_mode_driver
 .rodata.mode_ieee
                0x00011ae4        0x8 contiki-srf06-cc26xx.a(ieee-mode.o)
 .rodata.str1.4
                0x00011aec       0x46 contiki-srf06-cc26xx.a(strformat.o)
 *fill*         0x00011b32        0x2 00000000
 .rodata.buffer.4019
                0x00011b34       0x10 contiki-srf06-cc26xx.a(strformat.o)
 .rodata.buffer.4028
                0x00011b44       0x10 contiki-srf06-cc26xx.a(strformat.o)
 .rodata.str1.4
                0x00011b54        0xf contiki-srf06-cc26xx.a(ctimer.o)
 *fill*         0x00011b63        0x1 00000000
 .rodata.str1.4
                0x00011b64        0xc contiki-srf06-cc26xx.a(etimer.o)
 .rodata.str1.4
                0x00011b70        0xe contiki-srf06-cc26xx.a(serial-line.o)
 *fill*         0x00011b7e        0x2 00000000
 .rodata        0x00011b80        0x2 contiki-srf06-cc26xx.a(sicslowpan.o)
 *fill*         0x00011b82        0x2 00000000
 .rodata.ttl_values
                0x00011b84        0x4 contiki-srf06-cc26xx.a(sicslowpan.o)
 .rodata.unc_llconf
                0x00011b88        0x4 contiki-srf06-cc26xx.a(sicslowpan.o)
                0x00011b88                unc_llconf
 .rodata.llprefix
                0x00011b8c        0x2 contiki-srf06-cc26xx.a(sicslowpan.o)
                0x00011b8c                llprefix
 *fill*         0x00011b8e        0x2 00000000
 .rodata.sicslowpan_driver
                0x00011b90        0xc contiki-srf06-cc26xx.a(sicslowpan.o)
                0x00011b90                sicslowpan_driver
 .rodata.unc_mxconf
                0x00011b9c        0x4 contiki-srf06-cc26xx.a(sicslowpan.o)
                0x00011b9c                unc_mxconf
 .rodata.unc_ctxconf
                0x00011ba0        0x4 contiki-srf06-cc26xx.a(sicslowpan.o)
                0x00011ba0                unc_ctxconf
 .rodata.str1.4
                0x00011ba4        0xb contiki-srf06-cc26xx.a(sicslowpan.o)
 *fill*         0x00011baf        0x1 00000000
 .rodata.local_suffix.6564
                0x00011bb0        0x6 contiki-srf06-cc26xx.a(resolv.o)
 *fill*         0x00011bb6        0x2 00000000
 .rodata.resolv_mdns_addr
                0x00011bb8       0x10 contiki-srf06-cc26xx.a(resolv.o)
 .rodata.nsec_record.6463
                0x00011bc8       0x12 contiki-srf06-cc26xx.a(resolv.o)
 *fill*         0x00011bda        0x2 00000000
 .rodata.str1.4
                0x00011bdc       0x29 contiki-srf06-cc26xx.a(resolv.o)
 *fill*         0x00011c05        0x3 00000000
 .rodata.str1.4
                0x00011c08        0xd contiki-srf06-cc26xx.a(tcpip.o)
 *fill*         0x00011c15        0x3 00000000
 .rodata.str1.4
                0x00011c18       0x41 contiki-srf06-cc26xx.a(uip-debug.o)
 *fill*         0x00011c59        0x3 00000000
 .rodata.linkaddr_null
                0x00011c5c        0x8 contiki-srf06-cc26xx.a(linkaddr.o)
                0x00011c5c                linkaddr_null
 .rodata.str1.4
                0x00011c64        0x5 contiki-srf06-cc26xx.a(csma.o)
 *fill*         0x00011c69        0x3 00000000
 .rodata.csma_driver
                0x00011c6c       0x1c contiki-srf06-cc26xx.a(csma.o)
                0x00011c6c                csma_driver
 .rodata.framer_802154
                0x00011c88        0xc contiki-srf06-cc26xx.a(framer-802154.o)
                0x00011c88                framer_802154
 .rodata.str1.4
                0x00011c94        0xb contiki-srf06-cc26xx.a(contikimac.o)
 *fill*         0x00011c9f        0x1 00000000
 .rodata.contikimac_driver
                0x00011ca0       0x20 contiki-srf06-cc26xx.a(contikimac.o)
                0x00011ca0                contikimac_driver
 .rodata.str1.4
                0x00011cc0        0x8 contiki-srf06-cc26xx.a(nullsec.o)
 .rodata.nullsec_driver
                0x00011cc8       0x10 contiki-srf06-cc26xx.a(nullsec.o)
                0x00011cc8                nullsec_driver
 .rodata        0x00011cd8        0x4 contiki-srf06-cc26xx.a(ext-flash.o)
 .rodata.str1.4
                0x00011cdc       0x46 contiki-srf06-cc26xx.a(rf-core.o)
 *fill*         0x00011d22        0x2 00000000
 .rodata.str1.4
                0x00011d24        0x4 /usr/bin/../lib/gcc/arm-none-eabi/4.9.3/../../../../arm-none-eabi/lib/armv7-m/libm.a(lib_a-w_pow.o)
 .rodata.str1.4
                0x00000000        0x4 /usr/bin/../lib/gcc/arm-none-eabi/4.9.3/../../../../arm-none-eabi/lib/armv7-m/libm.a(lib_a-e_pow.o)
                                  0x1 (size before relaxing)
 .rodata._ctype_
                0x00011d28      0x101 /usr/bin/../lib/gcc/arm-none-eabi/4.9.3/../../../../arm-none-eabi/lib/armv7-m/libc.a(lib_a-ctype_.o)
                0x00011d28                _ctype_
 *fill*         0x00011e29        0x3 00000000
 .rodata.str1.4
                0x00011e2c        0x4 /usr/bin/../lib/gcc/arm-none-eabi/4.9.3/../../../../arm-none-eabi/lib/armv7-m/libc.a(lib_a-impure.o)
                                  0x2 (size before relaxing)
                0x00011e30                _etext = .

.glue_7         0x00011e30        0x0
 .glue_7        0x00000000        0x0 linker stubs

.glue_7t        0x00011e30        0x0
 .glue_7t       0x00000000        0x0 linker stubs

.vfp11_veneer   0x00011e30        0x0
 .vfp11_veneer  0x00000000        0x0 linker stubs

.v4_bx          0x00011e30        0x0
 .v4_bx         0x00000000        0x0 linker stubs

.iplt           0x00011e30        0x0
 .iplt          0x00000000        0x0 obj_srf06-cc26xx/startup_gcc.o

.data           0x20000000      0x695 load address 0x00011e30
                0x20000000                _data = .
 *(SORT(vtable))
 *(SORT(.data*))
 .data.impure_data
                0x20000000      0x428 /usr/bin/../lib/gcc/arm-none-eabi/4.9.3/../../../../arm-none-eabi/lib/armv7-m/libc.a(lib_a-impure.o)
 .data.udp_server_process
                0x20000428       0x10 udp-server.co
                0x20000428                udp_server_process
 .data.sensors_process
                0x20000438       0x10 contiki-srf06-cc26xx.a(sensors.o)
                0x20000438                sensors_process
 .data.sensors  0x20000448       0x24 contiki-srf06-cc26xx.a(sensortag-senso)
                0x20000448                sensors
 .data.sensortag_module
                0x2000046c       0x14 contiki-srf06-cc26xx.a(board.o)
 .data.uart_module
                0x20000480       0x14 contiki-srf06-cc26xx.a(cc26xx-uart.o)
 .data.cc26xx_rf_lpm_module
                0x20000494       0x14 contiki-srf06-cc26xx.a(ieee-mode.o)
 .data.tx_power_current
                0x200004a8        0x4 contiki-srf06-cc26xx.a(ieee-mode.o)
                0x200004a8                tx_power_current
 .data.ieee_overrides
                0x200004ac       0x2c contiki-srf06-cc26xx.a(ieee-mode.o)
 .data.ctxt     0x200004d8        0x8 contiki-srf06-cc26xx.a(dbg-printf.o)
 .data.ctimer_process
                0x200004e0       0x10 contiki-srf06-cc26xx.a(ctimer.o)
                0x200004e0                ctimer_process
 .data.etimer_process
                0x200004f0       0x10 contiki-srf06-cc26xx.a(etimer.o)
                0x200004f0                etimer_process
 .data.serial_line_process
                0x20000500       0x10 contiki-srf06-cc26xx.a(serial-line.o)
                0x20000500                serial_line_process
 .data.ds6_neighbors
                0x20000510        0x4 contiki-srf06-cc26xx.a(uip-ds6-nbr.o)
                0x20000510                ds6_neighbors
 .data.ds6_neighbors_struct
                0x20000514       0x10 contiki-srf06-cc26xx.a(uip-ds6-nbr.o)
 .data.defaultroutermemb
                0x20000524        0xc contiki-srf06-cc26xx.a(uip-ds6-route.o)
 .data.nbr_routes_struct
                0x20000530       0x10 contiki-srf06-cc26xx.a(uip-ds6-route.o)
 .data.nbr_routes
                0x20000540        0x4 contiki-srf06-cc26xx.a(uip-ds6-route.o)
                0x20000540                nbr_routes
 .data.routememb
                0x20000544        0xc contiki-srf06-cc26xx.a(uip-ds6-route.o)
 .data.neighborroutememb
                0x20000550        0xc contiki-srf06-cc26xx.a(uip-ds6-route.o)
 .data.echo_request_handler
                0x2000055c        0xc contiki-srf06-cc26xx.a(uip-icmp6.o)
 .data.echo_reply_handler
                0x20000568        0xc contiki-srf06-cc26xx.a(uip-icmp6.o)
 .data.ns_input_handler
                0x20000574        0xc contiki-srf06-cc26xx.a(uip-nd6.o)
 .data.na_input_handler
                0x20000580        0xc contiki-srf06-cc26xx.a(uip-nd6.o)
 .data.mdns_probe_process
                0x2000058c       0x10 contiki-srf06-cc26xx.a(resolv.o)
                0x2000058c                mdns_probe_process
 .data.resolv_process
                0x2000059c       0x10 contiki-srf06-cc26xx.a(resolv.o)
                0x2000059c                resolv_process
 .data.tcpip_process
                0x200005ac       0x10 contiki-srf06-cc26xx.a(tcpip.o)
                0x200005ac                tcpip_process
 .data.rpl_parents
                0x200005bc        0x4 contiki-srf06-cc26xx.a(rpl-dag.o)
                0x200005bc                rpl_parents
 .data.rpl_parents_struct
                0x200005c0       0x10 contiki-srf06-cc26xx.a(rpl-dag.o)
 .data.dao_ack_handler
                0x200005d0        0xc contiki-srf06-cc26xx.a(rpl-icmp6.o)
 .data.dis_handler
                0x200005dc        0xc contiki-srf06-cc26xx.a(rpl-icmp6.o)
 .data.dao_handler
                0x200005e8        0xc contiki-srf06-cc26xx.a(rpl-icmp6.o)
 .data.dio_handler
                0x200005f4        0xc contiki-srf06-cc26xx.a(rpl-icmp6.o)
 .data.rpl_mrhof
                0x20000600       0x1c contiki-srf06-cc26xx.a(rpl-mrhof.o)
                0x20000600                rpl_mrhof
 .data.neighbor_addr_mem
                0x2000061c        0xc contiki-srf06-cc26xx.a(nbr-table.o)
 .data.bufmem   0x20000628        0xc contiki-srf06-cc26xx.a(queuebuf.o)
 .data.buframmem
                0x20000634        0xc contiki-srf06-cc26xx.a(queuebuf.o)
 .data.metadata_memb
                0x20000640        0xc contiki-srf06-cc26xx.a(csma.o)
 .data.neighbor_memb
                0x2000064c        0xc contiki-srf06-cc26xx.a(csma.o)
 .data.packet_memb
                0x20000658        0xc contiki-srf06-cc26xx.a(csma.o)
 .data.buzzer_module
                0x20000664       0x14 contiki-srf06-cc26xx.a(buzzer.o)
 .data.rf_core_process
                0x20000678       0x10 contiki-srf06-cc26xx.a(rf-core.o)