Archive member included because of file (symbol)

contiki-srf06-cc26xx.a(contiki-main.o)
                              obj_srf06-cc26xx/startup_gcc.o (main)
contiki-srf06-cc26xx.a(sensors.o)
                              contiki-srf06-cc26xx.a(contiki-main.o) (sensors_process)
contiki-srf06-cc26xx.a(leds.o)
                              contiki-srf06-cc26xx.a(contiki-main.o) (leds_init)
contiki-srf06-cc26xx.a(leds-arch.o)
                              contiki-srf06-cc26xx.a(leds.o) (leds_arch_init)
contiki-srf06-cc26xx.a(sensortag-senso)
                              contiki-srf06-cc26xx.a(sensors.o) (sensors_flags)
contiki-srf06-cc26xx.a(bmp-280-sensor.)
                              contiki-srf06-cc26xx.a(sensortag-senso) (bmp_280_sensor)
contiki-srf06-cc26xx.a(tmp-007-sensor.)
                              contiki-srf06-cc26xx.a(sensortag-senso) (tmp_007_sensor)
contiki-srf06-cc26xx.a(opt-3001-sensor)
                              contiki-srf06-cc26xx.a(sensortag-senso) (opt_3001_sensor)
contiki-srf06-cc26xx.a(hdc-1000-sensor)
                              contiki-srf06-cc26xx.a(sensortag-senso) (hdc_1000_sensor)
contiki-srf06-cc26xx.a(mpu-9250-sensor)
                              contiki-srf06-cc26xx.a(sensortag-senso) (mpu_9250_sensor)
contiki-srf06-cc26xx.a(button-sensor.o)
                              contiki-srf06-cc26xx.a(sensortag-senso) (button_right_sensor)
contiki-srf06-cc26xx.a(reed-relay.o)
                              contiki-srf06-cc26xx.a(sensortag-senso) (reed_relay_sensor)
contiki-srf06-cc26xx.a(buzzer.o)
                              broading_listening.co (buzzer_start)
contiki-srf06-cc26xx.a(board.o)
                              contiki-srf06-cc26xx.a(contiki-main.o) (board_init)
contiki-srf06-cc26xx.a(board-i2c.o)
                              contiki-srf06-cc26xx.a(board.o) (board_i2c_wakeup)
contiki-srf06-cc26xx.a(clock.o)
                              contiki-srf06-cc26xx.a(contiki-main.o) (clock_init)
contiki-srf06-cc26xx.a(rtimer-arch.o)
                              contiki-srf06-cc26xx.a(mpu-9250-sensor) (rtimer_arch_now)
contiki-srf06-cc26xx.a(soc-rtc.o)
                              contiki-srf06-cc26xx.a(contiki-main.o) (soc_rtc_init)
contiki-srf06-cc26xx.a(contiki-watchdo)
                              contiki-srf06-cc26xx.a(contiki-main.o) (watchdog_init)
contiki-srf06-cc26xx.a(putchar.o)
                              contiki-srf06-cc26xx.a(contiki-main.o) (putchar)
contiki-srf06-cc26xx.a(ieee-addr.o)
                              contiki-srf06-cc26xx.a(contiki-main.o) (ieee_addr_cpy_to)
contiki-srf06-cc26xx.a(cc26xx-uart.o)
                              contiki-srf06-cc26xx.a(contiki-main.o) (cc26xx_uart_init)
contiki-srf06-cc26xx.a(lpm.o)
                              contiki-srf06-cc26xx.a(button-sensor.o) (lpm_shutdown)
contiki-srf06-cc26xx.a(gpio-interrupt.)
                              contiki-srf06-cc26xx.a(button-sensor.o) (gpio_interrupt_register_handler)
contiki-srf06-cc26xx.a(oscillators.o)
                              contiki-srf06-cc26xx.a(contiki-main.o) (oscillators_select_lf_xosc)
contiki-srf06-cc26xx.a(ieee-mode.o)
                              broading_listening.co (ieee_mode_driver)
contiki-srf06-cc26xx.a(dbg-printf.o)
                              broading_listening.co (printf)
contiki-srf06-cc26xx.a(dbg-sprintf.o)
                              broading_listening.co (sprintf)
contiki-srf06-cc26xx.a(strformat.o)
                              contiki-srf06-cc26xx.a(dbg-printf.o) (format_str_v)
contiki-srf06-cc26xx.a(autostart.o)
                              contiki-srf06-cc26xx.a(contiki-main.o) (autostart_start)
contiki-srf06-cc26xx.a(ctimer.o)
                              contiki-srf06-cc26xx.a(contiki-main.o) (ctimer_init)
contiki-srf06-cc26xx.a(energest.o)
                              contiki-srf06-cc26xx.a(contiki-main.o) (energest_init)
contiki-srf06-cc26xx.a(etimer.o)
                              contiki-srf06-cc26xx.a(clock.o) (etimer_request_poll)
contiki-srf06-cc26xx.a(process.o)
                              contiki-srf06-cc26xx.a(sensors.o) (process_alloc_event)
contiki-srf06-cc26xx.a(rtimer.o)
                              contiki-srf06-cc26xx.a(contiki-main.o) (rtimer_init)
contiki-srf06-cc26xx.a(timer.o)
                              contiki-srf06-cc26xx.a(button-sensor.o) (timer_set)
contiki-srf06-cc26xx.a(serial-line.o)
                              contiki-srf06-cc26xx.a(contiki-main.o) (serial_line_init)
contiki-srf06-cc26xx.a(list.o)
                              contiki-srf06-cc26xx.a(lpm.o) (list_init)
contiki-srf06-cc26xx.a(random.o)
                              contiki-srf06-cc26xx.a(contiki-main.o) (random_init)
contiki-srf06-cc26xx.a(ringbuf.o)
                              contiki-srf06-cc26xx.a(serial-line.o) (ringbuf_init)
contiki-srf06-cc26xx.a(sicslowpan.o)
                              contiki-srf06-cc26xx.a(contiki-main.o) (sicslowpan_driver)
contiki-srf06-cc26xx.a(uip6.o)
[...]
Memory Configuration

Name             Origin             Length             Attributes
FLASH            0x00000000         0x0001ffa8         xr
FLASH_CCFG       0x0001ffa8         0x00000058         xr
SRAM             0x20000000         0x00005000         xrw
GPRAM            0x11000000         0x00002000         xrw
*default*        0x00000000         0xffffffff

Linker script and memory map

LOAD obj_srf06-cc26xx/fault-handlers.o
LOAD obj_srf06-cc26xx/ccfg.o
LOAD obj_srf06-cc26xx/startup_gcc.o
LOAD broading_listening.co
LOAD contiki-srf06-cc26xx.a
LOAD /usr/bin/../lib/gcc/arm-none-eabi/4.9.3/../../../../arm-none-eabi/lib/armv7-m/libm.a
START GROUP
LOAD /usr/bin/../lib/gcc/arm-none-eabi/4.9.3/armv7-m/libgcc.a
LOAD /usr/bin/../lib/gcc/arm-none-eabi/4.9.3/../../../../arm-none-eabi/lib/armv7-m/libc.a
END GROUP
                0x20005000                _estack = (ORIGIN (SRAM) + 0x5000)
                0x00000000                _Min_Heap_Size = 0x0
                0x00000100                _Min_Stack_Size = 0x100

.text           0x00000000    0x10dd9
                0x00000000                _text = .
 *(SORT(.vectors))
 .vectors       0x00000000       0xc8 obj_srf06-cc26xx/startup_gcc.o
                0x00000000                gVectors
 *(SORT(.text*))
 .text.value    0x000000c8       0xb0 contiki-srf06-cc26xx.a(opt-3001-sensor)
 .text.value    0x00000178       0x9c contiki-srf06-cc26xx.a(hdc-1000-sensor)
 *fill*         0x00000214        0x4 00000000
 .text.value    0x00000218      0x1b4 contiki-srf06-cc26xx.a(mpu-9250-sensor)
 *fill*         0x000003cc        0x4 00000000
 .text.exp      0x000003d0       0xf8 /usr/bin/../lib/gcc/arm-none-eabi/4.9.3/../../../../arm-none-eabi/lib/armv7-m/libm.a(lib_a-w_exp.o)
                0x000003d0                exp
 .text.__ieee754_exp
                0x000004c8      0x2ec /usr/bin/../lib/gcc/arm-none-eabi/4.9.3/../../../../arm-none-eabi/lib/armv7-m/libm.a(lib_a-e_exp.o)
                0x000004c8                __ieee754_exp
 *fill*         0x000007b4        0x4 00000000
 .text.__ieee754_pow
                0x000007b8      0xaa0 /usr/bin/../lib/gcc/arm-none-eabi/4.9.3/../../../../arm-none-eabi/lib/armv7-m/libm.a(lib_a-e_pow.o)
                0x000007b8                __ieee754_pow
 .text.scalbn   0x00001258       0xec /usr/bin/../lib/gcc/arm-none-eabi/4.9.3/../../../../arm-none-eabi/lib/armv7-m/libm.a(lib_a-s_scalbn.o)
                0x00001258                scalbn
 .text.FaultISR
                0x00001344       0x18 obj_srf06-cc26xx/fault-handlers.o
                0x00001344                FaultISR
 .text.NmiSRHandler
                0x0000135c        0x4 obj_srf06-cc26xx/startup_gcc.o
                0x0000135c                NmiSR
 .text.IntDefaultHandler
                0x00001360        0x4 obj_srf06-cc26xx/startup_gcc.o
                0x00001360                TRNGIntHandler
                0x00001360                SSI0IntHandler
                0x00001360                SWEvent0IntHandler
                0x00001360                uDMAIntHandler
                0x00001360                WatchdogIntHandler
                0x00001360                RFCHardwareIntHandler
                0x00001360                Timer1BIntHandler
                0x00001360                I2SIntHandler
                0x00001360                Timer2BIntHandler
                0x00001360                Timer2AIntHandler
                0x00001360                Timer1AIntHandler
                0x00001360                AONIntHandler
                0x00001360                AUXSWEvent0IntHandler
                0x00001360                AUXADCIntHandler
                0x00001360                PendSVIntHandler
                0x00001360                AUXSWEvent1IntHandler
                0x00001360                SVCallIntHandler
                0x00001360                MPUFaultIntHandler
                0x00001360                SysTickIntHandler
                0x00001360                BusFaultIntHandler
                0x00001360                AONProgIntHandler
                0x00001360                AUXCompAIntHandler
                0x00001360                SSI1IntHandler
                0x00001360                FlashIntHandler
                0x00001360                uDMAErrIntHandler
                0x00001360                UsageFaultIntHandler
                0x00001360                RFCCmdAckIntHandler
                0x00001360                CryptoIntHandler
                0x00001360                Timer0AIntHandler
                0x00001360                I2CIntHandler
                0x00001360                DebugMonIntHandler
                0x00001360                Timer0BIntHandler
                0x00001360                AUXCombEventIntHandler
                0x00001360                Timer3AIntHandler
                0x00001360                DynProgIntHandler
                0x00001360                Timer3BIntHandler
 .text.ResetISR
                0x00001364       0x5c obj_srf06-cc26xx/startup_gcc.o
                0x00001364                ResetISR
 .text.process_thread_zigphy_rx_process
                0x000013c0      0x284 broading_listening.co
 .text.fade     0x00001644       0x64 contiki-srf06-cc26xx.a(contiki-main.o)
 .text.startup.main
                0x000016a8      0x1ec contiki-srf06-cc26xx.a(contiki-main.o)
                0x000016a8                main
 .text.process_thread_sensors_process
                0x00001894       0xf8 contiki-srf06-cc26xx.a(sensors.o)
 .text.sensors_changed
                0x0000198c       0x50 contiki-srf06-cc26xx.a(sensors.o)
                0x0000198c                sensors_changed
 .text.leds_init
                0x000019dc       0x14 contiki-srf06-cc26xx.a(leds.o)
                0x000019dc                leds_init
 .text.leds_on  0x000019f0       0x14 contiki-srf06-cc26xx.a(leds.o)
                0x000019f0                leds_on
 .text.leds_off
                0x00001a04       0x14 contiki-srf06-cc26xx.a(leds.o)
                0x00001a04                leds_off
 .text.leds_arch_init
                0x00001a18       0x38 contiki-srf06-cc26xx.a(leds-arch.o)
                0x00001a18                leds_arch_init
 .text.leds_arch_set
                0x00001a50       0x34 contiki-srf06-cc26xx.a(leds-arch.o)
                0x00001a50                leds_arch_set
 .text.status   0x00001a84       0x14 contiki-srf06-cc26xx.a(bmp-280-sensor.)
 .text.notify_ready
                0x00001a98       0x14 contiki-srf06-cc26xx.a(bmp-280-sensor.)
 .text.enable_sensor
                0x00001aac       0x2c contiki-srf06-cc26xx.a(bmp-280-sensor.)
 .text.configure
                0x00001ad8       0x94 contiki-srf06-cc26xx.a(bmp-280-sensor.)
 .text.value    0x00001b6c      0x15c contiki-srf06-cc26xx.a(bmp-280-sensor.)
 .text.status   0x00001cc8       0x14 contiki-srf06-cc26xx.a(tmp-007-sensor.)
 .text.notify_ready
                0x00001cdc       0x14 contiki-srf06-cc26xx.a(tmp-007-sensor.)
 .text.enable_sensor
                0x00001cf0       0x2c contiki-srf06-cc26xx.a(tmp-007-sensor.)
 .text.configure
                0x00001d1c       0x94 contiki-srf06-cc26xx.a(tmp-007-sensor.)
 .text.value    0x00001db0       0xec contiki-srf06-cc26xx.a(tmp-007-sensor.)
 .text.status   0x00001e9c        0xc contiki-srf06-cc26xx.a(opt-3001-sensor)
 .text.enable_sensor
                0x00001ea8       0x44 contiki-srf06-cc26xx.a(opt-3001-sensor)
 .text.notify_ready
                0x00001eec       0x54 contiki-srf06-cc26xx.a(opt-3001-sensor)
 .text.configure
                0x00001f40       0x4c contiki-srf06-cc26xx.a(opt-3001-sensor)
 .text.status   0x00001f8c       0x14 contiki-srf06-cc26xx.a(hdc-1000-sensor)
 .text.notify_ready
                0x00001fa0       0x60 contiki-srf06-cc26xx.a(hdc-1000-sensor)
 .text.configure
                0x00002000       0xb8 contiki-srf06-cc26xx.a(hdc-1000-sensor)
 .text.acc_convert
                0x000020b8       0x70 contiki-srf06-cc26xx.a(mpu-9250-sensor)
 .text.status   0x00002128       0x14 contiki-srf06-cc26xx.a(mpu-9250-sensor)
 .text.notify_ready
                0x0000213c       0x14 contiki-srf06-cc26xx.a(mpu-9250-sensor)
 .text.sensor_sleep
                0x00002150       0x38 contiki-srf06-cc26xx.a(mpu-9250-sensor)
 .text.configure
                0x00002188       0xdc contiki-srf06-cc26xx.a(mpu-9250-sensor)
 .text.int_status
                0x00002264       0x28 contiki-srf06-cc26xx.a(mpu-9250-sensor)
 .text.initialise
                0x0000228c       0xfc contiki-srf06-cc26xx.a(mpu-9250-sensor)
 .text.status.part.0
                0x00002388       0x14 contiki-srf06-cc26xx.a(button-sensor.o)
 .text.value_left
                0x0000239c       0x24 contiki-srf06-cc26xx.a(button-sensor.o)
 .text.value_right
                0x000023c0       0x18 contiki-srf06-cc26xx.a(button-sensor.o)
 .text.status_left
                0x000023d8       0x10 contiki-srf06-cc26xx.a(button-sensor.o)
 .text.status_right
                0x000023e8       0x10 contiki-srf06-cc26xx.a(button-sensor.o)
 .text.config_buttons
                0x000023f8       0x8c contiki-srf06-cc26xx.a(button-sensor.o)
 .text.config_left
                0x00002484        0xc contiki-srf06-cc26xx.a(button-sensor.o)
 .text.config_right
                0x00002490        0xc contiki-srf06-cc26xx.a(button-sensor.o)
 .text.button_press_handler
                0x0000249c       0x64 contiki-srf06-cc26xx.a(button-sensor.o)
 .text.value    0x00002500       0x10 contiki-srf06-cc26xx.a(reed-relay.o)
 .text.status   0x00002510       0x20 contiki-srf06-cc26xx.a(reed-relay.o)
 .text.configure
                0x00002530       0x6c contiki-srf06-cc26xx.a(reed-relay.o)
 .text.reed_interrupt_handler
                0x0000259c       0x28 contiki-srf06-cc26xx.a(reed-relay.o)
 .text.buzzer_init
                0x000025c4        0xc contiki-srf06-cc26xx.a(buzzer.o)
                0x000025c4                buzzer_init
 .text.buzzer_start
                0x000025d0       0xa4 contiki-srf06-cc26xx.a(buzzer.o)
                0x000025d0                buzzer_start
 .text.buzzer_stop
                0x00002674       0x74 contiki-srf06-cc26xx.a(buzzer.o)
                0x00002674                buzzer_stop
 .text.power_domains_on
                0x000026e8       0x20 contiki-srf06-cc26xx.a(board.o)
 .text.lpm_wakeup_handler
                0x00002708        0x4 contiki-srf06-cc26xx.a(board.o)
 .text.shutdown_handler
                0x0000270c       0x68 contiki-srf06-cc26xx.a(board.o)
 .text.board_init
                0x00002774      0x118 contiki-srf06-cc26xx.a(board.o)
                0x00002774                board_init
 .text.i2c_status
                0x0000288c       0x34 contiki-srf06-cc26xx.a(board-i2c.o)
 .text.accessible
                0x000028c0       0x24 contiki-srf06-cc26xx.a(board-i2c.o)
 .text.board_i2c_wakeup
                0x000028e4       0x5c contiki-srf06-cc26xx.a(board-i2c.o)
                0x000028e4                board_i2c_wakeup
 .text.board_i2c_shutdown
                0x00002940       0xa4 contiki-srf06-cc26xx.a(board-i2c.o)
                0x00002940                board_i2c_shutdown
 .text.board_i2c_write
                0x000029e4       0xc0 contiki-srf06-cc26xx.a(board-i2c.o)
                0x000029e4                board_i2c_write
 .text.board_i2c_write_single
                0x00002aa4       0x44 contiki-srf06-cc26xx.a(board-i2c.o)
                0x00002aa4                board_i2c_write_single
 .text.board_i2c_read
                0x00002ae8       0xb4 contiki-srf06-cc26xx.a(board-i2c.o)
                0x00002ae8                board_i2c_read
 .text.board_i2c_write_read
                0x00002b9c      0x138 contiki-srf06-cc26xx.a(board-i2c.o)
                0x00002b9c                board_i2c_write_read
 .text.board_i2c_select
                0x00002cd4       0xdc contiki-srf06-cc26xx.a(board-i2c.o)
                0x00002cd4                board_i2c_select
 .text.power_domain_on
                0x00002db0       0x20 contiki-srf06-cc26xx.a(clock.o)
 .text.clock_init
                0x00002dd0       0x90 contiki-srf06-cc26xx.a(clock.o)
                0x00002dd0                clock_init
 .text.clock_time
                0x00002e60       0x34 contiki-srf06-cc26xx.a(clock.o)
                0x00002e60                clock_time
 .text.clock_update
                0x00002e94       0x3c contiki-srf06-cc26xx.a(clock.o)
                0x00002e94                clock_update
 .text.clock_seconds
                0x00002ed0       0x18 contiki-srf06-cc26xx.a(clock.o)
                0x00002ed0                clock_seconds
 .text.rtimer_arch_init
                0x00002ee8        0x4 contiki-srf06-cc26xx.a(rtimer-arch.o)
                0x00002ee8                rtimer_arch_init
 .text.rtimer_arch_schedule
                0x00002eec        0x8 contiki-srf06-cc26xx.a(rtimer-arch.o)
                0x00002eec                rtimer_arch_schedule
 .text.rtimer_arch_now
                0x00002ef4        0x4 contiki-srf06-cc26xx.a(rtimer-arch.o)
                0x00002ef4                rtimer_arch_now
 .text.soc_rtc_init
                0x00002ef8       0x94 contiki-srf06-cc26xx.a(soc-rtc.o)
                0x00002ef8                soc_rtc_init
 .text.soc_rtc_get_next_trigger
                0x00002f8c       0x28 contiki-srf06-cc26xx.a(soc-rtc.o)
                0x00002f8c                soc_rtc_get_next_trigger
 .text.soc_rtc_schedule_one_shot
                0x00002fb4       0x4c contiki-srf06-cc26xx.a(soc-rtc.o)
                0x00002fb4                soc_rtc_schedule_one_shot
 .text.soc_rtc_last_isr_time
                0x00003000        0xc contiki-srf06-cc26xx.a(soc-rtc.o)
                0x00003000                soc_rtc_last_isr_time
 .text.AONRTCIntHandler
                0x0000300c       0x68 contiki-srf06-cc26xx.a(soc-rtc.o)
                0x0000300c                AONRTCIntHandler
 .text.lock_config
                0x00003074       0x18 contiki-srf06-cc26xx.a(contiki-watchdo)
 .text.unlock_config
                0x0000308c       0x2c contiki-srf06-cc26xx.a(contiki-watchdo)
 .text.watchdog_init
                0x000030b8       0x1c contiki-srf06-cc26xx.a(contiki-watchdo)
                0x000030b8                watchdog_init
 .text.watchdog_start
                0x000030d4       0x30 contiki-srf06-cc26xx.a(contiki-watchdo)
                0x000030d4                watchdog_start
 .text.watchdog_periodic
                0x00003104       0x1c contiki-srf06-cc26xx.a(contiki-watchdo)
                0x00003104                watchdog_periodic
 .text.watchdog_stop
                0x00003120       0x18 contiki-srf06-cc26xx.a(contiki-watchdo)
                0x00003120                watchdog_stop
 .text.putchar  0x00003138       0x10 contiki-srf06-cc26xx.a(putchar.o)
                0x00003138                putchar
 .text.puts     0x00003148       0x30 contiki-srf06-cc26xx.a(putchar.o)
                0x00003148                puts
 .text.dbg_send_bytes
                0x00003178       0x40 contiki-srf06-cc26xx.a(putchar.o)
                0x00003178                dbg_send_bytes
 .text.ieee_addr_cpy_to
                0x000031b8       0x40 contiki-srf06-cc26xx.a(ieee-addr.o)
                0x000031b8                ieee_addr_cpy_to
 .text.power_and_clock
                0x000031f8       0x40 contiki-srf06-cc26xx.a(cc26xx-uart.o)
 .text.enable   0x00003238       0xf4 contiki-srf06-cc26xx.a(cc26xx-uart.o)
 .text.accessible
                0x0000332c       0x24 contiki-srf06-cc26xx.a(cc26xx-uart.o)
 .text.lpm_drop_handler
                0x00003350       0xcc contiki-srf06-cc26xx.a(cc26xx-uart.o)
 .text.cc26xx_uart_init
                0x0000341c       0x28 contiki-srf06-cc26xx.a(cc26xx-uart.o)
                0x0000341c                cc26xx_uart_init
 .text.cc26xx_uart_write_byte
                0x00003444       0x28 contiki-srf06-cc26xx.a(cc26xx-uart.o)
                0x00003444                cc26xx_uart_write_byte
 .text.cc26xx_uart_busy
                0x0000346c       0x18 contiki-srf06-cc26xx.a(cc26xx-uart.o)
                0x0000346c                cc26xx_uart_busy
 .text.UART0IntHandler
                0x00003484       0x54 contiki-srf06-cc26xx.a(cc26xx-uart.o)
                0x00003484                UART0IntHandler
 .text.lpm_shutdown
                0x000034d8      0x1b8 contiki-srf06-cc26xx.a(lpm.o)
                0x000034d8                lpm_shutdown
 .text.lpm_drop
                0x00003690      0x1fc contiki-srf06-cc26xx.a(lpm.o)
                0x00003690                lpm_drop
 .text.lpm_sleep
                0x0000388c       0x14 contiki-srf06-cc26xx.a(lpm.o)
                0x0000388c                lpm_sleep
 .text.lpm_register_module
                0x000038a0        0xc contiki-srf06-cc26xx.a(lpm.o)
                0x000038a0                lpm_register_module
 .text.lpm_unregister_module
                0x000038ac        0xc contiki-srf06-cc26xx.a(lpm.o)
                0x000038ac                lpm_unregister_module
 .text.lpm_init
                0x000038b8       0x20 contiki-srf06-cc26xx.a(lpm.o)
                0x000038b8                lpm_init
 .text.lpm_pin_set_default_state
                0x000038d8       0x30 contiki-srf06-cc26xx.a(lpm.o)
                0x000038d8                lpm_pin_set_default_state
 .text.gpio_interrupt_register_handler
                0x00003908       0x2c contiki-srf06-cc26xx.a(gpio-interrupt.)
                0x00003908                gpio_interrupt_register_handler
 .text.gpio_interrupt_init
                0x00003934       0x24 contiki-srf06-cc26xx.a(gpio-interrupt.)
                0x00003934                gpio_interrupt_init
 .text.GPIOIntHandler
                0x00003958       0x30 contiki-srf06-cc26xx.a(gpio-interrupt.)
                0x00003958                GPIOIntHandler
 .text.osc_interface_dis
                0x00003988       0x28 contiki-srf06-cc26xx.a(oscillators.o)
 .text.osc_interface_en
                0x000039b0       0x30 contiki-srf06-cc26xx.a(oscillators.o)
 .text.oscillators_select_lf_xosc
                0x000039e0       0x48 contiki-srf06-cc26xx.a(oscillators.o)
                0x000039e0                oscillators_select_lf_xosc
 .text.oscillators_select_lf_rcosc
                0x00003a28       0x30 contiki-srf06-cc26xx.a(oscillators.o)
                0x00003a28                oscillators_select_lf_rcosc
 .text.oscillators_request_hf_xosc
                0x00003a58       0x24 contiki-srf06-cc26xx.a(oscillators.o)
                0x00003a58                oscillators_request_hf_xosc
 .text.oscillators_switch_to_hf_xosc
                0x00003a7c       0x28 contiki-srf06-cc26xx.a(oscillators.o)
                0x00003a7c                oscillators_switch_to_hf_xosc
 .text.oscillators_switch_to_hf_rc
                0x00003aa4       0x2c contiki-srf06-cc26xx.a(oscillators.o)
                0x00003aa4                oscillators_switch_to_hf_rc
 .text.request  0x00003ad0       0x20 contiki-srf06-cc26xx.a(ieee-mode.o)
 .text.rx_on    0x00003af0       0x60 contiki-srf06-cc26xx.a(ieee-mode.o)
 .text.rf_radio_setup
                0x00003b50       0x74 contiki-srf06-cc26xx.a(ieee-mode.o)
 .text.soft_on  0x00003bc4       0x18 contiki-srf06-cc26xx.a(ieee-mode.o)
 .text.pending_packet
                0x00003bdc       0x34 contiki-srf06-cc26xx.a(ieee-mode.o)
 .text.prepare  0x00003c10       0x1c contiki-srf06-cc26xx.a(ieee-mode.o)
 .text.read_frame
                0x00003c2c       0x58 contiki-srf06-cc26xx.a(ieee-mode.o)
 .text.soft_off
                0x00003c84       0x3c contiki-srf06-cc26xx.a(ieee-mode.o)
 .text.get_object
                0x00003cc0       0x30 contiki-srf06-cc26xx.a(ieee-mode.o)
 .text.transmitting
                0x00003cf0       0x4c contiki-srf06-cc26xx.a(ieee-mode.o)
 .text.rx_off   0x00003d3c       0x5c contiki-srf06-cc26xx.a(ieee-mode.o)
 .text.get_cca_info
                0x00003d98       0x44 contiki-srf06-cc26xx.a(ieee-mode.o)
 .text.off      0x00003ddc       0x4c contiki-srf06-cc26xx.a(ieee-mode.o)
 .text.receiving_packet
                0x00003e28       0x40 contiki-srf06-cc26xx.a(ieee-mode.o)
 .text.on       0x00003e68       0x9c contiki-srf06-cc26xx.a(ieee-mode.o)
 .text.set_value
                0x00003f04      0x158 contiki-srf06-cc26xx.a(ieee-mode.o)
 .text.get_value
                0x0000405c      0x138 contiki-srf06-cc26xx.a(ieee-mode.o)
 .text.transmit
                0x00004194       0xbc contiki-srf06-cc26xx.a(ieee-mode.o)
 .text.send     0x00004250       0x24 contiki-srf06-cc26xx.a(ieee-mode.o)
 .text.set_object
                0x00004274       0x68 contiki-srf06-cc26xx.a(ieee-mode.o)
 .text.channel_clear
                0x000042dc       0x68 contiki-srf06-cc26xx.a(ieee-mode.o)
 .text.init     0x00004344       0xe0 contiki-srf06-cc26xx.a(ieee-mode.o)
 .text.write_str
                0x00004424       0x14 contiki-srf06-cc26xx.a(dbg-printf.o)
 .text.printf   0x00004438       0x24 contiki-srf06-cc26xx.a(dbg-printf.o)
                0x00004438                printf
 .text.buffer_str
                0x0000445c       0x18 contiki-srf06-cc26xx.a(dbg-sprintf.o)
 .text.sprintf  0x00004474       0x34 contiki-srf06-cc26xx.a(dbg-sprintf.o)
                0x00004474                sprintf
 .text.fill_space
                0x000044a8       0x3c contiki-srf06-cc26xx.a(strformat.o)
 .text.format_str_v
                0x000044e4      0x95c contiki-srf06-cc26xx.a(strformat.o)
                0x000044e4                format_str_v
 .text.autostart_start
                0x00004e40       0x18 contiki-srf06-cc26xx.a(autostart.o)
                0x00004e40                autostart_start
 .text.process_thread_ctimer_process
                0x00004e58       0x94 contiki-srf06-cc26xx.a(ctimer.o)
 .text.ctimer_init
                0x00004eec       0x28 contiki-srf06-cc26xx.a(ctimer.o)
                0x00004eec                ctimer_init
 .text.ctimer_set_with_process
                0x00004f14       0x4c contiki-srf06-cc26xx.a(ctimer.o)
                0x00004f14                ctimer_set_with_process
 .text.ctimer_set
                0x00004f60       0x18 contiki-srf06-cc26xx.a(ctimer.o)
                0x00004f60                ctimer_set
 .text.ctimer_reset
                0x00004f78       0x38 contiki-srf06-cc26xx.a(ctimer.o)
                0x00004f78                ctimer_reset
 .text.ctimer_stop
                0x00004fb0       0x34 contiki-srf06-cc26xx.a(ctimer.o)
                0x00004fb0                ctimer_stop
 .text.energest_init
                0x00004fe4        0x4 contiki-srf06-cc26xx.a(energest.o)
                0x00004fe4                energest_init
 .text.update_time
                0x00004fe8       0x44 contiki-srf06-cc26xx.a(etimer.o)
 .text.process_thread_etimer_process
                0x0000502c       0xc8 contiki-srf06-cc26xx.a(etimer.o)
 .text.add_timer
                0x000050f4       0x54 contiki-srf06-cc26xx.a(etimer.o)
 .text.etimer_request_poll
                0x00005148        0xc contiki-srf06-cc26xx.a(etimer.o)
                0x00005148                etimer_request_poll
 .text.etimer_set
                0x00005154       0x14 contiki-srf06-cc26xx.a(etimer.o)
                0x00005154                etimer_set
 .text.etimer_reset
                0x00005168       0x14 contiki-srf06-cc26xx.a(etimer.o)
                0x00005168                etimer_reset
 .text.etimer_restart
                0x0000517c       0x14 contiki-srf06-cc26xx.a(etimer.o)
                0x0000517c                etimer_restart
 .text.etimer_expired
                0x00005190        0xc contiki-srf06-cc26xx.a(etimer.o)
                0x00005190                etimer_expired
 .text.etimer_expiration_time
                0x0000519c        0x8 contiki-srf06-cc26xx.a(etimer.o)
                0x0000519c                etimer_expiration_time
 .text.etimer_pending
                0x000051a4       0x10 contiki-srf06-cc26xx.a(etimer.o)
                0x000051a4                etimer_pending
 .text.etimer_next_expiration_time
                0x000051b4       0x14 contiki-srf06-cc26xx.a(etimer.o)
                0x000051b4                etimer_next_expiration_time
 .text.etimer_stop
                0x000051c8       0x4c contiki-srf06-cc26xx.a(etimer.o)
                0x000051c8                etimer_stop
 .text.exit_process
                0x00005214       0xb0 contiki-srf06-cc26xx.a(process.o)
 .text.call_process.part.0
                0x000052c4       0x38 contiki-srf06-cc26xx.a(process.o)
 .text.do_poll  0x000052fc       0x3c contiki-srf06-cc26xx.a(process.o)
 .text.process_alloc_event
                0x00005338       0x10 contiki-srf06-cc26xx.a(process.o)
                0x00005338                process_alloc_event
 .text.process_init
                0x00005348       0x34 contiki-srf06-cc26xx.a(process.o)
                0x00005348                process_init
 .text.process_run
                0x0000537c       0xd8 contiki-srf06-cc26xx.a(process.o)
                0x0000537c                process_run
 .text.process_nevents
                0x00005454       0x14 contiki-srf06-cc26xx.a(process.o)
                0x00005454                process_nevents
 .text.process_post
                0x00005468       0x50 contiki-srf06-cc26xx.a(process.o)
                0x00005468                process_post
 .text.process_post_synch
                0x000054b8       0x18 contiki-srf06-cc26xx.a(process.o)
                0x000054b8                process_post_synch
 .text.process_start
                0x000054d0       0x40 contiki-srf06-cc26xx.a(process.o)
                0x000054d0                process_start
 .text.process_poll
                0x00005510       0x18 contiki-srf06-cc26xx.a(process.o)
                0x00005510                process_poll
 .text.rtimer_init
                0x00005528        0x4 contiki-srf06-cc26xx.a(rtimer.o)
                0x00005528                rtimer_init
 .text.rtimer_run_next
                0x0000552c       0x28 contiki-srf06-cc26xx.a(rtimer.o)
                0x0000552c                rtimer_run_next
 .text.timer_set
                0x00005554       0x10 contiki-srf06-cc26xx.a(timer.o)
                0x00005554                timer_set
 .text.timer_reset
                0x00005564        0xc contiki-srf06-cc26xx.a(timer.o)
                0x00005564                timer_reset
 .text.timer_restart
                0x00005570        0xc contiki-srf06-cc26xx.a(timer.o)
                0x00005570                timer_restart
 .text.timer_expired
                0x0000557c       0x1c contiki-srf06-cc26xx.a(timer.o)
                0x0000557c                timer_expired
 .text.process_thread_serial_line_process
                0x00005598       0xac contiki-srf06-cc26xx.a(serial-line.o)
 .text.serial_line_init
                0x00005644       0x24 contiki-srf06-cc26xx.a(serial-line.o)
                0x00005644                serial_line_init
 .text.list_init
                0x00005668        0x8 contiki-srf06-cc26xx.a(list.o)
                0x00005668                list_init
 .text.list_head
                0x00005670        0x4 contiki-srf06-cc26xx.a(list.o)
                0x00005670                list_head
 .text.list_tail
                0x00005674       0x14 contiki-srf06-cc26xx.a(list.o)
                0x00005674                list_tail
 .text.list_add
                0x00005688       0x48 contiki-srf06-cc26xx.a(list.o)
                0x00005688                list_add
 .text.list_push
                0x000056d0       0x40 contiki-srf06-cc26xx.a(list.o)
                0x000056d0                list_push
 .text.list_remove
                0x00005710       0x2c contiki-srf06-cc26xx.a(list.o)
                0x00005710                list_remove
 .text.list_length
                0x0000573c       0x14 contiki-srf06-cc26xx.a(list.o)
                0x0000573c                list_length
 .text.list_item_next
                0x00005750        0x8 contiki-srf06-cc26xx.a(list.o)
                0x00005750                list_item_next
 .text.random_init
                0x00005758        0x4 contiki-srf06-cc26xx.a(random.o)
                0x00005758                random_init
 .text.random_rand
                0x0000575c        0xc contiki-srf06-cc26xx.a(random.o)
                0x0000575c                random_rand
 .text.ringbuf_init
                0x00005768       0x10 contiki-srf06-cc26xx.a(ringbuf.o)
                0x00005768                ringbuf_init
 .text.ringbuf_get
                0x00005778       0x28 contiki-srf06-cc26xx.a(ringbuf.o)
                0x00005778                ringbuf_get
 .text.sicslowpan_init
                0x000057a0       0x24 contiki-srf06-cc26xx.a(sicslowpan.o)
                0x000057a0                sicslowpan_init
 .text.set_packet_attrs
                0x000057c4       0x4c contiki-srf06-cc26xx.a(sicslowpan.o)
 .text.compress_addr_64
                0x00005810       0x9c contiki-srf06-cc26xx.a(sicslowpan.o)
 .text.addr_context_lookup_by_prefix
                0x000058ac       0x28 contiki-srf06-cc26xx.a(sicslowpan.o)
 .text.send_packet
                0x000058d4       0x24 contiki-srf06-cc26xx.a(sicslowpan.o)
 .text.packet_sent
                0x000058f8       0x28 contiki-srf06-cc26xx.a(sicslowpan.o)
 .text.store_fragment
                0x00005920       0x68 contiki-srf06-cc26xx.a(sicslowpan.o)
 .text.add_fragment
                0x00005988      0x19c contiki-srf06-cc26xx.a(sicslowpan.o)
 .text.uncompress_addr
                0x00005b24       0xb8 contiki-srf06-cc26xx.a(sicslowpan.o)
 .text.input    0x00005bdc      0x654 contiki-srf06-cc26xx.a(sicslowpan.o)
 .text.output   0x00006230      0x738 contiki-srf06-cc26xx.a(sicslowpan.o)
 .text.chksum   0x00006968       0x50 contiki-srf06-cc26xx.a(uip6.o)
 .text.upper_layer_chksum
                0x000069b8       0x58 contiki-srf06-cc26xx.a(uip6.o)
 .text.ext_hdr_options_process
                0x00006a10       0xc8 contiki-srf06-cc26xx.a(uip6.o)
 .text.uip_add32
                0x00006ad8       0x58 contiki-srf06-cc26xx.a(uip6.o)
                0x00006ad8                uip_add32
 .text.unlikely.uip_add_rcv_nxt
                0x00006b30       0x2c contiki-srf06-cc26xx.a(uip6.o)
 .text.uip_icmp6chksum
                0x00006b5c        0x8 contiki-srf06-cc26xx.a(uip6.o)
                0x00006b5c                uip_icmp6chksum
 .text.uip_init
                0x00006b64       0x64 contiki-srf06-cc26xx.a(uip6.o)
                0x00006b64                uip_init
 .text.remove_ext_hdr
                0x00006bc8       0x60 contiki-srf06-cc26xx.a(uip6.o)
                0x00006bc8                remove_ext_hdr
 .text.uip_unlisten
                0x00006c28       0x44 contiki-srf06-cc26xx.a(uip6.o)
                0x00006c28                uip_unlisten
 .text.uip_process
                0x00006c6c     0x119c contiki-srf06-cc26xx.a(uip6.o)
                0x00006c6c                uip_process
 .text.uip_htonl
                0x00007e08       0x14 contiki-srf06-cc26xx.a(uip6.o)
                0x00007e08                uip_htonl
 .text.uip_ds6_list_loop
                0x00007e1c       0x60 contiki-srf06-cc26xx.a(uip-ds6.o)
                0x00007e1c                uip_ds6_list_loop
 .text.uip_ds6_prefix_add
                0x00007e7c       0x6c contiki-srf06-cc26xx.a(uip-ds6.o)
                0x00007e7c                uip_ds6_prefix_add
 .text.uip_ds6_is_addr_onlink
                0x00007ee8       0x3c contiki-srf06-cc26xx.a(uip-ds6.o)
                0x00007ee8                uip_ds6_is_addr_onlink
 .text.uip_ds6_addr_lookup
                0x00007f24       0x30 contiki-srf06-cc26xx.a(uip-ds6.o)
                0x00007f24                uip_ds6_addr_lookup
 .text.uip_ds6_get_link_local
                0x00007f54       0x44 contiki-srf06-cc26xx.a(uip-ds6.o)
                0x00007f54                uip_ds6_get_link_local
 .text.uip_ds6_maddr_add
                0x00007f98       0x50 contiki-srf06-cc26xx.a(uip-ds6.o)
                0x00007f98                uip_ds6_maddr_add
 .text.uip_ds6_addr_add
                0x00007fe8       0xa8 contiki-srf06-cc26xx.a(uip-ds6.o)
                0x00007fe8                uip_ds6_addr_add
 .text.uip_ds6_maddr_lookup
                0x00008090       0x30 contiki-srf06-cc26xx.a(uip-ds6.o)
                0x00008090                uip_ds6_maddr_lookup
 .text.uip_ds6_addr_rm
                0x000080c0       0x48 contiki-srf06-cc26xx.a(uip-ds6.o)
                0x000080c0                uip_ds6_addr_rm
 .text.uip_ds6_periodic
                0x00008108       0x60 contiki-srf06-cc26xx.a(uip-ds6.o)
                0x00008108                uip_ds6_periodic
 .text.uip_ds6_select_src
                0x00008168       0xf4 contiki-srf06-cc26xx.a(uip-ds6.o)
                0x00008168                uip_ds6_select_src
 .text.uip_ds6_set_addr_iid
                0x0000825c       0x14 contiki-srf06-cc26xx.a(uip-ds6.o)
                0x0000825c                uip_ds6_set_addr_iid
 .text.uip_ds6_compute_reachable_time
                0x00008270       0x28 contiki-srf06-cc26xx.a(uip-ds6.o)
                0x00008270                uip_ds6_compute_reachable_time
 .text.uip_ds6_init
                0x00008298       0xf8 contiki-srf06-cc26xx.a(uip-ds6.o)
                0x00008298                uip_ds6_init
 .text.uip_ds6_nbr_rm
                0x00008390       0x20 contiki-srf06-cc26xx.a(uip-ds6-nbr.o)
                0x00008390                uip_ds6_nbr_rm
 .text.uip_ds6_neighbors_init
                0x000083b0       0x14 contiki-srf06-cc26xx.a(uip-ds6-nbr.o)
                0x000083b0                uip_ds6_neighbors_init
 .text.uip_ds6_nbr_add
                0x000083c4       0x54 contiki-srf06-cc26xx.a(uip-ds6-nbr.o)
                0x000083c4                uip_ds6_nbr_add
 .text.uip_ds6_nbr_get_ll
                0x00008418       0x10 contiki-srf06-cc26xx.a(uip-ds6-nbr.o)
                0x00008418                uip_ds6_nbr_get_ll
 .text.uip_ds6_nbr_lookup
                0x00008428       0x3c contiki-srf06-cc26xx.a(uip-ds6-nbr.o)
                0x00008428                uip_ds6_nbr_lookup
 .text.uip_ds6_nbr_ipaddr_from_lladdr
                0x00008464       0x10 contiki-srf06-cc26xx.a(uip-ds6-nbr.o)
                0x00008464                uip_ds6_nbr_ipaddr_from_lladdr
 .text.uip_ds6_nbr_lladdr_from_ipaddr
                0x00008474       0x1c contiki-srf06-cc26xx.a(uip-ds6-nbr.o)
                0x00008474                uip_ds6_nbr_lladdr_from_ipaddr
 .text.uip_ds6_link_neighbor_callback
                0x00008490       0x2c contiki-srf06-cc26xx.a(uip-ds6-nbr.o)
                0x00008490                uip_ds6_link_neighbor_callback
 .text.uip_ds6_neighbor_periodic
                0x000084bc      0x12c contiki-srf06-cc26xx.a(uip-ds6-nbr.o)
                0x000084bc                uip_ds6_neighbor_periodic
 .text.call_route_callback
                0x000085e8       0x50 contiki-srf06-cc26xx.a(uip-ds6-route.o)
 .text.uip_ds6_route_init
                0x00008638       0x4c contiki-srf06-cc26xx.a(uip-ds6-route.o)
                0x00008638                uip_ds6_route_init
 .text.uip_ds6_route_nexthop
                0x00008684       0x1c contiki-srf06-cc26xx.a(uip-ds6-route.o)
                0x00008684                uip_ds6_route_nexthop
 .text.uip_ds6_route_head
                0x000086a0        0xc contiki-srf06-cc26xx.a(uip-ds6-route.o)
                0x000086a0                uip_ds6_route_head
 .text.uip_ds6_route_next
                0x000086ac        0x8 contiki-srf06-cc26xx.a(uip-ds6-route.o)
                0x000086ac                uip_ds6_route_next
 .text.uip_ds6_route_lookup
                0x000086b4       0x78 contiki-srf06-cc26xx.a(uip-ds6-route.o)
                0x000086b4                uip_ds6_route_lookup
 .text.uip_ds6_route_rm
                0x0000872c       0xac contiki-srf06-cc26xx.a(uip-ds6-route.o)
                0x0000872c                uip_ds6_route_rm
 .text.rm_routelist
                0x000087d8       0x38 contiki-srf06-cc26xx.a(uip-ds6-route.o)
 .text.rm_routelist_callback
                0x00008810        0x4 contiki-srf06-cc26xx.a(uip-ds6-route.o)
 .text.uip_ds6_route_add
                0x00008814      0x134 contiki-srf06-cc26xx.a(uip-ds6-route.o)
                0x00008814                uip_ds6_route_add
 .text.uip_ds6_defrt_rm
                0x00008948       0x48 contiki-srf06-cc26xx.a(uip-ds6-route.o)
                0x00008948                uip_ds6_defrt_rm
 .text.uip_ds6_defrt_lookup
                0x00008990       0x34 contiki-srf06-cc26xx.a(uip-ds6-route.o)
                0x00008990                uip_ds6_defrt_lookup
 .text.uip_ds6_defrt_add
                0x000089c4       0x5c contiki-srf06-cc26xx.a(uip-ds6-route.o)
                0x000089c4                uip_ds6_defrt_add
 .text.uip_ds6_defrt_choose
                0x00008a20       0x34 contiki-srf06-cc26xx.a(uip-ds6-route.o)
                0x00008a20                uip_ds6_defrt_choose
 .text.uip_ds6_defrt_periodic
                0x00008a54       0x3c contiki-srf06-cc26xx.a(uip-ds6-route.o)
                0x00008a54                uip_ds6_defrt_periodic
 .text.echo_reply_input
                0x00008a90      0x110 contiki-srf06-cc26xx.a(uip-icmp6.o)
 .text.echo_request_input
                0x00008ba0      0x118 contiki-srf06-cc26xx.a(uip-icmp6.o)
 .text.uip_icmp6_input
                0x00008cb8       0x3c contiki-srf06-cc26xx.a(uip-icmp6.o)
                0x00008cb8                uip_icmp6_input
 .text.uip_icmp6_register_input_handler
                0x00008cf4        0xc contiki-srf06-cc26xx.a(uip-icmp6.o)
                0x00008cf4                uip_icmp6_register_input_handler
 .text.uip_icmp6_error_output
                0x00008d00      0x158 contiki-srf06-cc26xx.a(uip-icmp6.o)
                0x00008d00                uip_icmp6_error_output
 .text.uip_icmp6_send
                0x00008e58       0x84 contiki-srf06-cc26xx.a(uip-icmp6.o)
                0x00008e58                uip_icmp6_send
 .text.uip_icmp6_init
                0x00008edc       0x24 contiki-srf06-cc26xx.a(uip-icmp6.o)
                0x00008edc                uip_icmp6_init
 .text.na_input
                0x00008f00      0x1f4 contiki-srf06-cc26xx.a(uip-nd6.o)
 .text.ns_input
                0x000090f4      0x2b0 contiki-srf06-cc26xx.a(uip-nd6.o)
 .text.uip_nd6_ns_output
                0x000093a4      0x174 contiki-srf06-cc26xx.a(uip-nd6.o)
                0x000093a4                uip_nd6_ns_output
 .text.uip_nd6_init
                0x00009518       0x1c contiki-srf06-cc26xx.a(uip-nd6.o)
                0x00009518                uip_nd6_init
 .text.start_periodic_tcp_timer
                0x00009534       0x1c contiki-srf06-cc26xx.a(tcpip.o)
 .text.tcpip_set_outputfunc
                0x00009550        0xc contiki-srf06-cc26xx.a(tcpip.o)
                0x00009550                tcpip_set_outputfunc
 .text.tcpip_icmp6_call
                0x0000955c       0x28 contiki-srf06-cc26xx.a(tcpip.o)
                0x0000955c                tcpip_icmp6_call
 .text.tcpip_input
                0x00009584       0x24 contiki-srf06-cc26xx.a(tcpip.o)
                0x00009584                tcpip_input
 .text.tcpip_ipv6_output
                0x000095a8      0x144 contiki-srf06-cc26xx.a(tcpip.o)
                0x000095a8                tcpip_ipv6_output
 .text.process_thread_tcpip_process
                0x000096ec      0x208 contiki-srf06-cc26xx.a(tcpip.o)
 .text.tcpip_uipcall
                0x000098f4       0x90 contiki-srf06-cc26xx.a(tcpip.o)
                0x000098f4                tcpip_uipcall
 .text.uip_debug_ipaddr_print
                0x00009984       0xb0 contiki-srf06-cc26xx.a(uip-debug.o)
                0x00009984                uip_debug_ipaddr_print
 .text.rpl_get_mode
                0x00009a34        0xc contiki-srf06-cc26xx.a(rpl.o)
                0x00009a34                rpl_get_mode
 .text.rpl_purge_routes
                0x00009a40       0x7c contiki-srf06-cc26xx.a(rpl.o)
                0x00009a40                rpl_purge_routes
 .text.rpl_remove_routes
                0x00009abc       0x24 contiki-srf06-cc26xx.a(rpl.o)
                0x00009abc                rpl_remove_routes
 .text.rpl_remove_routes_by_nexthop
                0x00009ae0       0x40 contiki-srf06-cc26xx.a(rpl.o)
                0x00009ae0                rpl_remove_routes_by_nexthop
 .text.rpl_add_route
                0x00009b20       0x2c contiki-srf06-cc26xx.a(rpl.o)
                0x00009b20                rpl_add_route
 .text.rpl_link_neighbor_callback
                0x00009b4c       0x78 contiki-srf06-cc26xx.a(rpl.o)
                0x00009b4c                rpl_link_neighbor_callback
 .text.rpl_ipv6_neighbor_callback
                0x00009bc4       0x30 contiki-srf06-cc26xx.a(rpl.o)
                0x00009bc4                rpl_ipv6_neighbor_callback
 .text.rpl_purge_dags
                0x00009bf4       0x40 contiki-srf06-cc26xx.a(rpl.o)
                0x00009bf4                rpl_purge_dags
 .text.rpl_init
                0x00009c34       0x58 contiki-srf06-cc26xx.a(rpl.o)
                0x00009c34                rpl_init
 .text.lollipop_greater_than
                0x00009c8c       0x3c contiki-srf06-cc26xx.a(rpl-dag.o)
 .text.rpl_set_preferred_parent
                0x00009cc8       0x2c contiki-srf06-cc26xx.a(rpl-dag.o)
 .text.set_ip_from_prefix
                0x00009cf4       0x2c contiki-srf06-cc26xx.a(rpl-dag.o)
 .text.check_prefix
                0x00009d20       0x78 contiki-srf06-cc26xx.a(rpl-dag.o)
 .text.find_parent_any_dag_any_instance
                0x00009d98       0x1c contiki-srf06-cc26xx.a(rpl-dag.o)
 .text.rpl_get_nbr
                0x00009db4       0x28 contiki-srf06-cc26xx.a(rpl-dag.o)
                0x00009db4                rpl_get_nbr
 .text.rpl_dag_init
                0x00009ddc       0x14 contiki-srf06-cc26xx.a(rpl-dag.o)
                0x00009ddc                rpl_dag_init
 .text.rpl_get_parent
                0x00009df0       0x10 contiki-srf06-cc26xx.a(rpl-dag.o)
                0x00009df0                rpl_get_parent
 .text.rpl_get_parent_ipaddr
                0x00009e00       0x18 contiki-srf06-cc26xx.a(rpl-dag.o)
                0x00009e00                rpl_get_parent_ipaddr
 .text.rpl_repair_root
                0x00009e18       0x5c contiki-srf06-cc26xx.a(rpl-dag.o)
                0x00009e18                rpl_repair_root
 .text.rpl_set_prefix
                0x00009e74       0x98 contiki-srf06-cc26xx.a(rpl-dag.o)
                0x00009e74                rpl_set_prefix
 .text.rpl_set_default_route
                0x00009f0c       0x3c contiki-srf06-cc26xx.a(rpl-dag.o)
                0x00009f0c                rpl_set_default_route
 .text.rpl_alloc_instance
                0x00009f48       0x34 contiki-srf06-cc26xx.a(rpl-dag.o)
                0x00009f48                rpl_alloc_instance
 .text.rpl_alloc_dag
                0x00009f7c       0x5c contiki-srf06-cc26xx.a(rpl-dag.o)
                0x00009f7c                rpl_alloc_dag
 .text.rpl_add_parent
                0x00009fd8       0x44 contiki-srf06-cc26xx.a(rpl-dag.o)
                0x00009fd8                rpl_add_parent
 .text.rpl_find_parent
                0x0000a01c       0x18 contiki-srf06-cc26xx.a(rpl-dag.o)
                0x0000a01c                rpl_find_parent
 .text.rpl_find_parent_any_dag
                0x0000a034       0x20 contiki-srf06-cc26xx.a(rpl-dag.o)
                0x0000a034                rpl_find_parent_any_dag
 .text.rpl_select_parent
                0x0000a054       0x84 contiki-srf06-cc26xx.a(rpl-dag.o)
                0x0000a054                rpl_select_parent
 .text.rpl_select_dag
                0x0000a0d8      0x17c contiki-srf06-cc26xx.a(rpl-dag.o)
                0x0000a0d8                rpl_select_dag
 .text.rpl_nullify_parent
                0x0000a254       0x4c contiki-srf06-cc26xx.a(rpl-dag.o)
                0x0000a254                rpl_nullify_parent
 .text.rpl_remove_parent
                0x0000a2a0       0x1c contiki-srf06-cc26xx.a(rpl-dag.o)
                0x0000a2a0                rpl_remove_parent
 .text.nbr_callback
                0x0000a2bc        0x4 contiki-srf06-cc26xx.a(rpl-dag.o)
 .text.remove_parents.constprop.5
                0x0000a2c0       0x44 contiki-srf06-cc26xx.a(rpl-dag.o)
 .text.rpl_free_dag
                0x0000a304       0x38 contiki-srf06-cc26xx.a(rpl-dag.o)
                0x0000a304                rpl_free_dag
 .text.rpl_move_parent
                0x0000a33c       0x4c contiki-srf06-cc26xx.a(rpl-dag.o)
                0x0000a33c                rpl_move_parent
 .text.rpl_get_any_dag
                0x0000a388       0x18 contiki-srf06-cc26xx.a(rpl-dag.o)
                0x0000a388                rpl_get_any_dag
 .text.rpl_get_instance
                0x0000a3a0       0x20 contiki-srf06-cc26xx.a(rpl-dag.o)
                0x0000a3a0                rpl_get_instance
 .text.rpl_join_instance
                0x0000a3c0      0x144 contiki-srf06-cc26xx.a(rpl-dag.o)
                0x0000a3c0                rpl_join_instance
 .text.rpl_local_repair
                0x0000a504       0x68 contiki-srf06-cc26xx.a(rpl-dag.o)
                0x0000a504                rpl_local_repair
 .text.rpl_process_parent_event
                0x0000a56c       0x60 contiki-srf06-cc26xx.a(rpl-dag.o)
                0x0000a56c                rpl_process_parent_event
 .text.rpl_add_dag
                0x0000a5cc      0x150 contiki-srf06-cc26xx.a(rpl-dag.o)
                0x0000a5cc                rpl_add_dag
 .text.rpl_recalculate_ranks
                0x0000a71c       0x50 contiki-srf06-cc26xx.a(rpl-dag.o)
                0x0000a71c                rpl_recalculate_ranks
 .text.rpl_process_dio
                0x0000a76c      0x318 contiki-srf06-cc26xx.a(rpl-dag.o)
                0x0000a76c                rpl_process_dio
 .text.rpl_verify_header
                0x0000aa84      0x104 contiki-srf06-cc26xx.a(rpl-ext-header.)
                0x0000aa84                rpl_verify_header
 .text.rpl_update_header_empty
                0x0000ab88      0x12c contiki-srf06-cc26xx.a(rpl-ext-header.)
                0x0000ab88                rpl_update_header_empty
 .text.rpl_update_header_final
                0x0000acb4       0x88 contiki-srf06-cc26xx.a(rpl-ext-header.)
                0x0000acb4                rpl_update_header_final
 .text.rpl_invert_header
                0x0000ad3c       0x68 contiki-srf06-cc26xx.a(rpl-ext-header.)
                0x0000ad3c                rpl_invert_header
 .text.rpl_insert_header
                0x0000ada4       0x1c contiki-srf06-cc26xx.a(rpl-ext-header.)
                0x0000ada4                rpl_insert_header
 .text.get32    0x0000adc0       0x20 contiki-srf06-cc26xx.a(rpl-icmp6.o)
 .text.dao_ack_input
                0x0000ade0       0x14 contiki-srf06-cc26xx.a(rpl-icmp6.o)
 .text.dio_input
                0x0000adf4      0x2b8 contiki-srf06-cc26xx.a(rpl-icmp6.o)
 .text.dis_output
                0x0000b0ac       0x58 contiki-srf06-cc26xx.a(rpl-icmp6.o)
                0x0000b0ac                dis_output
 .text.dio_output
                0x0000b104      0x2dc contiki-srf06-cc26xx.a(rpl-icmp6.o)
                0x0000b104                dio_output
 .text.dis_input
                0x0000b3e0       0x40 contiki-srf06-cc26xx.a(rpl-icmp6.o)
 .text.dao_output_target
                0x0000b420      0x104 contiki-srf06-cc26xx.a(rpl-icmp6.o)
                0x0000b420                dao_output_target
 .text.dao_output
                0x0000b524       0x58 contiki-srf06-cc26xx.a(rpl-icmp6.o)
                0x0000b524                dao_output
 .text.dao_ack_output
                0x0000b57c       0x30 contiki-srf06-cc26xx.a(rpl-icmp6.o)
                0x0000b57c                dao_ack_output
 .text.dao_input
                0x0000b5ac      0x218 contiki-srf06-cc26xx.a(rpl-icmp6.o)
 .text.rpl_icmp6_register_handlers
                0x0000b7c4       0x30 contiki-srf06-cc26xx.a(rpl-icmp6.o)
                0x0000b7c4                rpl_icmp6_register_handlers
 .text.reset    0x0000b7f4        0x4 contiki-srf06-cc26xx.a(rpl-mrhof.o)
 .text.update_metric_container
                0x0000b7f8        0x8 contiki-srf06-cc26xx.a(rpl-mrhof.o)
 .text.calculate_rank
                0x0000b800       0x44 contiki-srf06-cc26xx.a(rpl-mrhof.o)
 .text.neighbor_link_callback
                0x0000b844       0x54 contiki-srf06-cc26xx.a(rpl-mrhof.o)
 .text.best_dag
                0x0000b898       0x2c contiki-srf06-cc26xx.a(rpl-mrhof.o)
 .text.best_parent
                0x0000b8c4       0x60 contiki-srf06-cc26xx.a(rpl-mrhof.o)
 .text.new_dio_interval
                0x0000b924       0x60 contiki-srf06-cc26xx.a(rpl-timers.o)
 .text.handle_periodic_timer
                0x0000b984       0x3c contiki-srf06-cc26xx.a(rpl-timers.o)
 .text.set_dao_lifetime_timer
                0x0000b9c0       0x3c contiki-srf06-cc26xx.a(rpl-timers.o)
 .text.handle_unicast_dio_timer
                0x0000b9fc       0x1c contiki-srf06-cc26xx.a(rpl-timers.o)
 .text.handle_dio_timer
                0x0000ba18       0x8c contiki-srf06-cc26xx.a(rpl-timers.o)
 .text.schedule_dao
                0x0000baa4       0x54 contiki-srf06-cc26xx.a(rpl-timers.o)
 .text.handle_dao_timer
                0x0000baf8       0x5c contiki-srf06-cc26xx.a(rpl-timers.o)
 .text.rpl_reset_periodic_timer
                0x0000bb54       0x3c contiki-srf06-cc26xx.a(rpl-timers.o)
                0x0000bb54                rpl_reset_periodic_timer
 .text.rpl_reset_dio_timer
                0x0000bb90       0x1c contiki-srf06-cc26xx.a(rpl-timers.o)
                0x0000bb90                rpl_reset_dio_timer
 .text.rpl_schedule_dao
                0x0000bbac        0x8 contiki-srf06-cc26xx.a(rpl-timers.o)
                0x0000bbac                rpl_schedule_dao
 .text.rpl_schedule_unicast_dio_immediately
                0x0000bbb4       0x14 contiki-srf06-cc26xx.a(rpl-timers.o)
                0x0000bbb4                rpl_schedule_unicast_dio_immediately
 .text.rpl_schedule_probing
                0x0000bbc8       0x38 contiki-srf06-cc26xx.a(rpl-timers.o)
                0x0000bbc8                rpl_schedule_probing
 .text.handle_probing_timer
                0x0000bc00       0xdc contiki-srf06-cc26xx.a(rpl-timers.o)
 .text.NOROM_AONRTCCurrentCompareValueGet
                0x0000bcdc       0x24 contiki-srf06-cc26xx.a(aon_rtc.o)
                0x0000bcdc                NOROM_AONRTCCurrentCompareValueGet
 .text.NOROM_CPUcpsid
                0x0000bd00        0x8 contiki-srf06-cc26xx.a(cpu.o)
                0x0000bd00                NOROM_CPUcpsid
 .text.NOROM_CPUcpsie
                0x0000bd08        0x8 contiki-srf06-cc26xx.a(cpu.o)
                0x0000bd08                NOROM_CPUcpsie
 .text.NOROM_CPUdelay
                0x0000bd10        0x8 contiki-srf06-cc26xx.a(cpu.o)
                0x0000bd10                NOROM_CPUdelay
 .text.NOROM_DDI16BitfieldWrite
                0x0000bd18       0x4c contiki-srf06-cc26xx.a(ddi.o)
                0x0000bd18                NOROM_DDI16BitfieldWrite
 .text.NOROM_DDI16BitfieldRead
                0x0000bd64       0x48 contiki-srf06-cc26xx.a(ddi.o)
                0x0000bd64                NOROM_DDI16BitfieldRead
 .text.NOROM_OSCClockSourceSet
                0x0000bdac       0x50 contiki-srf06-cc26xx.a(osc.o)
                0x0000bdac                NOROM_OSCClockSourceSet
 .text.NOROM_OSCClockSourceGet
                0x0000bdfc       0x24 contiki-srf06-cc26xx.a(osc.o)
                0x0000bdfc                NOROM_OSCClockSourceGet
 .text.NOROM_OSCInterfaceEnable
                0x0000be20       0x34 contiki-srf06-cc26xx.a(osc.o)
                0x0000be20                NOROM_OSCInterfaceEnable
 .text.NOROM_PowerCtrlSourceSet
                0x0000be54       0x30 contiki-srf06-cc26xx.a(pwr_ctrl.o)
                0x0000be54                NOROM_PowerCtrlSourceSet
 .text.HapiTrimDeviceShutDown
                0x0000be84      0x4f4 contiki-srf06-cc26xx.a(setup.o)
 .text.trimDevice
                0x0000c378       0xfc contiki-srf06-cc26xx.a(setup.o)
                0x0000c378                trimDevice
 .text.SysCtrlSetRechargeBeforePowerDown
                0x0000c474      0x1e8 contiki-srf06-cc26xx.a(sys_ctrl.o)
                0x0000c474                SysCtrlSetRechargeBeforePowerDown
 .text.SysCtrlAdjustRechargeAfterPowerDown
                0x0000c65c       0x64 contiki-srf06-cc26xx.a(sys_ctrl.o)
                0x0000c65c                SysCtrlAdjustRechargeAfterPowerDown
 .text.SysCtrl_DCDC_VoltageConditionalControl
                0x0000c6c0       0x78 contiki-srf06-cc26xx.a(sys_ctrl.o)
                0x0000c6c0                SysCtrl_DCDC_VoltageConditionalControl
 .text.linkaddr_copy
                0x0000c738        0xc contiki-srf06-cc26xx.a(linkaddr.o)
                0x0000c738                linkaddr_copy
 .text.linkaddr_cmp
                0x0000c744       0x10 contiki-srf06-cc26xx.a(linkaddr.o)
                0x0000c744                linkaddr_cmp
 .text.nbr_set_bit
                0x0000c754       0x4c contiki-srf06-cc26xx.a(nbr-table.o)
 .text.index_from_lladdr
                0x0000c7a0       0x50 contiki-srf06-cc26xx.a(nbr-table.o)
 .text.nbr_get_bit.constprop.0
                0x0000c7f0       0x2c contiki-srf06-cc26xx.a(nbr-table.o)
 .text.nbr_table_register
                0x0000c81c       0x2c contiki-srf06-cc26xx.a(nbr-table.o)
                0x0000c81c                nbr_table_register
 .text.nbr_table_next
                0x0000c848       0x70 contiki-srf06-cc26xx.a(nbr-table.o)
                0x0000c848                nbr_table_next
 .text.nbr_table_head
                0x0000c8b8       0x58 contiki-srf06-cc26xx.a(nbr-table.o)
                0x0000c8b8                nbr_table_head
 .text.nbr_table_add_lladdr
                0x0000c910      0x190 contiki-srf06-cc26xx.a(nbr-table.o)
                0x0000c910                nbr_table_add_lladdr
 .text.nbr_table_get_from_lladdr
                0x0000caa0       0x34 contiki-srf06-cc26xx.a(nbr-table.o)
                0x0000caa0                nbr_table_get_from_lladdr
 .text.nbr_table_remove
                0x0000cad4       0x2c contiki-srf06-cc26xx.a(nbr-table.o)
                0x0000cad4                nbr_table_remove
 .text.nbr_table_lock
                0x0000cb00       0x14 contiki-srf06-cc26xx.a(nbr-table.o)
                0x0000cb00                nbr_table_lock
 .text.nbr_table_unlock
                0x0000cb14       0x14 contiki-srf06-cc26xx.a(nbr-table.o)
                0x0000cb14                nbr_table_unlock
 .text.nbr_table_get_lladdr
                0x0000cb28       0x30 contiki-srf06-cc26xx.a(nbr-table.o)
                0x0000cb28                nbr_table_get_lladdr
 .text.netstack_init
                0x0000cb58       0x38 contiki-srf06-cc26xx.a(netstack.o)
                0x0000cb58                netstack_init
 .text.packetbuf_copyto
                0x0000cb90       0x50 contiki-srf06-cc26xx.a(packetbuf.o)
                0x0000cb90                packetbuf_copyto
 .text.packetbuf_hdralloc
                0x0000cbe0       0x48 contiki-srf06-cc26xx.a(packetbuf.o)
                0x0000cbe0                packetbuf_hdralloc
 .text.packetbuf_hdrreduce
                0x0000cc28       0x2c contiki-srf06-cc26xx.a(packetbuf.o)
                0x0000cc28                packetbuf_hdrreduce
 .text.packetbuf_set_datalen
                0x0000cc54        0xc contiki-srf06-cc26xx.a(packetbuf.o)
                0x0000cc54                packetbuf_set_datalen
 .text.packetbuf_dataptr
                0x0000cc60       0x14 contiki-srf06-cc26xx.a(packetbuf.o)
                0x0000cc60                packetbuf_dataptr
 .text.packetbuf_hdrptr
                0x0000cc74       0x14 contiki-srf06-cc26xx.a(packetbuf.o)
                0x0000cc74                packetbuf_hdrptr
 .text.packetbuf_datalen
                0x0000cc88        0xc contiki-srf06-cc26xx.a(packetbuf.o)
                0x0000cc88                packetbuf_datalen
 .text.packetbuf_totlen
                0x0000cc94       0x28 contiki-srf06-cc26xx.a(packetbuf.o)
                0x0000cc94                packetbuf_totlen
 .text.packetbuf_attr_clear
                0x0000ccbc       0x38 contiki-srf06-cc26xx.a(packetbuf.o)
                0x0000ccbc                packetbuf_attr_clear
 .text.packetbuf_clear
                0x0000ccf4       0x34 contiki-srf06-cc26xx.a(packetbuf.o)
                0x0000ccf4                packetbuf_clear
 .text.packetbuf_copyfrom
                0x0000cd28       0x2c contiki-srf06-cc26xx.a(packetbuf.o)
                0x0000cd28                packetbuf_copyfrom
 .text.packetbuf_attr_copyto
                0x0000cd54       0x44 contiki-srf06-cc26xx.a(packetbuf.o)
                0x0000cd54                packetbuf_attr_copyto
 .text.packetbuf_attr_copyfrom
                0x0000cd98       0x44 contiki-srf06-cc26xx.a(packetbuf.o)
                0x0000cd98                packetbuf_attr_copyfrom
 .text.packetbuf_set_attr
                0x0000cddc       0x10 contiki-srf06-cc26xx.a(packetbuf.o)
                0x0000cddc                packetbuf_set_attr
 .text.packetbuf_attr
                0x0000cdec        0xc contiki-srf06-cc26xx.a(packetbuf.o)
                0x0000cdec                packetbuf_attr
 .text.packetbuf_set_addr
                0x0000cdf8       0x18 contiki-srf06-cc26xx.a(packetbuf.o)
                0x0000cdf8                packetbuf_set_addr
 .text.packetbuf_addr
                0x0000ce10       0x10 contiki-srf06-cc26xx.a(packetbuf.o)
                0x0000ce10                packetbuf_addr
 .text.packetbuf_holds_broadcast
                0x0000ce20       0x10 contiki-srf06-cc26xx.a(packetbuf.o)
                0x0000ce20                packetbuf_holds_broadcast
 .text.queuebuf_init
                0x0000ce30       0x1c contiki-srf06-cc26xx.a(queuebuf.o)
                0x0000ce30                queuebuf_init
 .text.queuebuf_numfree
                0x0000ce4c        0xc contiki-srf06-cc26xx.a(queuebuf.o)
                0x0000ce4c                queuebuf_numfree
 .text.queuebuf_new_from_packetbuf
                0x0000ce58       0x48 contiki-srf06-cc26xx.a(queuebuf.o)
                0x0000ce58                queuebuf_new_from_packetbuf
 .text.queuebuf_update_attr_from_packetbuf
                0x0000cea0        0xc contiki-srf06-cc26xx.a(queuebuf.o)
                0x0000cea0                queuebuf_update_attr_from_packetbuf
 .text.queuebuf_free
                0x0000ceac       0x2c contiki-srf06-cc26xx.a(queuebuf.o)
                0x0000ceac                queuebuf_free
 .text.queuebuf_to_packetbuf
                0x0000ced8       0x30 contiki-srf06-cc26xx.a(queuebuf.o)
                0x0000ced8                queuebuf_to_packetbuf
 .text.queuebuf_attr
                0x0000cf08        0xc contiki-srf06-cc26xx.a(queuebuf.o)
                0x0000cf08                queuebuf_attr
 .text.input_packet
                0x0000cf14        0xc contiki-srf06-cc26xx.a(csma.o)
 .text.on       0x0000cf20        0xc contiki-srf06-cc26xx.a(csma.o)
 .text.off      0x0000cf2c        0xc contiki-srf06-cc26xx.a(csma.o)
 .text.channel_check_interval
                0x0000cf38       0x10 contiki-srf06-cc26xx.a(csma.o)
 .text.transmit_packet_list
                0x0000cf48       0x34 contiki-srf06-cc26xx.a(csma.o)
 .text.free_packet
                0x0000cf7c       0x98 contiki-srf06-cc26xx.a(csma.o)
 .text.packet_sent
                0x0000d014      0x100 contiki-srf06-cc26xx.a(csma.o)
 .text.send_packet
                0x0000d114      0x164 contiki-srf06-cc26xx.a(csma.o)
 .text.init     0x0000d278       0x24 contiki-srf06-cc26xx.a(csma.o)
 .text.parse    0x0000d29c       0xa0 contiki-srf06-cc26xx.a(framer-802154.o)
 .text.create_frame.isra.0
                0x0000d33c      0x13c contiki-srf06-cc26xx.a(framer-802154.o)
 .text.create   0x0000d478        0x8 contiki-srf06-cc26xx.a(framer-802154.o)
 .text.hdr_length
                0x0000d480        0x8 contiki-srf06-cc26xx.a(framer-802154.o)
 .text.mac_call_sent_callback
                0x0000d488       0x10 contiki-srf06-cc26xx.a(mac.o)
                0x0000d488                mac_call_sent_callback
 .text.on       0x0000d498        0xc contiki-srf06-cc26xx.a(nullrdc.o)
 .text.channel_check_interval
                0x0000d4a4        0x4 contiki-srf06-cc26xx.a(nullrdc.o)
 .text.init     0x0000d4a8        0xc contiki-srf06-cc26xx.a(nullrdc.o)
 .text.send_one_packet
                0x0000d4b4      0x114 contiki-srf06-cc26xx.a(nullrdc.o)
 .text.send_list
                0x0000d5c8       0x24 contiki-srf06-cc26xx.a(nullrdc.o)
 .text.send_packet
                0x0000d5ec        0x4 contiki-srf06-cc26xx.a(nullrdc.o)
 .text.off      0x0000d5f0       0x1c contiki-srf06-cc26xx.a(nullrdc.o)
 .text.packet_input
                0x0000d60c       0x54 contiki-srf06-cc26xx.a(nullrdc.o)
 .text.init     0x0000d660        0x4 contiki-srf06-cc26xx.a(nullsec.o)
 .text.input    0x0000d664        0xc contiki-srf06-cc26xx.a(nullsec.o)
 .text.send     0x0000d670       0x20 contiki-srf06-cc26xx.a(nullsec.o)
 .text.sensor_common_read_reg
                0x0000d690       0x1c contiki-srf06-cc26xx.a(sensor-common.o)
                0x0000d690                sensor_common_read_reg
 .text.sensor_common_write_reg
                0x0000d6ac       0x38 contiki-srf06-cc26xx.a(sensor-common.o)
                0x0000d6ac                sensor_common_write_reg
 .text.sensor_common_set_error_data
                0x0000d6e4       0x10 contiki-srf06-cc26xx.a(sensor-common.o)
                0x0000d6e4                sensor_common_set_error_data
 .text.verify_part
                0x0000d6f4       0x6c contiki-srf06-cc26xx.a(ext-flash.o)
 .text.wait_ready
                0x0000d760       0x64 contiki-srf06-cc26xx.a(ext-flash.o)
 .text.power_down
                0x0000d7c4       0x50 contiki-srf06-cc26xx.a(ext-flash.o)
 .text.ext_flash_open
                0x0000d814       0x60 contiki-srf06-cc26xx.a(ext-flash.o)
                0x0000d814                ext_flash_open
 .text.ext_flash_init
                0x0000d874       0x14 contiki-srf06-cc26xx.a(ext-flash.o)
                0x0000d874                ext_flash_init
 .text.accessible
                0x0000d888       0x24 contiki-srf06-cc26xx.a(board-spi.o)
 .text.board_spi_write
                0x0000d8ac       0x3c contiki-srf06-cc26xx.a(board-spi.o)
                0x0000d8ac                board_spi_write
 .text.board_spi_read
                0x0000d8e8       0x48 contiki-srf06-cc26xx.a(board-spi.o)
                0x0000d8e8                board_spi_read
 .text.board_spi_flush
                0x0000d930       0x24 contiki-srf06-cc26xx.a(board-spi.o)
                0x0000d930                board_spi_flush
 .text.board_spi_open
                0x0000d954       0xc0 contiki-srf06-cc26xx.a(board-spi.o)
                0x0000d954                board_spi_open
 .text.board_spi_close
                0x0000da14       0x70 contiki-srf06-cc26xx.a(board-spi.o)
                0x0000da14                board_spi_close
 .text.process_thread_rf_core_process
                0x0000da84       0x58 contiki-srf06-cc26xx.a(rf-core.o)
 .text.rf_core_is_accessible
                0x0000dadc       0x10 contiki-srf06-cc26xx.a(rf-core.o)
                0x0000dadc                rf_core_is_accessible
 .text.rf_core_send_cmd
                0x0000daec       0xa4 contiki-srf06-cc26xx.a(rf-core.o)
                0x0000daec                rf_core_send_cmd
 .text.rf_core_wait_cmd_done
                0x0000db90       0x30 contiki-srf06-cc26xx.a(rf-core.o)
                0x0000db90                rf_core_wait_cmd_done
 .text.rf_core_power_up
                0x0000dbc0       0xb4 contiki-srf06-cc26xx.a(rf-core.o)
                0x0000dbc0                rf_core_power_up
 .text.rf_core_power_down
                0x0000dc74       0xe8 contiki-srf06-cc26xx.a(rf-core.o)
                0x0000dc74                rf_core_power_down
 .text.rf_core_set_modesel
                0x0000dd5c       0x68 contiki-srf06-cc26xx.a(rf-core.o)
                0x0000dd5c                rf_core_set_modesel
 .text.rf_core_boot
                0x0000ddc4       0x30 contiki-srf06-cc26xx.a(rf-core.o)
                0x0000ddc4                rf_core_boot
 .text.rf_core_setup_interrupts
                0x0000ddf4       0x6c contiki-srf06-cc26xx.a(rf-core.o)
                0x0000ddf4                rf_core_setup_interrupts
 .text.rf_core_cmd_done_en
                0x0000de60       0x28 contiki-srf06-cc26xx.a(rf-core.o)
                0x0000de60                rf_core_cmd_done_en
 .text.rf_core_cmd_done_dis
                0x0000de88       0x10 contiki-srf06-cc26xx.a(rf-core.o)
                0x0000de88                rf_core_cmd_done_dis
 .text.rf_core_get_last_radio_op
                0x0000de98        0xc contiki-srf06-cc26xx.a(rf-core.o)
                0x0000de98                rf_core_get_last_radio_op
 .text.rf_core_init_radio_op
                0x0000dea4       0x20 contiki-srf06-cc26xx.a(rf-core.o)
                0x0000dea4                rf_core_init_radio_op
 .text.rf_core_primary_mode_register
                0x0000dec4        0xc contiki-srf06-cc26xx.a(rf-core.o)
                0x0000dec4                rf_core_primary_mode_register
 .text.RFCCPE1IntHandler
                0x0000ded0       0x28 contiki-srf06-cc26xx.a(rf-core.o)
                0x0000ded0                RFCCPE1IntHandler
 .text.RFCCPE0IntHandler
                0x0000def8       0x5c contiki-srf06-cc26xx.a(rf-core.o)
                0x0000def8                RFCCPE0IntHandler
 .text.rf_ble_is_active
                0x0000df54        0xc contiki-srf06-cc26xx.a(rf-ble.o)
                0x0000df54                rf_ble_is_active
 .text.stimer_set
                0x0000df60       0x10 contiki-srf06-cc26xx.a(stimer.o)
                0x0000df60                stimer_set
 .text.stimer_expired
                0x0000df70       0x20 contiki-srf06-cc26xx.a(stimer.o)
                0x0000df70                stimer_expired
 .text.memb_init
                0x0000df90       0x24 contiki-srf06-cc26xx.a(memb.o)
                0x0000df90                memb_init
 .text.memb_alloc
                0x0000dfb4       0x3c contiki-srf06-cc26xx.a(memb.o)
                0x0000dfb4                memb_alloc
 .text.memb_free
                0x0000dff0       0x44 contiki-srf06-cc26xx.a(memb.o)
                0x0000dff0                memb_free
 .text.memb_inmemb
                0x0000e034       0x1c contiki-srf06-cc26xx.a(memb.o)
                0x0000e034                memb_inmemb
 .text.memb_numfree
                0x0000e050       0x1c contiki-srf06-cc26xx.a(memb.o)
                0x0000e050                memb_numfree
 .text.AONBatMonTemperatureGetDegC
                0x0000e06c       0x30 contiki-srf06-cc26xx.a(aon_batmon.o)
                0x0000e06c                AONBatMonTemperatureGetDegC
 .text.ChipInfo_GetSupportedProtocol_BV
                0x0000e09c       0x10 contiki-srf06-cc26xx.a(chipinfo.o)
                0x0000e09c                ChipInfo_GetSupportedProtocol_BV
 .text.ChipInfo_GetChipFamily
                0x0000e0ac       0x38 contiki-srf06-cc26xx.a(chipinfo.o)
                0x0000e0ac                ChipInfo_GetChipFamily
 .text.ChipInfo_GetHwRevision
                0x0000e0e4       0x98 contiki-srf06-cc26xx.a(chipinfo.o)
                0x0000e0e4                ChipInfo_GetHwRevision
 .text.ThisCodeIsBuiltForCC26xxHwRev22AndLater_HaltIfViolated
                0x0000e17c       0x2c contiki-srf06-cc26xx.a(chipinfo.o)
                0x0000e17c                ThisCodeIsBuiltForCC26xxHwRev22AndLater_HaltIfViolated
 .text.frame802154_get_pan_id
                0x0000e1a8        0xc contiki-srf06-cc26xx.a(frame802154.o)
                0x0000e1a8                frame802154_get_pan_id
 .text.frame802154_has_panid
                0x0000e1b4       0x54 contiki-srf06-cc26xx.a(frame802154.o)
                0x0000e1b4                frame802154_has_panid
 .text.field_len
                0x0000e208       0x9c contiki-srf06-cc26xx.a(frame802154.o)
 .text.frame802154_is_broadcast_addr
                0x0000e2a4       0x20 contiki-srf06-cc26xx.a(frame802154.o)
                0x0000e2a4                frame802154_is_broadcast_addr
 .text.frame802154_hdrlen
                0x0000e2c4       0x34 contiki-srf06-cc26xx.a(frame802154.o)
                0x0000e2c4                frame802154_hdrlen
 .text.frame802154_create
                0x0000e2f8      0x10c contiki-srf06-cc26xx.a(frame802154.o)
                0x0000e2f8                frame802154_create
 .text.frame802154_parse
                0x0000e404      0x17c contiki-srf06-cc26xx.a(frame802154.o)
                0x0000e404                frame802154_parse
 .text.mac_sequence_is_duplicate
                0x0000e580       0x3c contiki-srf06-cc26xx.a(mac-sequence.o)
                0x0000e580                mac_sequence_is_duplicate
 .text.mac_sequence_register_seqno
                0x0000e5bc       0x70 contiki-srf06-cc26xx.a(mac-sequence.o)
                0x0000e5bc                mac_sequence_register_seqno
 .text.exp2     0x0000e62c       0x10 /usr/bin/../lib/gcc/arm-none-eabi/4.9.3/../../../../arm-none-eabi/lib/armv7-m/libm.a(lib_a-w_exp2.o)
                0x0000e62c                exp2
 .text.pow      0x0000e63c      0x2f0 /usr/bin/../lib/gcc/arm-none-eabi/4.9.3/../../../../arm-none-eabi/lib/armv7-m/libm.a(lib_a-w_pow.o)
                0x0000e63c                pow
 .text.__ieee754_sqrt
                0x0000e92c      0x18c /usr/bin/../lib/gcc/arm-none-eabi/4.9.3/../../../../arm-none-eabi/lib/armv7-m/libm.a(lib_a-e_sqrt.o)
                0x0000e92c                __ieee754_sqrt
 .text.fabs     0x0000eab8        0x8 /usr/bin/../lib/gcc/arm-none-eabi/4.9.3/../../../../arm-none-eabi/lib/armv7-m/libm.a(lib_a-s_fabs.o)
                0x0000eab8                fabs
 .text.finite   0x0000eac0        0xc /usr/bin/../lib/gcc/arm-none-eabi/4.9.3/../../../../arm-none-eabi/lib/armv7-m/libm.a(lib_a-s_finite.o)
                0x0000eac0                finite
 .text.__fpclassifyd
                0x0000eacc       0x58 /usr/bin/../lib/gcc/arm-none-eabi/4.9.3/../../../../arm-none-eabi/lib/armv7-m/libm.a(lib_a-s_fpclassify.o)
                0x0000eacc                __fpclassifyd
 .text.matherr  0x0000eb24        0x4 /usr/bin/../lib/gcc/arm-none-eabi/4.9.3/../../../../arm-none-eabi/lib/armv7-m/libm.a(lib_a-s_matherr.o)
                0x0000eb24                matherr
 .text.nan      0x0000eb28        0xc /usr/bin/../lib/gcc/arm-none-eabi/4.9.3/../../../../arm-none-eabi/lib/armv7-m/libm.a(lib_a-s_nan.o)
                0x0000eb28                nan
 .text.rint     0x0000eb34      0x11c /usr/bin/../lib/gcc/arm-none-eabi/4.9.3/../../../../arm-none-eabi/lib/armv7-m/libm.a(lib_a-s_rint.o)
                0x0000eb34                rint
 .text.copysign
                0x0000ec50       0x10 /usr/bin/../lib/gcc/arm-none-eabi/4.9.3/../../../../arm-none-eabi/lib/armv7-m/libm.a(lib_a-s_copysign.o)
                0x0000ec50                copysign
 .text          0x0000ec60      0x370 /usr/bin/../lib/gcc/arm-none-eabi/4.9.3/armv7-m/libgcc.a(_arm_addsubdf3.o)
                0x0000ec60                __aeabi_drsub
                0x0000ec68                __aeabi_dsub
                0x0000ec68                __subdf3
                0x0000ec6c                __adddf3
                0x0000ec6c                __aeabi_dadd
                0x0000eee4                __aeabi_ui2d
                0x0000eee4                __floatunsidf
                0x0000ef04                __floatsidf
                0x0000ef04                __aeabi_i2d
                0x0000ef28                __extendsfdf2
                0x0000ef28                __aeabi_f2d
                0x0000ef64                __aeabi_ul2d
                0x0000ef64                __floatundidf
                0x0000ef74                __floatdidf
                0x0000ef74                __aeabi_l2d
 .text          0x0000efd0      0x424 /usr/bin/../lib/gcc/arm-none-eabi/4.9.3/armv7-m/libgcc.a(_arm_muldivdf3.o)
                0x0000efd0                __aeabi_dmul
                0x0000efd0                __muldf3
                0x0000f224                __aeabi_ddiv
                0x0000f224                __divdf3
 .text          0x0000f3f4      0x110 /usr/bin/../lib/gcc/arm-none-eabi/4.9.3/armv7-m/libgcc.a(_arm_cmpdf2.o)
                0x0000f3f4                __gtdf2
                0x0000f3f4                __gedf2
                0x0000f3fc                __ltdf2
                0x0000f3fc                __ledf2
                0x0000f404                __cmpdf2
                0x0000f404                __eqdf2
                0x0000f404                __nedf2
                0x0000f480                __aeabi_cdrcmple
                0x0000f490                __aeabi_cdcmple
                0x0000f490                __aeabi_cdcmpeq
                0x0000f4a0                __aeabi_dcmpeq
                0x0000f4b4                __aeabi_dcmplt
                0x0000f4c8                __aeabi_dcmple
                0x0000f4dc                __aeabi_dcmpge
                0x0000f4f0                __aeabi_dcmpgt
 .text          0x0000f504       0x50 /usr/bin/../lib/gcc/arm-none-eabi/4.9.3/armv7-m/libgcc.a(_arm_fixdfsi.o)
                0x0000f504                __fixdfsi
                0x0000f504                __aeabi_d2iz
 .text          0x0000f554       0xa0 /usr/bin/../lib/gcc/arm-none-eabi/4.9.3/armv7-m/libgcc.a(_arm_truncdfsf2.o)
                0x0000f554                __aeabi_d2f
                0x0000f554                __truncdfsf2
 .text          0x0000f5f4      0x21c /usr/bin/../lib/gcc/arm-none-eabi/4.9.3/armv7-m/libgcc.a(_arm_addsubsf3.o)
                0x0000f5f4                __aeabi_frsub
                0x0000f5fc                __subsf3
                0x0000f5fc                __aeabi_fsub
                0x0000f600                __aeabi_fadd
                0x0000f600                __addsf3
                0x0000f760                __aeabi_ui2f
                0x0000f760                __floatunsisf
                0x0000f768                __aeabi_i2f
                0x0000f768                __floatsisf
                0x0000f784                __floatundisf
                0x0000f784                __aeabi_ul2f
                0x0000f794                __floatdisf
                0x0000f794                __aeabi_l2f
 .text          0x0000f810      0x2a0 /usr/bin/../lib/gcc/arm-none-eabi/4.9.3/armv7-m/libgcc.a(_arm_muldivsf3.o)
                0x0000f810                __mulsf3
                0x0000f810                __aeabi_fmul
                0x0000f978                __divsf3
                0x0000f978                __aeabi_fdiv
 .text          0x0000fab0       0x4c /usr/bin/../lib/gcc/arm-none-eabi/4.9.3/armv7-m/libgcc.a(_arm_fixsfsi.o)
                0x0000fab0                __fixsfsi
                0x0000fab0                __aeabi_f2iz
 .text          0x0000fafc       0x30 /usr/bin/../lib/gcc/arm-none-eabi/4.9.3/armv7-m/libgcc.a(_aeabi_uldivmod.o)
                0x0000fafc                __aeabi_uldivmod
 .text          0x0000fb2c       0x60 /usr/bin/../lib/gcc/arm-none-eabi/4.9.3/armv7-m/libgcc.a(bpabi.o)
                0x0000fb2c                __gnu_ldivmod_helper
                0x0000fb5c                __gnu_uldivmod_helper
 .text          0x0000fb8c        0x4 /usr/bin/../lib/gcc/arm-none-eabi/4.9.3/armv7-m/libgcc.a(_dvmd_tls.o)
                0x0000fb8c                __aeabi_ldiv0
                0x0000fb8c                __aeabi_idiv0
 .text          0x0000fb90      0x2ac /usr/bin/../lib/gcc/arm-none-eabi/4.9.3/armv7-m/libgcc.a(_divdi3.o)
                0x0000fb90                __divdi3
 .text          0x0000fe3c      0x270 /usr/bin/../lib/gcc/arm-none-eabi/4.9.3/armv7-m/libgcc.a(_udivdi3.o)
                0x0000fe3c                __udivdi3
 .text.atoi     0x000100ac        0x8 /usr/bin/../lib/gcc/arm-none-eabi/4.9.3/../../../../arm-none-eabi/lib/armv7-m/libc.a(lib_a-atoi.o)
                0x000100ac                atoi
 .text.__errno  0x000100b4        0xc /usr/bin/../lib/gcc/arm-none-eabi/4.9.3/../../../../arm-none-eabi/lib/armv7-m/libc.a(lib_a-errno.o)
                0x000100b4                __errno
 .text.memcmp   0x000100c0       0x64 /usr/bin/../lib/gcc/arm-none-eabi/4.9.3/../../../../arm-none-eabi/lib/armv7-m/libc.a(lib_a-memcmp.o)
                0x000100c0                memcmp
 .text          0x00010124       0xec /usr/bin/../lib/gcc/arm-none-eabi/4.9.3/../../../../arm-none-eabi/lib/armv7-m/libc.a(lib_a-memcpy.o)
                0x00010124                memcpy
 .text.memmove  0x00010210       0xc8 /usr/bin/../lib/gcc/arm-none-eabi/4.9.3/../../../../arm-none-eabi/lib/armv7-m/libc.a(lib_a-memmove.o)
                0x00010210                memmove
 .text.memset   0x000102d8       0x9c /usr/bin/../lib/gcc/arm-none-eabi/4.9.3/../../../../arm-none-eabi/lib/armv7-m/libc.a(lib_a-memset.o)
                0x000102d8                memset
 .text.srand    0x00010374       0x14 /usr/bin/../lib/gcc/arm-none-eabi/4.9.3/../../../../arm-none-eabi/lib/armv7-m/libc.a(lib_a-rand.o)
                0x00010374                srand
 .text.rand     0x00010388       0x40 /usr/bin/../lib/gcc/arm-none-eabi/4.9.3/../../../../arm-none-eabi/lib/armv7-m/libc.a(lib_a-rand.o)
                0x00010388                rand
 .text          0x000103c8      0x1bc /usr/bin/../lib/gcc/arm-none-eabi/4.9.3/../../../../arm-none-eabi/lib/armv7-m/libc.a(lib_a-strcmp.o)
                0x000103c8                strcmp
 .text.strlen   0x00010584       0x5c /usr/bin/../lib/gcc/arm-none-eabi/4.9.3/../../../../arm-none-eabi/lib/armv7-m/libc.a(lib_a-strlen.o)
                0x00010584                strlen
 .text.strtok   0x000105e0       0x10 /usr/bin/../lib/gcc/arm-none-eabi/4.9.3/../../../../arm-none-eabi/lib/armv7-m/libc.a(lib_a-strtok.o)
                0x000105e0                strtok
 .text.__strtok_r
                0x000105f0       0x64 /usr/bin/../lib/gcc/arm-none-eabi/4.9.3/../../../../arm-none-eabi/lib/armv7-m/libc.a(lib_a-strtok_r.o)
                0x000105f0                __strtok_r
 .text._strtol_r
                0x00010654      0x11c /usr/bin/../lib/gcc/arm-none-eabi/4.9.3/../../../../arm-none-eabi/lib/armv7-m/libc.a(lib_a-strtol.o)
                0x00010654                _strtol_r
 .text.strtol   0x00010770       0x18 /usr/bin/../lib/gcc/arm-none-eabi/4.9.3/../../../../arm-none-eabi/lib/armv7-m/libc.a(lib_a-strtol.o)
                0x00010770                strtol
 *(SORT(.rodata*))
 .rodata.halF   0x00010788       0x10 /usr/bin/../lib/gcc/arm-none-eabi/4.9.3/../../../../arm-none-eabi/lib/armv7-m/libm.a(lib_a-e_exp.o)
 .rodata.ln2LO  0x00010798       0x10 /usr/bin/../lib/gcc/arm-none-eabi/4.9.3/../../../../arm-none-eabi/lib/armv7-m/libm.a(lib_a-e_exp.o)
 .rodata.ln2HI  0x000107a8       0x10 /usr/bin/../lib/gcc/arm-none-eabi/4.9.3/../../../../arm-none-eabi/lib/armv7-m/libm.a(lib_a-e_exp.o)
 .rodata.dp_h   0x000107b8       0x10 /usr/bin/../lib/gcc/arm-none-eabi/4.9.3/../../../../arm-none-eabi/lib/armv7-m/libm.a(lib_a-e_pow.o)
 .rodata.dp_l   0x000107c8       0x10 /usr/bin/../lib/gcc/arm-none-eabi/4.9.3/../../../../arm-none-eabi/lib/armv7-m/libm.a(lib_a-e_pow.o)
 .rodata.bp     0x000107d8       0x10 /usr/bin/../lib/gcc/arm-none-eabi/4.9.3/../../../../arm-none-eabi/lib/armv7-m/libm.a(lib_a-e_pow.o)
 .rodata.TWO52  0x000107e8       0x10 /usr/bin/../lib/gcc/arm-none-eabi/4.9.3/../../../../arm-none-eabi/lib/armv7-m/libm.a(lib_a-s_rint.o)
 .rodata.autostart_processes
                0x000107f8        0x8 broading_listening.co
                0x000107f8                autostart_processes
 .rodata.str1.4
                0x00010800       0xe2 broading_listening.co
 *fill*         0x000108e2        0x2 00000000
 .rodata.str1.4
                0x000108e4       0xa1 contiki-srf06-cc26xx.a(contiki-main.o)
 *fill*         0x00010985        0x3 00000000
 .rodata.str1.4
                0x00010988        0x8 contiki-srf06-cc26xx.a(sensors.o)
 .rodata.str1.4
                0x00010990        0x7 contiki-srf06-cc26xx.a(bmp-280-sensor.)
 *fill*         0x00010997        0x1 00000000
 .rodata.bmp_280_sensor
                0x00010998       0x10 contiki-srf06-cc26xx.a(bmp-280-sensor.)
                0x00010998                bmp_280_sensor
 .rodata.tmp_007_sensor
                0x000109a8       0x10 contiki-srf06-cc26xx.a(tmp-007-sensor.)
                0x000109a8                tmp_007_sensor
 .rodata.str1.4
                0x000109b8        0x7 contiki-srf06-cc26xx.a(tmp-007-sensor.)
 *fill*         0x000109bf        0x1 00000000
 .rodata.str1.4
                0x000109c0        0x8 contiki-srf06-cc26xx.a(opt-3001-sensor)
 .rodata.opt_3001_sensor
                0x000109c8       0x10 contiki-srf06-cc26xx.a(opt-3001-sensor)
                0x000109c8                opt_3001_sensor
 .rodata.hdc_1000_sensor
                0x000109d8       0x10 contiki-srf06-cc26xx.a(hdc-1000-sensor)
                0x000109d8                hdc_1000_sensor
 .rodata.str1.4
                0x000109e8        0x8 contiki-srf06-cc26xx.a(hdc-1000-sensor)
 .rodata.mpu_9250_sensor
                0x000109f0       0x10 contiki-srf06-cc26xx.a(mpu-9250-sensor)
                0x000109f0                mpu_9250_sensor
 .rodata.str1.4
                0x00010a00        0x8 contiki-srf06-cc26xx.a(mpu-9250-sensor)
 .rodata.str1.4
                0x00010a08        0x7 contiki-srf06-cc26xx.a(button-sensor.o)
 *fill*         0x00010a0f        0x1 00000000
 .rodata.button_left_sensor
                0x00010a10       0x10 contiki-srf06-cc26xx.a(button-sensor.o)
                0x00010a10                button_left_sensor
 .rodata.button_right_sensor
                0x00010a20       0x10 contiki-srf06-cc26xx.a(button-sensor.o)
                0x00010a20                button_right_sensor
 .rodata.str1.4
                0x00010a30        0x5 contiki-srf06-cc26xx.a(reed-relay.o)
 *fill*         0x00010a35        0x3 00000000
 .rodata.reed_relay_sensor
                0x00010a38       0x10 contiki-srf06-cc26xx.a(reed-relay.o)
                0x00010a38                reed_relay_sensor
 .rodata.output_power
                0x00010a48       0x68 contiki-srf06-cc26xx.a(ieee-mode.o)
 .rodata.ieee_mode_driver
                0x00010ab0       0x38 contiki-srf06-cc26xx.a(ieee-mode.o)
                0x00010ab0                ieee_mode_driver
 .rodata.mode_ieee
                0x00010ae8        0x8 contiki-srf06-cc26xx.a(ieee-mode.o)
 .rodata.str1.4
                0x00010af0       0x46 contiki-srf06-cc26xx.a(strformat.o)
 *fill*         0x00010b36        0x2 00000000
 .rodata.buffer.4019
                0x00010b38       0x10 contiki-srf06-cc26xx.a(strformat.o)
 .rodata.buffer.4028
                0x00010b48       0x10 contiki-srf06-cc26xx.a(strformat.o)
 .rodata.str1.4
                0x00010b58        0xf contiki-srf06-cc26xx.a(ctimer.o)
 *fill*         0x00010b67        0x1 00000000
 .rodata.str1.4
                0x00010b68        0xc contiki-srf06-cc26xx.a(etimer.o)
 .rodata.str1.4
                0x00010b74        0xe contiki-srf06-cc26xx.a(serial-line.o)
 *fill*         0x00010b82        0x2 00000000
 .rodata        0x00010b84        0x2 contiki-srf06-cc26xx.a(sicslowpan.o)
 *fill*         0x00010b86        0x2 00000000
 .rodata.ttl_values
                0x00010b88        0x4 contiki-srf06-cc26xx.a(sicslowpan.o)
 .rodata.unc_llconf
                0x00010b8c        0x4 contiki-srf06-cc26xx.a(sicslowpan.o)
                0x00010b8c                unc_llconf
 .rodata.llprefix
                0x00010b90        0x2 contiki-srf06-cc26xx.a(sicslowpan.o)
                0x00010b90                llprefix
 *fill*         0x00010b92        0x2 00000000
 .rodata.sicslowpan_driver
                0x00010b94        0xc contiki-srf06-cc26xx.a(sicslowpan.o)
                0x00010b94                sicslowpan_driver
 .rodata.unc_mxconf
                0x00010ba0        0x4 contiki-srf06-cc26xx.a(sicslowpan.o)
                0x00010ba0                unc_mxconf
 .rodata.unc_ctxconf
                0x00010ba4        0x4 contiki-srf06-cc26xx.a(sicslowpan.o)
                0x00010ba4                unc_ctxconf
 .rodata.str1.4
                0x00010ba8        0xb contiki-srf06-cc26xx.a(sicslowpan.o)
 *fill*         0x00010bb3        0x1 00000000
 .rodata.str1.4
                0x00010bb4        0xd contiki-srf06-cc26xx.a(tcpip.o)
 *fill*         0x00010bc1        0x3 00000000
 .rodata.str1.4
                0x00010bc4       0x41 contiki-srf06-cc26xx.a(uip-debug.o)
 *fill*         0x00010c05        0x3 00000000
 .rodata.linkaddr_null
                0x00010c08        0x8 contiki-srf06-cc26xx.a(linkaddr.o)
                0x00010c08                linkaddr_null
 .rodata.str1.4
                0x00010c10        0x5 contiki-srf06-cc26xx.a(csma.o)
 *fill*         0x00010c15        0x3 00000000
 .rodata.csma_driver
                0x00010c18       0x1c contiki-srf06-cc26xx.a(csma.o)
                0x00010c18                csma_driver
 .rodata.framer_802154
                0x00010c34        0xc contiki-srf06-cc26xx.a(framer-802154.o)
                0x00010c34                framer_802154
 .rodata.str1.4
                0x00010c40        0x8 contiki-srf06-cc26xx.a(nullrdc.o)
 .rodata.nullrdc_driver
                0x00010c48       0x20 contiki-srf06-cc26xx.a(nullrdc.o)
                0x00010c48                nullrdc_driver
 .rodata.str1.4
                0x00010c68        0x8 contiki-srf06-cc26xx.a(nullsec.o)
 .rodata.nullsec_driver
                0x00010c70       0x10 contiki-srf06-cc26xx.a(nullsec.o)
                0x00010c70                nullsec_driver
 .rodata        0x00010c80        0x4 contiki-srf06-cc26xx.a(ext-flash.o)
 .rodata.str1.4
                0x00010c84       0x46 contiki-srf06-cc26xx.a(rf-core.o)
 *fill*         0x00010cca        0x2 00000000
 .rodata.str1.4
                0x00010ccc        0x4 /usr/bin/../lib/gcc/arm-none-eabi/4.9.3/../../../../arm-none-eabi/lib/armv7-m/libm.a(lib_a-w_exp.o)
 .rodata.str1.4
                0x00010cd0        0x4 /usr/bin/../lib/gcc/arm-none-eabi/4.9.3/../../../../arm-none-eabi/lib/armv7-m/libm.a(lib_a-w_pow.o)
 .rodata.str1.4
                0x00000000        0x4 /usr/bin/../lib/gcc/arm-none-eabi/4.9.3/../../../../arm-none-eabi/lib/armv7-m/libm.a(lib_a-e_pow.o)
                                  0x1 (size before relaxing)
 .rodata.str1.4
                0x00010cd4        0x4 /usr/bin/../lib/gcc/arm-none-eabi/4.9.3/../../../../arm-none-eabi/lib/armv7-m/libc.a(lib_a-impure.o)
                                  0x2 (size before relaxing)
 .rodata._ctype_
                0x00010cd8      0x101 /usr/bin/../lib/gcc/arm-none-eabi/4.9.3/../../../../arm-none-eabi/lib/armv7-m/libc.a(lib_a-ctype_.o)
                0x00010cd8                _ctype_
                0x00010dd9                _etext = .

.glue_7         0x00010ddc        0x0
 .glue_7        0x00000000        0x0 linker stubs

.glue_7t        0x00010ddc        0x0
 .glue_7t       0x00000000        0x0 linker stubs

.vfp11_veneer   0x00010ddc        0x0
 .vfp11_veneer  0x00000000        0x0 linker stubs

.v4_bx          0x00010ddc        0x0
 .v4_bx         0x00000000        0x0 linker stubs

.iplt           0x00010ddc        0x0
 .iplt          0x00000000        0x0 obj_srf06-cc26xx/startup_gcc.o

.data           0x20000000      0x697 load address 0x00010dd9
                0x20000000                _data = .
 *(SORT(vtable))
 *(SORT(.data*))
 .data.impure_data
                0x20000000      0x428 /usr/bin/../lib/gcc/arm-none-eabi/4.9.3/../../../../arm-none-eabi/lib/armv7-m/libc.a(lib_a-impure.o)
 .data.self_ID  0x20000428        0x4 broading_listening.co
                0x20000428                self_ID
 .data.payload  0x2000042c       0x18 broading_listening.co
                0x2000042c                payload
 .data.buzzFreq
                0x20000444        0x4 broading_listening.co
                0x20000444                buzzFreq
 .data.zigphy_rx_process
                0x20000448       0x10 broading_listening.co
                0x20000448                zigphy_rx_process
 .data.sensors_process
                0x20000458       0x10 contiki-srf06-cc26xx.a(sensors.o)
                0x20000458                sensors_process
 .data.sensors  0x20000468       0x24 contiki-srf06-cc26xx.a(sensortag-senso)
                0x20000468                sensors
 .data.buzzer_module
                0x2000048c       0x14 contiki-srf06-cc26xx.a(buzzer.o)
 .data.sensortag_module
                0x200004a0       0x14 contiki-srf06-cc26xx.a(board.o)
 .data.uart_module
                0x200004b4       0x14 contiki-srf06-cc26xx.a(cc26xx-uart.o)
 .data.cc26xx_rf_lpm_module
                0x200004c8       0x14 contiki-srf06-cc26xx.a(ieee-mode.o)
 .data.tx_power_current
                0x200004dc        0x4 contiki-srf06-cc26xx.a(ieee-mode.o)
                0x200004dc                tx_power_current
 .data.ieee_overrides
                0x200004e0       0x2c contiki-srf06-cc26xx.a(ieee-mode.o)
 .data.ctxt     0x2000050c        0x8 contiki-srf06-cc26xx.a(dbg-printf.o)
 .data.ctimer_process
                0x20000514       0x10 contiki-srf06-cc26xx.a(ctimer.o)
                0x20000514                ctimer_process
 .data.etimer_process
                0x20000524       0x10 contiki-srf06-cc26xx.a(etimer.o)
                0x20000524                etimer_process
 .data.serial_line_process
                0x20000534       0x10 contiki-srf06-cc26xx.a(serial-line.o)
                0x20000534                serial_line_process
 .data.ds6_neighbors
                0x20000544        0x4 contiki-srf06-cc26xx.a(uip-ds6-nbr.o)
                0x20000544                ds6_neighbors
 .data.ds6_neighbors_struct
                0x20000548       0x10 contiki-srf06-cc26xx.a(uip-ds6-nbr.o)
 .data.defaultroutermemb
                0x20000558        0xc contiki-srf06-cc26xx.a(uip-ds6-route.o)
 .data.nbr_routes_struct
                0x20000564       0x10 contiki-srf06-cc26xx.a(uip-ds6-route.o)
 .data.nbr_routes
                0x20000574        0x4 contiki-srf06-cc26xx.a(uip-ds6-route.o)
                0x20000574                nbr_routes
 .data.routememb
                0x20000578        0xc contiki-srf06-cc26xx.a(uip-ds6-route.o)
 .data.neighborroutememb
                0x20000584        0xc contiki-srf06-cc26xx.a(uip-ds6-route.o)
 .data.echo_request_handler
                0x20000590        0xc contiki-srf06-cc26xx.a(uip-icmp6.o)
 .data.echo_reply_handler
                0x2000059c        0xc contiki-srf06-cc26xx.a(uip-icmp6.o)
 .data.ns_input_handler
                0x200005a8        0xc contiki-srf06-cc26xx.a(uip-nd6.o)
 .data.na_input_handler
                0x200005b4        0xc contiki-srf06-cc26xx.a(uip-nd6.o)
 .data.tcpip_process
                0x200005c0       0x10 contiki-srf06-cc26xx.a(tcpip.o)
                0x200005c0                tcpip_process
 .data.rpl_parents
                0x200005d0        0x4 contiki-srf06-cc26xx.a(rpl-dag.o)
                0x200005d0                rpl_parents
 .data.rpl_parents_struct
                0x200005d4       0x10 contiki-srf06-cc26xx.a(rpl-dag.o)
 .data.dao_ack_handler
                0x200005e4        0xc contiki-srf06-cc26xx.a(rpl-icmp6.o)
 .data.dis_handler
                0x200005f0        0xc contiki-srf06-cc26xx.a(rpl-icmp6.o)
 .data.dao_handler
                0x200005fc        0xc contiki-srf06-cc26xx.a(rpl-icmp6.o)
 .data.dio_handler
                0x20000608        0xc contiki-srf06-cc26xx.a(rpl-icmp6.o)
 .data.rpl_mrhof
                0x20000614       0x1c contiki-srf06-cc26xx.a(rpl-mrhof.o)
                0x20000614                rpl_mrhof
 .data.neighbor_addr_mem
                0x20000630        0xc contiki-srf06-cc26xx.a(nbr-table.o)
 .data.bufmem   0x2000063c        0xc contiki-srf06-cc26xx.a(queuebuf.o)
 .data.buframmem
                0x20000648        0xc contiki-srf06-cc26xx.a(queuebuf.o)
 .data.metadata_memb
                0x20000654        0xc contiki-srf06-cc26xx.a(csma.o)
 .data.neighbor_memb
                0x20000660        0xc contiki-srf06-cc26xx.a(csma.o)
 .data.packet_memb
                0x2000066c        0xc contiki-srf06-cc26xx.a(csma.o)
 .data.rf_core_process
                0x20000678       0x10 contiki-srf06-cc26xx.a(rf-core.o)
                0x20000678                rf_core_process
 .data._impure_ptr
                0x20000688        0x4 /usr/bin/../lib/gcc/arm-none-eabi/4.9.3/../../../../arm-none-eabi/lib/armv7-m/libc.a(lib_a-impure.o)
                0x20000688                _impure_ptr
 .data.__ctype_ptr__
                0x2000068c        0x4 /usr/bin/../lib/gcc/arm-none-eabi/4.9.3/../../../../arm-none-eabi/lib/armv7-m/libc.a(lib_a-ctype_.o)
                0x2000068c                __ctype_ptr__
 .data.rssi     0x20000690        0x2 broading_listening.co
                0x20000690                rssi
 .data.mac_pan_id
                0x20000692        0x2 contiki-srf06-cc26xx.a(frame802154.o)
 .data.interface
                0x20000694        0x1 contiki-srf06-cc26xx.a(board-i2c.o)
 .data.dao_sequence
                0x20000695        0x1 contiki-srf06-cc26xx.a(rpl-icmp6.o)
 .data.__fdlib_version
                0x20000696        0x1 /usr/bin/../lib/gcc/arm-none-eabi/4.9.3/../../../../arm-none-eabi/lib/armv7-m/libm.a(lib_a-s_lib_ver.o)
                0x20000696                __fdlib_version
                0x20000697                _edata = .

.igot.plt       0x20000698        0x0 load address 0x00011470
 .igot.plt      0x00000000        0x0 obj_srf06-cc26xx/startup_gcc.o

.ARM.exidx      0x00011470        0x8
 *(SORT(.ARM.exidx*))
 .ARM.exidx     0x00011470        0x8 /usr/bin/../lib/gcc/arm-none-eabi/4.9.3/armv7-m/libgcc.a(_divdi3.o)
 .ARM.exidx     0x00011478        0x0 /usr/bin/../lib/gcc/arm-none-eabi/4.9.3/armv7-m/libgcc.a(_udivdi3.o)
                                  0x8 (size before relaxing)

.bss            0x20000698     0x2dbe
                0x20000698                _bss = .
 *(SORT(.bss*))
 .bss.count     0x20000698        0x8 contiki-srf06-cc26xx.a(clock.o)
 .bss.i         0x200006a0        0x4 broading_listening.co
                0x200006a0                i
 .bss.alarmTimer
                0x200006a4        0x4 broading_listening.co
                0x200006a4                alarmTimer
 .bss.i.4813    0x200006a8        0x4 contiki-srf06-cc26xx.a(sensors.o)
 .bss.events.4814
                0x200006ac        0x4 contiki-srf06-cc26xx.a(sensors.o)