Archive member included because of file (symbol)

contiki-srf06-cc26xx.a(contiki-main.o)
                              obj_srf06-cc26xx/startup_gcc.o (main)
contiki-srf06-cc26xx.a(sensors.o)
                              contiki-srf06-cc26xx.a(contiki-main.o) (sensors_process)
contiki-srf06-cc26xx.a(leds.o)
                              contiki-srf06-cc26xx.a(contiki-main.o) (leds_init)
contiki-srf06-cc26xx.a(leds-arch.o)
                              contiki-srf06-cc26xx.a(leds.o) (leds_arch_init)
contiki-srf06-cc26xx.a(sensortag-senso)
                              contiki-srf06-cc26xx.a(sensors.o) (sensors_flags)
contiki-srf06-cc26xx.a(bmp-280-sensor.)
                              contiki-srf06-cc26xx.a(sensortag-senso) (bmp_280_sensor)
contiki-srf06-cc26xx.a(tmp-007-sensor.)
                              contiki-srf06-cc26xx.a(sensortag-senso) (tmp_007_sensor)
contiki-srf06-cc26xx.a(opt-3001-sensor)
                              contiki-srf06-cc26xx.a(sensortag-senso) (opt_3001_sensor)
contiki-srf06-cc26xx.a(hdc-1000-sensor)
                              contiki-srf06-cc26xx.a(sensortag-senso) (hdc_1000_sensor)
contiki-srf06-cc26xx.a(mpu-9250-sensor)
                              contiki-srf06-cc26xx.a(sensortag-senso) (mpu_9250_sensor)
contiki-srf06-cc26xx.a(button-sensor.o)
                              contiki-srf06-cc26xx.a(sensortag-senso) (button_right_sensor)
contiki-srf06-cc26xx.a(reed-relay.o)
                              contiki-srf06-cc26xx.a(sensortag-senso) (reed_relay_sensor)
contiki-srf06-cc26xx.a(buzzer.o)
                              broading_listening.co (buzzer_start)
contiki-srf06-cc26xx.a(board.o)
                              contiki-srf06-cc26xx.a(contiki-main.o) (board_init)
contiki-srf06-cc26xx.a(board-i2c.o)
                              contiki-srf06-cc26xx.a(board.o) (board_i2c_wakeup)
contiki-srf06-cc26xx.a(clock.o)
                              contiki-srf06-cc26xx.a(contiki-main.o) (clock_init)
contiki-srf06-cc26xx.a(rtimer-arch.o)
                              contiki-srf06-cc26xx.a(mpu-9250-sensor) (rtimer_arch_now)
contiki-srf06-cc26xx.a(soc-rtc.o)
                              contiki-srf06-cc26xx.a(contiki-main.o) (soc_rtc_init)
contiki-srf06-cc26xx.a(contiki-watchdo)
                              contiki-srf06-cc26xx.a(contiki-main.o) (watchdog_init)
contiki-srf06-cc26xx.a(putchar.o)
                              contiki-srf06-cc26xx.a(contiki-main.o) (putchar)
contiki-srf06-cc26xx.a(ieee-addr.o)
                              contiki-srf06-cc26xx.a(contiki-main.o) (ieee_addr_cpy_to)
contiki-srf06-cc26xx.a(cc26xx-uart.o)
                              contiki-srf06-cc26xx.a(contiki-main.o) (cc26xx_uart_init)
contiki-srf06-cc26xx.a(lpm.o)
                              contiki-srf06-cc26xx.a(button-sensor.o) (lpm_shutdown)
contiki-srf06-cc26xx.a(gpio-interrupt.)
                              contiki-srf06-cc26xx.a(button-sensor.o) (gpio_interrupt_register_handler)
contiki-srf06-cc26xx.a(oscillators.o)
                              contiki-srf06-cc26xx.a(contiki-main.o) (oscillators_select_lf_xosc)
contiki-srf06-cc26xx.a(ieee-mode.o)
                              broading_listening.co (ieee_mode_driver)
contiki-srf06-cc26xx.a(dbg-printf.o)
                              broading_listening.co (printf)
contiki-srf06-cc26xx.a(dbg-sprintf.o)
                              broading_listening.co (sprintf)
contiki-srf06-cc26xx.a(strformat.o)
                              contiki-srf06-cc26xx.a(dbg-printf.o) (format_str_v)
contiki-srf06-cc26xx.a(autostart.o)
                              contiki-srf06-cc26xx.a(contiki-main.o) (autostart_start)
contiki-srf06-cc26xx.a(ctimer.o)
                              contiki-srf06-cc26xx.a(contiki-main.o) (ctimer_init)
contiki-srf06-cc26xx.a(energest.o)
                              contiki-srf06-cc26xx.a(contiki-main.o) (energest_init)
contiki-srf06-cc26xx.a(etimer.o)
                              contiki-srf06-cc26xx.a(clock.o) (etimer_request_poll)
contiki-srf06-cc26xx.a(process.o)
                              contiki-srf06-cc26xx.a(sensors.o) (process_alloc_event)
contiki-srf06-cc26xx.a(rtimer.o)
                              contiki-srf06-cc26xx.a(contiki-main.o) (rtimer_init)
contiki-srf06-cc26xx.a(timer.o)
                              contiki-srf06-cc26xx.a(button-sensor.o) (timer_set)
contiki-srf06-cc26xx.a(serial-line.o)
                              contiki-srf06-cc26xx.a(contiki-main.o) (serial_line_init)
contiki-srf06-cc26xx.a(list.o)
                              contiki-srf06-cc26xx.a(lpm.o) (list_init)
contiki-srf06-cc26xx.a(random.o)
                              contiki-srf06-cc26xx.a(contiki-main.o) (random_init)
contiki-srf06-cc26xx.a(ringbuf.o)
                              contiki-srf06-cc26xx.a(serial-line.o) (ringbuf_init)
contiki-srf06-cc26xx.a(sicslowpan.o)
                              contiki-srf06-cc26xx.a(contiki-main.o) (sicslowpan_driver)
contiki-srf06-cc26xx.a(uip6.o)
[...]
Memory Configuration

Name             Origin             Length             Attributes
FLASH            0x00000000         0x0001ffa8         xr
FLASH_CCFG       0x0001ffa8         0x00000058         xr
SRAM             0x20000000         0x00005000         xrw
GPRAM            0x11000000         0x00002000         xrw
*default*        0x00000000         0xffffffff

Linker script and memory map

LOAD obj_srf06-cc26xx/fault-handlers.o
LOAD obj_srf06-cc26xx/ccfg.o
LOAD obj_srf06-cc26xx/startup_gcc.o
LOAD broading_listening.co
LOAD contiki-srf06-cc26xx.a
LOAD /usr/bin/../lib/gcc/arm-none-eabi/4.9.3/../../../../arm-none-eabi/lib/armv7-m/libm.a
START GROUP
LOAD /usr/bin/../lib/gcc/arm-none-eabi/4.9.3/armv7-m/libgcc.a
LOAD /usr/bin/../lib/gcc/arm-none-eabi/4.9.3/../../../../arm-none-eabi/lib/armv7-m/libc.a
END GROUP
                0x20005000                _estack = (ORIGIN (SRAM) + 0x5000)
                0x00000000                _Min_Heap_Size = 0x0
                0x00000100                _Min_Stack_Size = 0x100

.text           0x00000000    0x10448
                0x00000000                _text = .
 *(SORT(.vectors))
 .vectors       0x00000000       0xc8 obj_srf06-cc26xx/startup_gcc.o
                0x00000000                gVectors
 *(SORT(.text*))
 .text.value    0x000000c8       0xb0 contiki-srf06-cc26xx.a(opt-3001-sensor)
 .text.value    0x00000178       0x9c contiki-srf06-cc26xx.a(hdc-1000-sensor)
 *fill*         0x00000214        0x4 00000000
 .text.value    0x00000218      0x1b4 contiki-srf06-cc26xx.a(mpu-9250-sensor)
 *fill*         0x000003cc        0x4 00000000
 .text.__ieee754_pow
                0x000003d0      0xaa0 /usr/bin/../lib/gcc/arm-none-eabi/4.9.3/../../../../arm-none-eabi/lib/armv7-m/libm.a(lib_a-e_pow.o)
                0x000003d0                __ieee754_pow
 .text.scalbn   0x00000e70       0xec /usr/bin/../lib/gcc/arm-none-eabi/4.9.3/../../../../arm-none-eabi/lib/armv7-m/libm.a(lib_a-s_scalbn.o)
                0x00000e70                scalbn
 .text.FaultISR
                0x00000f5c       0x18 obj_srf06-cc26xx/fault-handlers.o
                0x00000f5c                FaultISR
 .text.NmiSRHandler
                0x00000f74        0x4 obj_srf06-cc26xx/startup_gcc.o
                0x00000f74                NmiSR
 .text.IntDefaultHandler
                0x00000f78        0x4 obj_srf06-cc26xx/startup_gcc.o
                0x00000f78                TRNGIntHandler
                0x00000f78                SSI0IntHandler
                0x00000f78                SWEvent0IntHandler
                0x00000f78                uDMAIntHandler
                0x00000f78                WatchdogIntHandler
                0x00000f78                RFCHardwareIntHandler
                0x00000f78                Timer1BIntHandler
                0x00000f78                I2SIntHandler
                0x00000f78                Timer2BIntHandler
                0x00000f78                Timer2AIntHandler
                0x00000f78                Timer1AIntHandler
                0x00000f78                AONIntHandler
                0x00000f78                AUXSWEvent0IntHandler
                0x00000f78                AUXADCIntHandler
                0x00000f78                PendSVIntHandler
                0x00000f78                AUXSWEvent1IntHandler
                0x00000f78                SVCallIntHandler
                0x00000f78                MPUFaultIntHandler
                0x00000f78                SysTickIntHandler
                0x00000f78                BusFaultIntHandler
                0x00000f78                AONProgIntHandler
                0x00000f78                AUXCompAIntHandler
                0x00000f78                SSI1IntHandler
                0x00000f78                FlashIntHandler
                0x00000f78                uDMAErrIntHandler
                0x00000f78                UsageFaultIntHandler
                0x00000f78                RFCCmdAckIntHandler
                0x00000f78                CryptoIntHandler
                0x00000f78                Timer0AIntHandler
                0x00000f78                I2CIntHandler
                0x00000f78                DebugMonIntHandler
                0x00000f78                Timer0BIntHandler
                0x00000f78                AUXCombEventIntHandler
                0x00000f78                Timer3AIntHandler
                0x00000f78                DynProgIntHandler
                0x00000f78                Timer3BIntHandler
 .text.ResetISR
                0x00000f7c       0x5c obj_srf06-cc26xx/startup_gcc.o
                0x00000f7c                ResetISR
 .text.process_thread_zigphy_rx_process
                0x00000fd8      0x1d8 broading_listening.co
 .text.fade     0x000011b0       0x64 contiki-srf06-cc26xx.a(contiki-main.o)
 .text.startup.main
                0x00001214      0x1e4 contiki-srf06-cc26xx.a(contiki-main.o)
                0x00001214                main
 .text.process_thread_sensors_process
                0x000013f8       0xf8 contiki-srf06-cc26xx.a(sensors.o)
 .text.sensors_changed
                0x000014f0       0x50 contiki-srf06-cc26xx.a(sensors.o)
                0x000014f0                sensors_changed
 .text.leds_init
                0x00001540       0x14 contiki-srf06-cc26xx.a(leds.o)
                0x00001540                leds_init
 .text.leds_on  0x00001554       0x14 contiki-srf06-cc26xx.a(leds.o)
                0x00001554                leds_on
 .text.leds_off
                0x00001568       0x14 contiki-srf06-cc26xx.a(leds.o)
                0x00001568                leds_off
 .text.leds_arch_init
                0x0000157c       0x38 contiki-srf06-cc26xx.a(leds-arch.o)
                0x0000157c                leds_arch_init
 .text.leds_arch_set
                0x000015b4       0x34 contiki-srf06-cc26xx.a(leds-arch.o)
                0x000015b4                leds_arch_set
 .text.status   0x000015e8       0x14 contiki-srf06-cc26xx.a(bmp-280-sensor.)
 .text.notify_ready
                0x000015fc       0x14 contiki-srf06-cc26xx.a(bmp-280-sensor.)
 .text.enable_sensor
                0x00001610       0x2c contiki-srf06-cc26xx.a(bmp-280-sensor.)
 .text.configure
                0x0000163c       0x94 contiki-srf06-cc26xx.a(bmp-280-sensor.)
 .text.value    0x000016d0      0x15c contiki-srf06-cc26xx.a(bmp-280-sensor.)
 .text.status   0x0000182c       0x14 contiki-srf06-cc26xx.a(tmp-007-sensor.)
 .text.notify_ready
                0x00001840       0x14 contiki-srf06-cc26xx.a(tmp-007-sensor.)
 .text.enable_sensor
                0x00001854       0x2c contiki-srf06-cc26xx.a(tmp-007-sensor.)
 .text.configure
                0x00001880       0x94 contiki-srf06-cc26xx.a(tmp-007-sensor.)
 .text.value    0x00001914       0xec contiki-srf06-cc26xx.a(tmp-007-sensor.)
 .text.status   0x00001a00        0xc contiki-srf06-cc26xx.a(opt-3001-sensor)
 .text.enable_sensor
                0x00001a0c       0x44 contiki-srf06-cc26xx.a(opt-3001-sensor)
 .text.notify_ready
                0x00001a50       0x54 contiki-srf06-cc26xx.a(opt-3001-sensor)
 .text.configure
                0x00001aa4       0x4c contiki-srf06-cc26xx.a(opt-3001-sensor)
 .text.status   0x00001af0       0x14 contiki-srf06-cc26xx.a(hdc-1000-sensor)
 .text.notify_ready
                0x00001b04       0x60 contiki-srf06-cc26xx.a(hdc-1000-sensor)
 .text.configure
                0x00001b64       0xb8 contiki-srf06-cc26xx.a(hdc-1000-sensor)
 .text.acc_convert
                0x00001c1c       0x70 contiki-srf06-cc26xx.a(mpu-9250-sensor)
 .text.status   0x00001c8c       0x14 contiki-srf06-cc26xx.a(mpu-9250-sensor)
 .text.notify_ready
                0x00001ca0       0x14 contiki-srf06-cc26xx.a(mpu-9250-sensor)
 .text.sensor_sleep
                0x00001cb4       0x38 contiki-srf06-cc26xx.a(mpu-9250-sensor)
 .text.configure
                0x00001cec       0xdc contiki-srf06-cc26xx.a(mpu-9250-sensor)
 .text.int_status
                0x00001dc8       0x28 contiki-srf06-cc26xx.a(mpu-9250-sensor)
 .text.initialise
                0x00001df0       0xfc contiki-srf06-cc26xx.a(mpu-9250-sensor)
 .text.status.part.0
                0x00001eec       0x14 contiki-srf06-cc26xx.a(button-sensor.o)
 .text.value_left
                0x00001f00       0x24 contiki-srf06-cc26xx.a(button-sensor.o)
 .text.value_right
                0x00001f24       0x18 contiki-srf06-cc26xx.a(button-sensor.o)
 .text.status_left
                0x00001f3c       0x10 contiki-srf06-cc26xx.a(button-sensor.o)
 .text.status_right
                0x00001f4c       0x10 contiki-srf06-cc26xx.a(button-sensor.o)
 .text.config_buttons
                0x00001f5c       0x8c contiki-srf06-cc26xx.a(button-sensor.o)
 .text.config_left
                0x00001fe8        0xc contiki-srf06-cc26xx.a(button-sensor.o)
 .text.config_right
                0x00001ff4        0xc contiki-srf06-cc26xx.a(button-sensor.o)
 .text.button_press_handler
                0x00002000       0x64 contiki-srf06-cc26xx.a(button-sensor.o)
 .text.value    0x00002064       0x10 contiki-srf06-cc26xx.a(reed-relay.o)
 .text.status   0x00002074       0x20 contiki-srf06-cc26xx.a(reed-relay.o)
 .text.configure
                0x00002094       0x6c contiki-srf06-cc26xx.a(reed-relay.o)
 .text.reed_interrupt_handler
                0x00002100       0x28 contiki-srf06-cc26xx.a(reed-relay.o)
 .text.buzzer_init
                0x00002128        0xc contiki-srf06-cc26xx.a(buzzer.o)
                0x00002128                buzzer_init
 .text.buzzer_start
                0x00002134       0xa4 contiki-srf06-cc26xx.a(buzzer.o)
                0x00002134                buzzer_start
 .text.buzzer_stop
                0x000021d8       0x74 contiki-srf06-cc26xx.a(buzzer.o)
                0x000021d8                buzzer_stop
 .text.power_domains_on
                0x0000224c       0x20 contiki-srf06-cc26xx.a(board.o)
 .text.lpm_wakeup_handler
                0x0000226c        0x4 contiki-srf06-cc26xx.a(board.o)
 .text.shutdown_handler
                0x00002270       0x68 contiki-srf06-cc26xx.a(board.o)
 .text.board_init
                0x000022d8      0x118 contiki-srf06-cc26xx.a(board.o)
                0x000022d8                board_init
 .text.i2c_status
                0x000023f0       0x34 contiki-srf06-cc26xx.a(board-i2c.o)
 .text.accessible
                0x00002424       0x24 contiki-srf06-cc26xx.a(board-i2c.o)
 .text.board_i2c_wakeup
                0x00002448       0x5c contiki-srf06-cc26xx.a(board-i2c.o)
                0x00002448                board_i2c_wakeup
 .text.board_i2c_shutdown
                0x000024a4       0xa4 contiki-srf06-cc26xx.a(board-i2c.o)
                0x000024a4                board_i2c_shutdown
 .text.board_i2c_write
                0x00002548       0xc0 contiki-srf06-cc26xx.a(board-i2c.o)
                0x00002548                board_i2c_write
 .text.board_i2c_write_single
                0x00002608       0x44 contiki-srf06-cc26xx.a(board-i2c.o)
                0x00002608                board_i2c_write_single
 .text.board_i2c_read
                0x0000264c       0xb4 contiki-srf06-cc26xx.a(board-i2c.o)
                0x0000264c                board_i2c_read
 .text.board_i2c_write_read
                0x00002700      0x138 contiki-srf06-cc26xx.a(board-i2c.o)
                0x00002700                board_i2c_write_read
 .text.board_i2c_select
                0x00002838       0xdc contiki-srf06-cc26xx.a(board-i2c.o)
                0x00002838                board_i2c_select
 .text.power_domain_on
                0x00002914       0x20 contiki-srf06-cc26xx.a(clock.o)
 .text.clock_init
                0x00002934       0x90 contiki-srf06-cc26xx.a(clock.o)
                0x00002934                clock_init
 .text.clock_time
                0x000029c4       0x34 contiki-srf06-cc26xx.a(clock.o)
                0x000029c4                clock_time
 .text.clock_update
                0x000029f8       0x3c contiki-srf06-cc26xx.a(clock.o)
                0x000029f8                clock_update
 .text.clock_seconds
                0x00002a34       0x18 contiki-srf06-cc26xx.a(clock.o)
                0x00002a34                clock_seconds
 .text.rtimer_arch_init
                0x00002a4c        0x4 contiki-srf06-cc26xx.a(rtimer-arch.o)
                0x00002a4c                rtimer_arch_init
 .text.rtimer_arch_schedule
                0x00002a50        0x8 contiki-srf06-cc26xx.a(rtimer-arch.o)
                0x00002a50                rtimer_arch_schedule
 .text.rtimer_arch_now
                0x00002a58        0x4 contiki-srf06-cc26xx.a(rtimer-arch.o)
                0x00002a58                rtimer_arch_now
 .text.soc_rtc_init
                0x00002a5c       0x94 contiki-srf06-cc26xx.a(soc-rtc.o)
                0x00002a5c                soc_rtc_init
 .text.soc_rtc_get_next_trigger
                0x00002af0       0x28 contiki-srf06-cc26xx.a(soc-rtc.o)
                0x00002af0                soc_rtc_get_next_trigger
 .text.soc_rtc_schedule_one_shot
                0x00002b18       0x4c contiki-srf06-cc26xx.a(soc-rtc.o)
                0x00002b18                soc_rtc_schedule_one_shot
 .text.soc_rtc_last_isr_time
                0x00002b64        0xc contiki-srf06-cc26xx.a(soc-rtc.o)
                0x00002b64                soc_rtc_last_isr_time
 .text.AONRTCIntHandler
                0x00002b70       0x68 contiki-srf06-cc26xx.a(soc-rtc.o)
                0x00002b70                AONRTCIntHandler
 .text.lock_config
                0x00002bd8       0x18 contiki-srf06-cc26xx.a(contiki-watchdo)
 .text.unlock_config
                0x00002bf0       0x2c contiki-srf06-cc26xx.a(contiki-watchdo)
 .text.watchdog_init
                0x00002c1c       0x1c contiki-srf06-cc26xx.a(contiki-watchdo)
                0x00002c1c                watchdog_init
 .text.watchdog_start
                0x00002c38       0x30 contiki-srf06-cc26xx.a(contiki-watchdo)
                0x00002c38                watchdog_start
 .text.watchdog_periodic
                0x00002c68       0x1c contiki-srf06-cc26xx.a(contiki-watchdo)
                0x00002c68                watchdog_periodic
 .text.watchdog_stop
                0x00002c84       0x18 contiki-srf06-cc26xx.a(contiki-watchdo)
                0x00002c84                watchdog_stop
 .text.putchar  0x00002c9c       0x10 contiki-srf06-cc26xx.a(putchar.o)
                0x00002c9c                putchar
 .text.puts     0x00002cac       0x30 contiki-srf06-cc26xx.a(putchar.o)
                0x00002cac                puts
 .text.dbg_send_bytes
                0x00002cdc       0x40 contiki-srf06-cc26xx.a(putchar.o)
                0x00002cdc                dbg_send_bytes
 .text.ieee_addr_cpy_to
                0x00002d1c       0x40 contiki-srf06-cc26xx.a(ieee-addr.o)
                0x00002d1c                ieee_addr_cpy_to
 .text.power_and_clock
                0x00002d5c       0x40 contiki-srf06-cc26xx.a(cc26xx-uart.o)
 .text.enable   0x00002d9c       0xf4 contiki-srf06-cc26xx.a(cc26xx-uart.o)
 .text.accessible
                0x00002e90       0x24 contiki-srf06-cc26xx.a(cc26xx-uart.o)
 .text.lpm_drop_handler
                0x00002eb4       0xcc contiki-srf06-cc26xx.a(cc26xx-uart.o)
 .text.cc26xx_uart_init
                0x00002f80       0x28 contiki-srf06-cc26xx.a(cc26xx-uart.o)
                0x00002f80                cc26xx_uart_init
 .text.cc26xx_uart_write_byte
                0x00002fa8       0x28 contiki-srf06-cc26xx.a(cc26xx-uart.o)
                0x00002fa8                cc26xx_uart_write_byte
 .text.cc26xx_uart_busy
                0x00002fd0       0x18 contiki-srf06-cc26xx.a(cc26xx-uart.o)
                0x00002fd0                cc26xx_uart_busy
 .text.UART0IntHandler
                0x00002fe8       0x54 contiki-srf06-cc26xx.a(cc26xx-uart.o)
                0x00002fe8                UART0IntHandler
 .text.lpm_shutdown
                0x0000303c      0x1b8 contiki-srf06-cc26xx.a(lpm.o)
                0x0000303c                lpm_shutdown
 .text.lpm_drop
                0x000031f4      0x1fc contiki-srf06-cc26xx.a(lpm.o)
                0x000031f4                lpm_drop
 .text.lpm_sleep
                0x000033f0       0x14 contiki-srf06-cc26xx.a(lpm.o)
                0x000033f0                lpm_sleep
 .text.lpm_register_module
                0x00003404        0xc contiki-srf06-cc26xx.a(lpm.o)
                0x00003404                lpm_register_module
 .text.lpm_unregister_module
                0x00003410        0xc contiki-srf06-cc26xx.a(lpm.o)
                0x00003410                lpm_unregister_module
 .text.lpm_init
                0x0000341c       0x20 contiki-srf06-cc26xx.a(lpm.o)
                0x0000341c                lpm_init
 .text.lpm_pin_set_default_state
                0x0000343c       0x30 contiki-srf06-cc26xx.a(lpm.o)
                0x0000343c                lpm_pin_set_default_state
 .text.gpio_interrupt_register_handler
                0x0000346c       0x2c contiki-srf06-cc26xx.a(gpio-interrupt.)
                0x0000346c                gpio_interrupt_register_handler
 .text.gpio_interrupt_init
                0x00003498       0x24 contiki-srf06-cc26xx.a(gpio-interrupt.)
                0x00003498                gpio_interrupt_init
 .text.GPIOIntHandler
                0x000034bc       0x30 contiki-srf06-cc26xx.a(gpio-interrupt.)
                0x000034bc                GPIOIntHandler
 .text.osc_interface_dis
                0x000034ec       0x28 contiki-srf06-cc26xx.a(oscillators.o)
 .text.osc_interface_en
                0x00003514       0x30 contiki-srf06-cc26xx.a(oscillators.o)
 .text.oscillators_select_lf_xosc
                0x00003544       0x48 contiki-srf06-cc26xx.a(oscillators.o)
                0x00003544                oscillators_select_lf_xosc
 .text.oscillators_select_lf_rcosc
                0x0000358c       0x30 contiki-srf06-cc26xx.a(oscillators.o)
                0x0000358c                oscillators_select_lf_rcosc
 .text.oscillators_request_hf_xosc
                0x000035bc       0x24 contiki-srf06-cc26xx.a(oscillators.o)
                0x000035bc                oscillators_request_hf_xosc
 .text.oscillators_switch_to_hf_xosc
                0x000035e0       0x28 contiki-srf06-cc26xx.a(oscillators.o)
                0x000035e0                oscillators_switch_to_hf_xosc
 .text.oscillators_switch_to_hf_rc
                0x00003608       0x2c contiki-srf06-cc26xx.a(oscillators.o)
                0x00003608                oscillators_switch_to_hf_rc
 .text.request  0x00003634       0x20 contiki-srf06-cc26xx.a(ieee-mode.o)
 .text.rx_on    0x00003654       0x60 contiki-srf06-cc26xx.a(ieee-mode.o)
 .text.rf_radio_setup
                0x000036b4       0x74 contiki-srf06-cc26xx.a(ieee-mode.o)
 .text.soft_on  0x00003728       0x18 contiki-srf06-cc26xx.a(ieee-mode.o)
 .text.pending_packet
                0x00003740       0x34 contiki-srf06-cc26xx.a(ieee-mode.o)
 .text.prepare  0x00003774       0x1c contiki-srf06-cc26xx.a(ieee-mode.o)
 .text.read_frame
                0x00003790       0x58 contiki-srf06-cc26xx.a(ieee-mode.o)
 .text.soft_off
                0x000037e8       0x3c contiki-srf06-cc26xx.a(ieee-mode.o)
 .text.get_object
                0x00003824       0x30 contiki-srf06-cc26xx.a(ieee-mode.o)
 .text.transmitting
                0x00003854       0x4c contiki-srf06-cc26xx.a(ieee-mode.o)
 .text.rx_off   0x000038a0       0x5c contiki-srf06-cc26xx.a(ieee-mode.o)
 .text.get_cca_info
                0x000038fc       0x44 contiki-srf06-cc26xx.a(ieee-mode.o)
 .text.off      0x00003940       0x4c contiki-srf06-cc26xx.a(ieee-mode.o)
 .text.receiving_packet
                0x0000398c       0x40 contiki-srf06-cc26xx.a(ieee-mode.o)
 .text.on       0x000039cc       0x9c contiki-srf06-cc26xx.a(ieee-mode.o)
 .text.set_value
                0x00003a68      0x158 contiki-srf06-cc26xx.a(ieee-mode.o)
 .text.get_value
                0x00003bc0      0x138 contiki-srf06-cc26xx.a(ieee-mode.o)
 .text.transmit
                0x00003cf8       0xbc contiki-srf06-cc26xx.a(ieee-mode.o)
 .text.send     0x00003db4       0x24 contiki-srf06-cc26xx.a(ieee-mode.o)
 .text.set_object
                0x00003dd8       0x68 contiki-srf06-cc26xx.a(ieee-mode.o)
 .text.channel_clear
                0x00003e40       0x68 contiki-srf06-cc26xx.a(ieee-mode.o)
 .text.init     0x00003ea8       0xe0 contiki-srf06-cc26xx.a(ieee-mode.o)
 .text.write_str
                0x00003f88       0x14 contiki-srf06-cc26xx.a(dbg-printf.o)
 .text.printf   0x00003f9c       0x24 contiki-srf06-cc26xx.a(dbg-printf.o)
                0x00003f9c                printf
 .text.buffer_str
                0x00003fc0       0x18 contiki-srf06-cc26xx.a(dbg-sprintf.o)
 .text.sprintf  0x00003fd8       0x34 contiki-srf06-cc26xx.a(dbg-sprintf.o)
                0x00003fd8                sprintf
 .text.fill_space
                0x0000400c       0x3c contiki-srf06-cc26xx.a(strformat.o)
 .text.format_str_v
                0x00004048      0x95c contiki-srf06-cc26xx.a(strformat.o)
                0x00004048                format_str_v
 .text.autostart_start
                0x000049a4       0x18 contiki-srf06-cc26xx.a(autostart.o)
                0x000049a4                autostart_start
 .text.process_thread_ctimer_process
                0x000049bc       0x94 contiki-srf06-cc26xx.a(ctimer.o)
 .text.ctimer_init
                0x00004a50       0x28 contiki-srf06-cc26xx.a(ctimer.o)
                0x00004a50                ctimer_init
 .text.ctimer_set_with_process
                0x00004a78       0x4c contiki-srf06-cc26xx.a(ctimer.o)
                0x00004a78                ctimer_set_with_process
 .text.ctimer_set
                0x00004ac4       0x18 contiki-srf06-cc26xx.a(ctimer.o)
                0x00004ac4                ctimer_set
 .text.ctimer_reset
                0x00004adc       0x38 contiki-srf06-cc26xx.a(ctimer.o)
                0x00004adc                ctimer_reset
 .text.ctimer_stop
                0x00004b14       0x34 contiki-srf06-cc26xx.a(ctimer.o)
                0x00004b14                ctimer_stop
 .text.energest_init
                0x00004b48        0x4 contiki-srf06-cc26xx.a(energest.o)
                0x00004b48                energest_init
 .text.update_time
                0x00004b4c       0x44 contiki-srf06-cc26xx.a(etimer.o)
 .text.process_thread_etimer_process
                0x00004b90       0xc8 contiki-srf06-cc26xx.a(etimer.o)
 .text.add_timer
                0x00004c58       0x54 contiki-srf06-cc26xx.a(etimer.o)
 .text.etimer_request_poll
                0x00004cac        0xc contiki-srf06-cc26xx.a(etimer.o)
                0x00004cac                etimer_request_poll
 .text.etimer_set
                0x00004cb8       0x14 contiki-srf06-cc26xx.a(etimer.o)
                0x00004cb8                etimer_set
 .text.etimer_reset
                0x00004ccc       0x14 contiki-srf06-cc26xx.a(etimer.o)
                0x00004ccc                etimer_reset
 .text.etimer_restart
                0x00004ce0       0x14 contiki-srf06-cc26xx.a(etimer.o)
                0x00004ce0                etimer_restart
 .text.etimer_expired
                0x00004cf4        0xc contiki-srf06-cc26xx.a(etimer.o)
                0x00004cf4                etimer_expired
 .text.etimer_expiration_time
                0x00004d00        0x8 contiki-srf06-cc26xx.a(etimer.o)
                0x00004d00                etimer_expiration_time
 .text.etimer_pending
                0x00004d08       0x10 contiki-srf06-cc26xx.a(etimer.o)
                0x00004d08                etimer_pending
 .text.etimer_next_expiration_time
                0x00004d18       0x14 contiki-srf06-cc26xx.a(etimer.o)
                0x00004d18                etimer_next_expiration_time
 .text.etimer_stop
                0x00004d2c       0x4c contiki-srf06-cc26xx.a(etimer.o)
                0x00004d2c                etimer_stop
 .text.exit_process
                0x00004d78       0xb0 contiki-srf06-cc26xx.a(process.o)
 .text.call_process.part.0
                0x00004e28       0x38 contiki-srf06-cc26xx.a(process.o)
 .text.do_poll  0x00004e60       0x3c contiki-srf06-cc26xx.a(process.o)
 .text.process_alloc_event
                0x00004e9c       0x10 contiki-srf06-cc26xx.a(process.o)
                0x00004e9c                process_alloc_event
 .text.process_init
                0x00004eac       0x34 contiki-srf06-cc26xx.a(process.o)
                0x00004eac                process_init
 .text.process_run
                0x00004ee0       0xd8 contiki-srf06-cc26xx.a(process.o)
                0x00004ee0                process_run
 .text.process_nevents
                0x00004fb8       0x14 contiki-srf06-cc26xx.a(process.o)
                0x00004fb8                process_nevents
 .text.process_post
                0x00004fcc       0x50 contiki-srf06-cc26xx.a(process.o)
                0x00004fcc                process_post
 .text.process_post_synch
                0x0000501c       0x18 contiki-srf06-cc26xx.a(process.o)
                0x0000501c                process_post_synch
 .text.process_start
                0x00005034       0x40 contiki-srf06-cc26xx.a(process.o)
                0x00005034                process_start
 .text.process_poll
                0x00005074       0x18 contiki-srf06-cc26xx.a(process.o)
                0x00005074                process_poll
 .text.rtimer_init
                0x0000508c        0x4 contiki-srf06-cc26xx.a(rtimer.o)
                0x0000508c                rtimer_init
 .text.rtimer_run_next
                0x00005090       0x28 contiki-srf06-cc26xx.a(rtimer.o)
                0x00005090                rtimer_run_next
 .text.timer_set
                0x000050b8       0x10 contiki-srf06-cc26xx.a(timer.o)
                0x000050b8                timer_set
 .text.timer_reset
                0x000050c8        0xc contiki-srf06-cc26xx.a(timer.o)
                0x000050c8                timer_reset
 .text.timer_restart
                0x000050d4        0xc contiki-srf06-cc26xx.a(timer.o)
                0x000050d4                timer_restart
 .text.timer_expired
                0x000050e0       0x1c contiki-srf06-cc26xx.a(timer.o)
                0x000050e0                timer_expired
 .text.process_thread_serial_line_process
                0x000050fc       0xac contiki-srf06-cc26xx.a(serial-line.o)
 .text.serial_line_init
                0x000051a8       0x24 contiki-srf06-cc26xx.a(serial-line.o)
                0x000051a8                serial_line_init
 .text.list_init
                0x000051cc        0x8 contiki-srf06-cc26xx.a(list.o)
                0x000051cc                list_init
 .text.list_head
                0x000051d4        0x4 contiki-srf06-cc26xx.a(list.o)
                0x000051d4                list_head
 .text.list_tail
                0x000051d8       0x14 contiki-srf06-cc26xx.a(list.o)
                0x000051d8                list_tail
 .text.list_add
                0x000051ec       0x48 contiki-srf06-cc26xx.a(list.o)
                0x000051ec                list_add
 .text.list_push
                0x00005234       0x40 contiki-srf06-cc26xx.a(list.o)
                0x00005234                list_push
 .text.list_remove
                0x00005274       0x2c contiki-srf06-cc26xx.a(list.o)
                0x00005274                list_remove
 .text.list_length
                0x000052a0       0x14 contiki-srf06-cc26xx.a(list.o)
                0x000052a0                list_length
 .text.list_item_next
                0x000052b4        0x8 contiki-srf06-cc26xx.a(list.o)
                0x000052b4                list_item_next
 .text.random_init
                0x000052bc        0x4 contiki-srf06-cc26xx.a(random.o)
                0x000052bc                random_init
 .text.random_rand
                0x000052c0        0xc contiki-srf06-cc26xx.a(random.o)
                0x000052c0                random_rand
 .text.ringbuf_init
                0x000052cc       0x10 contiki-srf06-cc26xx.a(ringbuf.o)
                0x000052cc                ringbuf_init
 .text.ringbuf_get
                0x000052dc       0x28 contiki-srf06-cc26xx.a(ringbuf.o)
                0x000052dc                ringbuf_get
 .text.sicslowpan_init
                0x00005304       0x24 contiki-srf06-cc26xx.a(sicslowpan.o)
                0x00005304                sicslowpan_init
 .text.set_packet_attrs
                0x00005328       0x4c contiki-srf06-cc26xx.a(sicslowpan.o)
 .text.compress_addr_64
                0x00005374       0x9c contiki-srf06-cc26xx.a(sicslowpan.o)
 .text.addr_context_lookup_by_prefix
                0x00005410       0x28 contiki-srf06-cc26xx.a(sicslowpan.o)
 .text.send_packet
                0x00005438       0x24 contiki-srf06-cc26xx.a(sicslowpan.o)
 .text.packet_sent
                0x0000545c       0x28 contiki-srf06-cc26xx.a(sicslowpan.o)
 .text.store_fragment
                0x00005484       0x68 contiki-srf06-cc26xx.a(sicslowpan.o)
 .text.add_fragment
                0x000054ec      0x19c contiki-srf06-cc26xx.a(sicslowpan.o)
 .text.uncompress_addr
                0x00005688       0xb8 contiki-srf06-cc26xx.a(sicslowpan.o)
 .text.input    0x00005740      0x654 contiki-srf06-cc26xx.a(sicslowpan.o)
 .text.output   0x00005d94      0x738 contiki-srf06-cc26xx.a(sicslowpan.o)
 .text.chksum   0x000064cc       0x50 contiki-srf06-cc26xx.a(uip6.o)
 .text.upper_layer_chksum
                0x0000651c       0x58 contiki-srf06-cc26xx.a(uip6.o)
 .text.ext_hdr_options_process
                0x00006574       0xc8 contiki-srf06-cc26xx.a(uip6.o)
 .text.uip_add32
                0x0000663c       0x58 contiki-srf06-cc26xx.a(uip6.o)
                0x0000663c                uip_add32
 .text.unlikely.uip_add_rcv_nxt
                0x00006694       0x2c contiki-srf06-cc26xx.a(uip6.o)
 .text.uip_icmp6chksum
                0x000066c0        0x8 contiki-srf06-cc26xx.a(uip6.o)
                0x000066c0                uip_icmp6chksum
 .text.uip_init
                0x000066c8       0x64 contiki-srf06-cc26xx.a(uip6.o)
                0x000066c8                uip_init
 .text.remove_ext_hdr
                0x0000672c       0x60 contiki-srf06-cc26xx.a(uip6.o)
                0x0000672c                remove_ext_hdr
 .text.uip_unlisten
                0x0000678c       0x44 contiki-srf06-cc26xx.a(uip6.o)
                0x0000678c                uip_unlisten
 .text.uip_process
                0x000067d0     0x119c contiki-srf06-cc26xx.a(uip6.o)
                0x000067d0                uip_process
 .text.uip_htonl
                0x0000796c       0x14 contiki-srf06-cc26xx.a(uip6.o)
                0x0000796c                uip_htonl
 .text.uip_ds6_list_loop
                0x00007980       0x60 contiki-srf06-cc26xx.a(uip-ds6.o)
                0x00007980                uip_ds6_list_loop
 .text.uip_ds6_prefix_add
                0x000079e0       0x6c contiki-srf06-cc26xx.a(uip-ds6.o)
                0x000079e0                uip_ds6_prefix_add
 .text.uip_ds6_is_addr_onlink
                0x00007a4c       0x3c contiki-srf06-cc26xx.a(uip-ds6.o)
                0x00007a4c                uip_ds6_is_addr_onlink
 .text.uip_ds6_addr_lookup
                0x00007a88       0x30 contiki-srf06-cc26xx.a(uip-ds6.o)
                0x00007a88                uip_ds6_addr_lookup
 .text.uip_ds6_get_link_local
                0x00007ab8       0x44 contiki-srf06-cc26xx.a(uip-ds6.o)
                0x00007ab8                uip_ds6_get_link_local
 .text.uip_ds6_maddr_add
                0x00007afc       0x50 contiki-srf06-cc26xx.a(uip-ds6.o)
                0x00007afc                uip_ds6_maddr_add
 .text.uip_ds6_addr_add
                0x00007b4c       0xa8 contiki-srf06-cc26xx.a(uip-ds6.o)
                0x00007b4c                uip_ds6_addr_add
 .text.uip_ds6_maddr_lookup
                0x00007bf4       0x30 contiki-srf06-cc26xx.a(uip-ds6.o)
                0x00007bf4                uip_ds6_maddr_lookup
 .text.uip_ds6_addr_rm
                0x00007c24       0x48 contiki-srf06-cc26xx.a(uip-ds6.o)
                0x00007c24                uip_ds6_addr_rm
 .text.uip_ds6_periodic
                0x00007c6c       0x60 contiki-srf06-cc26xx.a(uip-ds6.o)
                0x00007c6c                uip_ds6_periodic
 .text.uip_ds6_select_src
                0x00007ccc       0xf4 contiki-srf06-cc26xx.a(uip-ds6.o)
                0x00007ccc                uip_ds6_select_src
 .text.uip_ds6_set_addr_iid
                0x00007dc0       0x14 contiki-srf06-cc26xx.a(uip-ds6.o)
                0x00007dc0                uip_ds6_set_addr_iid
 .text.uip_ds6_compute_reachable_time
                0x00007dd4       0x28 contiki-srf06-cc26xx.a(uip-ds6.o)
                0x00007dd4                uip_ds6_compute_reachable_time
 .text.uip_ds6_init
                0x00007dfc       0xf8 contiki-srf06-cc26xx.a(uip-ds6.o)
                0x00007dfc                uip_ds6_init
 .text.uip_ds6_nbr_rm
                0x00007ef4       0x20 contiki-srf06-cc26xx.a(uip-ds6-nbr.o)
                0x00007ef4                uip_ds6_nbr_rm
 .text.uip_ds6_neighbors_init
                0x00007f14       0x14 contiki-srf06-cc26xx.a(uip-ds6-nbr.o)
                0x00007f14                uip_ds6_neighbors_init
 .text.uip_ds6_nbr_add
                0x00007f28       0x54 contiki-srf06-cc26xx.a(uip-ds6-nbr.o)
                0x00007f28                uip_ds6_nbr_add
 .text.uip_ds6_nbr_get_ll
                0x00007f7c       0x10 contiki-srf06-cc26xx.a(uip-ds6-nbr.o)
                0x00007f7c                uip_ds6_nbr_get_ll
 .text.uip_ds6_nbr_lookup
                0x00007f8c       0x3c contiki-srf06-cc26xx.a(uip-ds6-nbr.o)
                0x00007f8c                uip_ds6_nbr_lookup
 .text.uip_ds6_nbr_ipaddr_from_lladdr
                0x00007fc8       0x10 contiki-srf06-cc26xx.a(uip-ds6-nbr.o)
                0x00007fc8                uip_ds6_nbr_ipaddr_from_lladdr
 .text.uip_ds6_nbr_lladdr_from_ipaddr
                0x00007fd8       0x1c contiki-srf06-cc26xx.a(uip-ds6-nbr.o)
                0x00007fd8                uip_ds6_nbr_lladdr_from_ipaddr
 .text.uip_ds6_link_neighbor_callback
                0x00007ff4       0x2c contiki-srf06-cc26xx.a(uip-ds6-nbr.o)
                0x00007ff4                uip_ds6_link_neighbor_callback
 .text.uip_ds6_neighbor_periodic
                0x00008020      0x12c contiki-srf06-cc26xx.a(uip-ds6-nbr.o)
                0x00008020                uip_ds6_neighbor_periodic
 .text.call_route_callback
                0x0000814c       0x50 contiki-srf06-cc26xx.a(uip-ds6-route.o)
 .text.uip_ds6_route_init
                0x0000819c       0x4c contiki-srf06-cc26xx.a(uip-ds6-route.o)
                0x0000819c                uip_ds6_route_init
 .text.uip_ds6_route_nexthop
                0x000081e8       0x1c contiki-srf06-cc26xx.a(uip-ds6-route.o)
                0x000081e8                uip_ds6_route_nexthop
 .text.uip_ds6_route_head
                0x00008204        0xc contiki-srf06-cc26xx.a(uip-ds6-route.o)
                0x00008204                uip_ds6_route_head
 .text.uip_ds6_route_next
                0x00008210        0x8 contiki-srf06-cc26xx.a(uip-ds6-route.o)
                0x00008210                uip_ds6_route_next
 .text.uip_ds6_route_lookup
                0x00008218       0x78 contiki-srf06-cc26xx.a(uip-ds6-route.o)
                0x00008218                uip_ds6_route_lookup
 .text.uip_ds6_route_rm
                0x00008290       0xac contiki-srf06-cc26xx.a(uip-ds6-route.o)
                0x00008290                uip_ds6_route_rm
 .text.rm_routelist
                0x0000833c       0x38 contiki-srf06-cc26xx.a(uip-ds6-route.o)
 .text.rm_routelist_callback
                0x00008374        0x4 contiki-srf06-cc26xx.a(uip-ds6-route.o)
 .text.uip_ds6_route_add
                0x00008378      0x134 contiki-srf06-cc26xx.a(uip-ds6-route.o)
                0x00008378                uip_ds6_route_add
 .text.uip_ds6_defrt_rm
                0x000084ac       0x48 contiki-srf06-cc26xx.a(uip-ds6-route.o)
                0x000084ac                uip_ds6_defrt_rm
 .text.uip_ds6_defrt_lookup
                0x000084f4       0x34 contiki-srf06-cc26xx.a(uip-ds6-route.o)
                0x000084f4                uip_ds6_defrt_lookup
 .text.uip_ds6_defrt_add
                0x00008528       0x5c contiki-srf06-cc26xx.a(uip-ds6-route.o)
                0x00008528                uip_ds6_defrt_add
 .text.uip_ds6_defrt_choose
                0x00008584       0x34 contiki-srf06-cc26xx.a(uip-ds6-route.o)
                0x00008584                uip_ds6_defrt_choose
 .text.uip_ds6_defrt_periodic
                0x000085b8       0x3c contiki-srf06-cc26xx.a(uip-ds6-route.o)
                0x000085b8                uip_ds6_defrt_periodic
 .text.echo_reply_input
                0x000085f4      0x110 contiki-srf06-cc26xx.a(uip-icmp6.o)
 .text.echo_request_input
                0x00008704      0x118 contiki-srf06-cc26xx.a(uip-icmp6.o)
 .text.uip_icmp6_input
                0x0000881c       0x3c contiki-srf06-cc26xx.a(uip-icmp6.o)
                0x0000881c                uip_icmp6_input
 .text.uip_icmp6_register_input_handler
                0x00008858        0xc contiki-srf06-cc26xx.a(uip-icmp6.o)
                0x00008858                uip_icmp6_register_input_handler
 .text.uip_icmp6_error_output
                0x00008864      0x158 contiki-srf06-cc26xx.a(uip-icmp6.o)
                0x00008864                uip_icmp6_error_output
 .text.uip_icmp6_send
                0x000089bc       0x84 contiki-srf06-cc26xx.a(uip-icmp6.o)
                0x000089bc                uip_icmp6_send
 .text.uip_icmp6_init
                0x00008a40       0x24 contiki-srf06-cc26xx.a(uip-icmp6.o)
                0x00008a40                uip_icmp6_init
 .text.na_input
                0x00008a64      0x1f4 contiki-srf06-cc26xx.a(uip-nd6.o)
 .text.ns_input
                0x00008c58      0x2b0 contiki-srf06-cc26xx.a(uip-nd6.o)
 .text.uip_nd6_ns_output
                0x00008f08      0x174 contiki-srf06-cc26xx.a(uip-nd6.o)
                0x00008f08                uip_nd6_ns_output
 .text.uip_nd6_init
                0x0000907c       0x1c contiki-srf06-cc26xx.a(uip-nd6.o)
                0x0000907c                uip_nd6_init
 .text.start_periodic_tcp_timer
                0x00009098       0x1c contiki-srf06-cc26xx.a(tcpip.o)
 .text.tcpip_set_outputfunc
                0x000090b4        0xc contiki-srf06-cc26xx.a(tcpip.o)
                0x000090b4                tcpip_set_outputfunc
 .text.tcpip_icmp6_call
                0x000090c0       0x28 contiki-srf06-cc26xx.a(tcpip.o)
                0x000090c0                tcpip_icmp6_call
 .text.tcpip_input
                0x000090e8       0x24 contiki-srf06-cc26xx.a(tcpip.o)
                0x000090e8                tcpip_input
 .text.tcpip_ipv6_output
                0x0000910c      0x144 contiki-srf06-cc26xx.a(tcpip.o)
                0x0000910c                tcpip_ipv6_output
 .text.process_thread_tcpip_process
                0x00009250      0x208 contiki-srf06-cc26xx.a(tcpip.o)
 .text.tcpip_uipcall
                0x00009458       0x90 contiki-srf06-cc26xx.a(tcpip.o)
                0x00009458                tcpip_uipcall
 .text.uip_debug_ipaddr_print
                0x000094e8       0xb0 contiki-srf06-cc26xx.a(uip-debug.o)
                0x000094e8                uip_debug_ipaddr_print
 .text.rpl_get_mode
                0x00009598        0xc contiki-srf06-cc26xx.a(rpl.o)
                0x00009598                rpl_get_mode
 .text.rpl_purge_routes
                0x000095a4       0x7c contiki-srf06-cc26xx.a(rpl.o)
                0x000095a4                rpl_purge_routes
 .text.rpl_remove_routes
                0x00009620       0x24 contiki-srf06-cc26xx.a(rpl.o)
                0x00009620                rpl_remove_routes
 .text.rpl_remove_routes_by_nexthop
                0x00009644       0x40 contiki-srf06-cc26xx.a(rpl.o)
                0x00009644                rpl_remove_routes_by_nexthop
 .text.rpl_add_route
                0x00009684       0x2c contiki-srf06-cc26xx.a(rpl.o)
                0x00009684                rpl_add_route
 .text.rpl_link_neighbor_callback
                0x000096b0       0x78 contiki-srf06-cc26xx.a(rpl.o)
                0x000096b0                rpl_link_neighbor_callback
 .text.rpl_ipv6_neighbor_callback
                0x00009728       0x30 contiki-srf06-cc26xx.a(rpl.o)
                0x00009728                rpl_ipv6_neighbor_callback
 .text.rpl_purge_dags
                0x00009758       0x40 contiki-srf06-cc26xx.a(rpl.o)
                0x00009758                rpl_purge_dags
 .text.rpl_init
                0x00009798       0x58 contiki-srf06-cc26xx.a(rpl.o)
                0x00009798                rpl_init
 .text.lollipop_greater_than
                0x000097f0       0x3c contiki-srf06-cc26xx.a(rpl-dag.o)
 .text.rpl_set_preferred_parent
                0x0000982c       0x2c contiki-srf06-cc26xx.a(rpl-dag.o)
 .text.set_ip_from_prefix
                0x00009858       0x2c contiki-srf06-cc26xx.a(rpl-dag.o)
 .text.check_prefix
                0x00009884       0x78 contiki-srf06-cc26xx.a(rpl-dag.o)
 .text.find_parent_any_dag_any_instance
                0x000098fc       0x1c contiki-srf06-cc26xx.a(rpl-dag.o)
 .text.rpl_get_nbr
                0x00009918       0x28 contiki-srf06-cc26xx.a(rpl-dag.o)
                0x00009918                rpl_get_nbr
 .text.rpl_dag_init
                0x00009940       0x14 contiki-srf06-cc26xx.a(rpl-dag.o)
                0x00009940                rpl_dag_init
 .text.rpl_get_parent
                0x00009954       0x10 contiki-srf06-cc26xx.a(rpl-dag.o)
                0x00009954                rpl_get_parent
 .text.rpl_get_parent_ipaddr
                0x00009964       0x18 contiki-srf06-cc26xx.a(rpl-dag.o)
                0x00009964                rpl_get_parent_ipaddr
 .text.rpl_repair_root
                0x0000997c       0x5c contiki-srf06-cc26xx.a(rpl-dag.o)
                0x0000997c                rpl_repair_root
 .text.rpl_set_prefix
                0x000099d8       0x98 contiki-srf06-cc26xx.a(rpl-dag.o)
                0x000099d8                rpl_set_prefix
 .text.rpl_set_default_route
                0x00009a70       0x3c contiki-srf06-cc26xx.a(rpl-dag.o)
                0x00009a70                rpl_set_default_route
 .text.rpl_alloc_instance
                0x00009aac       0x34 contiki-srf06-cc26xx.a(rpl-dag.o)
                0x00009aac                rpl_alloc_instance
 .text.rpl_alloc_dag
                0x00009ae0       0x5c contiki-srf06-cc26xx.a(rpl-dag.o)
                0x00009ae0                rpl_alloc_dag
 .text.rpl_add_parent
                0x00009b3c       0x44 contiki-srf06-cc26xx.a(rpl-dag.o)
                0x00009b3c                rpl_add_parent
 .text.rpl_find_parent
                0x00009b80       0x18 contiki-srf06-cc26xx.a(rpl-dag.o)
                0x00009b80                rpl_find_parent
 .text.rpl_find_parent_any_dag
                0x00009b98       0x20 contiki-srf06-cc26xx.a(rpl-dag.o)
                0x00009b98                rpl_find_parent_any_dag
 .text.rpl_select_parent
                0x00009bb8       0x84 contiki-srf06-cc26xx.a(rpl-dag.o)
                0x00009bb8                rpl_select_parent
 .text.rpl_select_dag
                0x00009c3c      0x17c contiki-srf06-cc26xx.a(rpl-dag.o)
                0x00009c3c                rpl_select_dag
 .text.rpl_nullify_parent
                0x00009db8       0x4c contiki-srf06-cc26xx.a(rpl-dag.o)
                0x00009db8                rpl_nullify_parent
 .text.rpl_remove_parent
                0x00009e04       0x1c contiki-srf06-cc26xx.a(rpl-dag.o)
                0x00009e04                rpl_remove_parent
 .text.nbr_callback
                0x00009e20        0x4 contiki-srf06-cc26xx.a(rpl-dag.o)
 .text.remove_parents.constprop.5
                0x00009e24       0x44 contiki-srf06-cc26xx.a(rpl-dag.o)
 .text.rpl_free_dag
                0x00009e68       0x38 contiki-srf06-cc26xx.a(rpl-dag.o)
                0x00009e68                rpl_free_dag
 .text.rpl_move_parent
                0x00009ea0       0x4c contiki-srf06-cc26xx.a(rpl-dag.o)
                0x00009ea0                rpl_move_parent
 .text.rpl_get_any_dag
                0x00009eec       0x18 contiki-srf06-cc26xx.a(rpl-dag.o)
                0x00009eec                rpl_get_any_dag
 .text.rpl_get_instance
                0x00009f04       0x20 contiki-srf06-cc26xx.a(rpl-dag.o)
                0x00009f04                rpl_get_instance
 .text.rpl_join_instance
                0x00009f24      0x144 contiki-srf06-cc26xx.a(rpl-dag.o)
                0x00009f24                rpl_join_instance
 .text.rpl_local_repair
                0x0000a068       0x68 contiki-srf06-cc26xx.a(rpl-dag.o)
                0x0000a068                rpl_local_repair
 .text.rpl_process_parent_event
                0x0000a0d0       0x60 contiki-srf06-cc26xx.a(rpl-dag.o)
                0x0000a0d0                rpl_process_parent_event
 .text.rpl_add_dag
                0x0000a130      0x150 contiki-srf06-cc26xx.a(rpl-dag.o)
                0x0000a130                rpl_add_dag
 .text.rpl_recalculate_ranks
                0x0000a280       0x50 contiki-srf06-cc26xx.a(rpl-dag.o)
                0x0000a280                rpl_recalculate_ranks
 .text.rpl_process_dio
                0x0000a2d0      0x318 contiki-srf06-cc26xx.a(rpl-dag.o)
                0x0000a2d0                rpl_process_dio
 .text.rpl_verify_header
                0x0000a5e8      0x104 contiki-srf06-cc26xx.a(rpl-ext-header.)
                0x0000a5e8                rpl_verify_header
 .text.rpl_update_header_empty
                0x0000a6ec      0x12c contiki-srf06-cc26xx.a(rpl-ext-header.)
                0x0000a6ec                rpl_update_header_empty
 .text.rpl_update_header_final
                0x0000a818       0x88 contiki-srf06-cc26xx.a(rpl-ext-header.)
                0x0000a818                rpl_update_header_final
 .text.rpl_invert_header
                0x0000a8a0       0x68 contiki-srf06-cc26xx.a(rpl-ext-header.)
                0x0000a8a0                rpl_invert_header
 .text.rpl_insert_header
                0x0000a908       0x1c contiki-srf06-cc26xx.a(rpl-ext-header.)
                0x0000a908                rpl_insert_header
 .text.get32    0x0000a924       0x20 contiki-srf06-cc26xx.a(rpl-icmp6.o)
 .text.dao_ack_input
                0x0000a944       0x14 contiki-srf06-cc26xx.a(rpl-icmp6.o)
 .text.dio_input
                0x0000a958      0x2b8 contiki-srf06-cc26xx.a(rpl-icmp6.o)
 .text.dis_output
                0x0000ac10       0x58 contiki-srf06-cc26xx.a(rpl-icmp6.o)
                0x0000ac10                dis_output
 .text.dio_output
                0x0000ac68      0x2dc contiki-srf06-cc26xx.a(rpl-icmp6.o)
                0x0000ac68                dio_output
 .text.dis_input
                0x0000af44       0x40 contiki-srf06-cc26xx.a(rpl-icmp6.o)
 .text.dao_output_target
                0x0000af84      0x104 contiki-srf06-cc26xx.a(rpl-icmp6.o)
                0x0000af84                dao_output_target
 .text.dao_output
                0x0000b088       0x58 contiki-srf06-cc26xx.a(rpl-icmp6.o)
                0x0000b088                dao_output
 .text.dao_ack_output
                0x0000b0e0       0x30 contiki-srf06-cc26xx.a(rpl-icmp6.o)
                0x0000b0e0                dao_ack_output
 .text.dao_input
                0x0000b110      0x218 contiki-srf06-cc26xx.a(rpl-icmp6.o)
 .text.rpl_icmp6_register_handlers
                0x0000b328       0x30 contiki-srf06-cc26xx.a(rpl-icmp6.o)
                0x0000b328                rpl_icmp6_register_handlers
 .text.reset    0x0000b358        0x4 contiki-srf06-cc26xx.a(rpl-mrhof.o)
 .text.update_metric_container
                0x0000b35c        0x8 contiki-srf06-cc26xx.a(rpl-mrhof.o)
 .text.calculate_rank
                0x0000b364       0x44 contiki-srf06-cc26xx.a(rpl-mrhof.o)
 .text.neighbor_link_callback
                0x0000b3a8       0x54 contiki-srf06-cc26xx.a(rpl-mrhof.o)
 .text.best_dag
                0x0000b3fc       0x2c contiki-srf06-cc26xx.a(rpl-mrhof.o)
 .text.best_parent
                0x0000b428       0x60 contiki-srf06-cc26xx.a(rpl-mrhof.o)
 .text.new_dio_interval
                0x0000b488       0x60 contiki-srf06-cc26xx.a(rpl-timers.o)
 .text.handle_periodic_timer
                0x0000b4e8       0x3c contiki-srf06-cc26xx.a(rpl-timers.o)
 .text.set_dao_lifetime_timer
                0x0000b524       0x3c contiki-srf06-cc26xx.a(rpl-timers.o)
 .text.handle_unicast_dio_timer
                0x0000b560       0x1c contiki-srf06-cc26xx.a(rpl-timers.o)
 .text.handle_dio_timer
                0x0000b57c       0x8c contiki-srf06-cc26xx.a(rpl-timers.o)
 .text.schedule_dao
                0x0000b608       0x54 contiki-srf06-cc26xx.a(rpl-timers.o)
 .text.handle_dao_timer
                0x0000b65c       0x5c contiki-srf06-cc26xx.a(rpl-timers.o)
 .text.rpl_reset_periodic_timer
                0x0000b6b8       0x3c contiki-srf06-cc26xx.a(rpl-timers.o)
                0x0000b6b8                rpl_reset_periodic_timer
 .text.rpl_reset_dio_timer
                0x0000b6f4       0x1c contiki-srf06-cc26xx.a(rpl-timers.o)
                0x0000b6f4                rpl_reset_dio_timer
 .text.rpl_schedule_dao
                0x0000b710        0x8 contiki-srf06-cc26xx.a(rpl-timers.o)
                0x0000b710                rpl_schedule_dao
 .text.rpl_schedule_unicast_dio_immediately
                0x0000b718       0x14 contiki-srf06-cc26xx.a(rpl-timers.o)
                0x0000b718                rpl_schedule_unicast_dio_immediately
 .text.rpl_schedule_probing
                0x0000b72c       0x38 contiki-srf06-cc26xx.a(rpl-timers.o)
                0x0000b72c                rpl_schedule_probing
 .text.handle_probing_timer
                0x0000b764       0xdc contiki-srf06-cc26xx.a(rpl-timers.o)
 .text.NOROM_AONRTCCurrentCompareValueGet
                0x0000b840       0x24 contiki-srf06-cc26xx.a(aon_rtc.o)
                0x0000b840                NOROM_AONRTCCurrentCompareValueGet
 .text.NOROM_CPUcpsid
                0x0000b864        0x8 contiki-srf06-cc26xx.a(cpu.o)
                0x0000b864                NOROM_CPUcpsid
 .text.NOROM_CPUcpsie
                0x0000b86c        0x8 contiki-srf06-cc26xx.a(cpu.o)
                0x0000b86c                NOROM_CPUcpsie
 .text.NOROM_CPUdelay
                0x0000b874        0x8 contiki-srf06-cc26xx.a(cpu.o)
                0x0000b874                NOROM_CPUdelay
 .text.NOROM_DDI16BitfieldWrite
                0x0000b87c       0x4c contiki-srf06-cc26xx.a(ddi.o)
                0x0000b87c                NOROM_DDI16BitfieldWrite
 .text.NOROM_DDI16BitfieldRead
                0x0000b8c8       0x48 contiki-srf06-cc26xx.a(ddi.o)
                0x0000b8c8                NOROM_DDI16BitfieldRead
 .text.NOROM_OSCClockSourceSet
                0x0000b910       0x50 contiki-srf06-cc26xx.a(osc.o)
                0x0000b910                NOROM_OSCClockSourceSet
 .text.NOROM_OSCClockSourceGet
                0x0000b960       0x24 contiki-srf06-cc26xx.a(osc.o)
                0x0000b960                NOROM_OSCClockSourceGet
 .text.NOROM_OSCInterfaceEnable
                0x0000b984       0x34 contiki-srf06-cc26xx.a(osc.o)
                0x0000b984                NOROM_OSCInterfaceEnable
 .text.NOROM_PowerCtrlSourceSet
                0x0000b9b8       0x30 contiki-srf06-cc26xx.a(pwr_ctrl.o)
                0x0000b9b8                NOROM_PowerCtrlSourceSet
 .text.HapiTrimDeviceShutDown
                0x0000b9e8      0x4f4 contiki-srf06-cc26xx.a(setup.o)
 .text.trimDevice
                0x0000bedc       0xfc contiki-srf06-cc26xx.a(setup.o)
                0x0000bedc                trimDevice
 .text.SysCtrlSetRechargeBeforePowerDown
                0x0000bfd8      0x1e8 contiki-srf06-cc26xx.a(sys_ctrl.o)
                0x0000bfd8                SysCtrlSetRechargeBeforePowerDown
 .text.SysCtrlAdjustRechargeAfterPowerDown
                0x0000c1c0       0x64 contiki-srf06-cc26xx.a(sys_ctrl.o)
                0x0000c1c0                SysCtrlAdjustRechargeAfterPowerDown
 .text.SysCtrl_DCDC_VoltageConditionalControl
                0x0000c224       0x78 contiki-srf06-cc26xx.a(sys_ctrl.o)
                0x0000c224                SysCtrl_DCDC_VoltageConditionalControl
 .text.linkaddr_copy
                0x0000c29c        0xc contiki-srf06-cc26xx.a(linkaddr.o)
                0x0000c29c                linkaddr_copy
 .text.linkaddr_cmp
                0x0000c2a8       0x10 contiki-srf06-cc26xx.a(linkaddr.o)
                0x0000c2a8                linkaddr_cmp
 .text.nbr_set_bit
                0x0000c2b8       0x4c contiki-srf06-cc26xx.a(nbr-table.o)
 .text.index_from_lladdr
                0x0000c304       0x50 contiki-srf06-cc26xx.a(nbr-table.o)
 .text.nbr_get_bit.constprop.0
                0x0000c354       0x2c contiki-srf06-cc26xx.a(nbr-table.o)
 .text.nbr_table_register
                0x0000c380       0x2c contiki-srf06-cc26xx.a(nbr-table.o)
                0x0000c380                nbr_table_register
 .text.nbr_table_next
                0x0000c3ac       0x70 contiki-srf06-cc26xx.a(nbr-table.o)
                0x0000c3ac                nbr_table_next
 .text.nbr_table_head
                0x0000c41c       0x58 contiki-srf06-cc26xx.a(nbr-table.o)
                0x0000c41c                nbr_table_head
 .text.nbr_table_add_lladdr
                0x0000c474      0x190 contiki-srf06-cc26xx.a(nbr-table.o)
                0x0000c474                nbr_table_add_lladdr
 .text.nbr_table_get_from_lladdr
                0x0000c604       0x34 contiki-srf06-cc26xx.a(nbr-table.o)
                0x0000c604                nbr_table_get_from_lladdr
 .text.nbr_table_remove
                0x0000c638       0x2c contiki-srf06-cc26xx.a(nbr-table.o)
                0x0000c638                nbr_table_remove
 .text.nbr_table_lock
                0x0000c664       0x14 contiki-srf06-cc26xx.a(nbr-table.o)
                0x0000c664                nbr_table_lock
 .text.nbr_table_unlock
                0x0000c678       0x14 contiki-srf06-cc26xx.a(nbr-table.o)
                0x0000c678                nbr_table_unlock
 .text.nbr_table_get_lladdr
                0x0000c68c       0x30 contiki-srf06-cc26xx.a(nbr-table.o)
                0x0000c68c                nbr_table_get_lladdr
 .text.netstack_init
                0x0000c6bc       0x38 contiki-srf06-cc26xx.a(netstack.o)
                0x0000c6bc                netstack_init
 .text.packetbuf_copyto
                0x0000c6f4       0x50 contiki-srf06-cc26xx.a(packetbuf.o)
                0x0000c6f4                packetbuf_copyto
 .text.packetbuf_hdralloc
                0x0000c744       0x48 contiki-srf06-cc26xx.a(packetbuf.o)
                0x0000c744                packetbuf_hdralloc
 .text.packetbuf_hdrreduce
                0x0000c78c       0x2c contiki-srf06-cc26xx.a(packetbuf.o)
                0x0000c78c                packetbuf_hdrreduce
 .text.packetbuf_set_datalen
                0x0000c7b8        0xc contiki-srf06-cc26xx.a(packetbuf.o)
                0x0000c7b8                packetbuf_set_datalen
 .text.packetbuf_dataptr
                0x0000c7c4       0x14 contiki-srf06-cc26xx.a(packetbuf.o)
                0x0000c7c4                packetbuf_dataptr
 .text.packetbuf_hdrptr
                0x0000c7d8       0x14 contiki-srf06-cc26xx.a(packetbuf.o)
                0x0000c7d8                packetbuf_hdrptr
 .text.packetbuf_datalen
                0x0000c7ec        0xc contiki-srf06-cc26xx.a(packetbuf.o)
                0x0000c7ec                packetbuf_datalen
 .text.packetbuf_totlen
                0x0000c7f8       0x28 contiki-srf06-cc26xx.a(packetbuf.o)
                0x0000c7f8                packetbuf_totlen
 .text.packetbuf_attr_clear
                0x0000c820       0x38 contiki-srf06-cc26xx.a(packetbuf.o)
                0x0000c820                packetbuf_attr_clear
 .text.packetbuf_clear
                0x0000c858       0x34 contiki-srf06-cc26xx.a(packetbuf.o)
                0x0000c858                packetbuf_clear
 .text.packetbuf_copyfrom
                0x0000c88c       0x2c contiki-srf06-cc26xx.a(packetbuf.o)
                0x0000c88c                packetbuf_copyfrom
 .text.packetbuf_attr_copyto
                0x0000c8b8       0x44 contiki-srf06-cc26xx.a(packetbuf.o)
                0x0000c8b8                packetbuf_attr_copyto
 .text.packetbuf_attr_copyfrom
                0x0000c8fc       0x44 contiki-srf06-cc26xx.a(packetbuf.o)
                0x0000c8fc                packetbuf_attr_copyfrom
 .text.packetbuf_set_attr
                0x0000c940       0x10 contiki-srf06-cc26xx.a(packetbuf.o)
                0x0000c940                packetbuf_set_attr
 .text.packetbuf_attr
                0x0000c950        0xc contiki-srf06-cc26xx.a(packetbuf.o)
                0x0000c950                packetbuf_attr
 .text.packetbuf_set_addr
                0x0000c95c       0x18 contiki-srf06-cc26xx.a(packetbuf.o)
                0x0000c95c                packetbuf_set_addr
 .text.packetbuf_addr
                0x0000c974       0x10 contiki-srf06-cc26xx.a(packetbuf.o)
                0x0000c974                packetbuf_addr
 .text.packetbuf_holds_broadcast
                0x0000c984       0x10 contiki-srf06-cc26xx.a(packetbuf.o)
                0x0000c984                packetbuf_holds_broadcast
 .text.queuebuf_init
                0x0000c994       0x1c contiki-srf06-cc26xx.a(queuebuf.o)
                0x0000c994                queuebuf_init
 .text.queuebuf_numfree
                0x0000c9b0        0xc contiki-srf06-cc26xx.a(queuebuf.o)
                0x0000c9b0                queuebuf_numfree
 .text.queuebuf_new_from_packetbuf
                0x0000c9bc       0x48 contiki-srf06-cc26xx.a(queuebuf.o)
                0x0000c9bc                queuebuf_new_from_packetbuf
 .text.queuebuf_update_attr_from_packetbuf
                0x0000ca04        0xc contiki-srf06-cc26xx.a(queuebuf.o)
                0x0000ca04                queuebuf_update_attr_from_packetbuf
 .text.queuebuf_free
                0x0000ca10       0x2c contiki-srf06-cc26xx.a(queuebuf.o)
                0x0000ca10                queuebuf_free
 .text.queuebuf_to_packetbuf
                0x0000ca3c       0x30 contiki-srf06-cc26xx.a(queuebuf.o)
                0x0000ca3c                queuebuf_to_packetbuf
 .text.queuebuf_attr
                0x0000ca6c        0xc contiki-srf06-cc26xx.a(queuebuf.o)
                0x0000ca6c                queuebuf_attr
 .text.input_packet
                0x0000ca78        0xc contiki-srf06-cc26xx.a(csma.o)
 .text.on       0x0000ca84        0xc contiki-srf06-cc26xx.a(csma.o)
 .text.off      0x0000ca90        0xc contiki-srf06-cc26xx.a(csma.o)
 .text.channel_check_interval
                0x0000ca9c       0x10 contiki-srf06-cc26xx.a(csma.o)
 .text.transmit_packet_list
                0x0000caac       0x34 contiki-srf06-cc26xx.a(csma.o)
 .text.free_packet
                0x0000cae0       0x98 contiki-srf06-cc26xx.a(csma.o)
 .text.packet_sent
                0x0000cb78      0x100 contiki-srf06-cc26xx.a(csma.o)
 .text.send_packet
                0x0000cc78      0x164 contiki-srf06-cc26xx.a(csma.o)
 .text.init     0x0000cddc       0x24 contiki-srf06-cc26xx.a(csma.o)
 .text.parse    0x0000ce00       0xa0 contiki-srf06-cc26xx.a(framer-802154.o)
 .text.create_frame.isra.0
                0x0000cea0      0x13c contiki-srf06-cc26xx.a(framer-802154.o)
 .text.create   0x0000cfdc        0x8 contiki-srf06-cc26xx.a(framer-802154.o)
 .text.hdr_length
                0x0000cfe4        0x8 contiki-srf06-cc26xx.a(framer-802154.o)
 .text.mac_call_sent_callback
                0x0000cfec       0x10 contiki-srf06-cc26xx.a(mac.o)
                0x0000cfec                mac_call_sent_callback
 .text.on       0x0000cffc        0xc contiki-srf06-cc26xx.a(nullrdc.o)
 .text.channel_check_interval
                0x0000d008        0x4 contiki-srf06-cc26xx.a(nullrdc.o)
 .text.init     0x0000d00c        0xc contiki-srf06-cc26xx.a(nullrdc.o)
 .text.send_one_packet
                0x0000d018      0x114 contiki-srf06-cc26xx.a(nullrdc.o)
 .text.send_list
                0x0000d12c       0x24 contiki-srf06-cc26xx.a(nullrdc.o)
 .text.send_packet
                0x0000d150        0x4 contiki-srf06-cc26xx.a(nullrdc.o)
 .text.off      0x0000d154       0x1c contiki-srf06-cc26xx.a(nullrdc.o)
 .text.packet_input
                0x0000d170       0x54 contiki-srf06-cc26xx.a(nullrdc.o)
 .text.init     0x0000d1c4        0x4 contiki-srf06-cc26xx.a(nullsec.o)
 .text.input    0x0000d1c8        0xc contiki-srf06-cc26xx.a(nullsec.o)
 .text.send     0x0000d1d4       0x20 contiki-srf06-cc26xx.a(nullsec.o)
 .text.sensor_common_read_reg
                0x0000d1f4       0x1c contiki-srf06-cc26xx.a(sensor-common.o)
                0x0000d1f4                sensor_common_read_reg
 .text.sensor_common_write_reg
                0x0000d210       0x38 contiki-srf06-cc26xx.a(sensor-common.o)
                0x0000d210                sensor_common_write_reg
 .text.sensor_common_set_error_data
                0x0000d248       0x10 contiki-srf06-cc26xx.a(sensor-common.o)
                0x0000d248                sensor_common_set_error_data
 .text.verify_part
                0x0000d258       0x6c contiki-srf06-cc26xx.a(ext-flash.o)
 .text.wait_ready
                0x0000d2c4       0x64 contiki-srf06-cc26xx.a(ext-flash.o)
 .text.power_down
                0x0000d328       0x50 contiki-srf06-cc26xx.a(ext-flash.o)
 .text.ext_flash_open
                0x0000d378       0x60 contiki-srf06-cc26xx.a(ext-flash.o)
                0x0000d378                ext_flash_open
 .text.ext_flash_init
                0x0000d3d8       0x14 contiki-srf06-cc26xx.a(ext-flash.o)
                0x0000d3d8                ext_flash_init
 .text.accessible
                0x0000d3ec       0x24 contiki-srf06-cc26xx.a(board-spi.o)
 .text.board_spi_write
                0x0000d410       0x3c contiki-srf06-cc26xx.a(board-spi.o)
                0x0000d410                board_spi_write
 .text.board_spi_read
                0x0000d44c       0x48 contiki-srf06-cc26xx.a(board-spi.o)
                0x0000d44c                board_spi_read
 .text.board_spi_flush
                0x0000d494       0x24 contiki-srf06-cc26xx.a(board-spi.o)
                0x0000d494                board_spi_flush
 .text.board_spi_open
                0x0000d4b8       0xc0 contiki-srf06-cc26xx.a(board-spi.o)
                0x0000d4b8                board_spi_open
 .text.board_spi_close
                0x0000d578       0x70 contiki-srf06-cc26xx.a(board-spi.o)
                0x0000d578                board_spi_close
 .text.process_thread_rf_core_process
                0x0000d5e8       0x58 contiki-srf06-cc26xx.a(rf-core.o)
 .text.rf_core_is_accessible
                0x0000d640       0x10 contiki-srf06-cc26xx.a(rf-core.o)
                0x0000d640                rf_core_is_accessible
 .text.rf_core_send_cmd
                0x0000d650       0xa4 contiki-srf06-cc26xx.a(rf-core.o)
                0x0000d650                rf_core_send_cmd
 .text.rf_core_wait_cmd_done
                0x0000d6f4       0x30 contiki-srf06-cc26xx.a(rf-core.o)
                0x0000d6f4                rf_core_wait_cmd_done
 .text.rf_core_power_up
                0x0000d724       0xb4 contiki-srf06-cc26xx.a(rf-core.o)
                0x0000d724                rf_core_power_up
 .text.rf_core_power_down
                0x0000d7d8       0xe8 contiki-srf06-cc26xx.a(rf-core.o)
                0x0000d7d8                rf_core_power_down
 .text.rf_core_set_modesel
                0x0000d8c0       0x68 contiki-srf06-cc26xx.a(rf-core.o)
                0x0000d8c0                rf_core_set_modesel
 .text.rf_core_boot
                0x0000d928       0x30 contiki-srf06-cc26xx.a(rf-core.o)
                0x0000d928                rf_core_boot
 .text.rf_core_setup_interrupts
                0x0000d958       0x6c contiki-srf06-cc26xx.a(rf-core.o)
                0x0000d958                rf_core_setup_interrupts
 .text.rf_core_cmd_done_en
                0x0000d9c4       0x28 contiki-srf06-cc26xx.a(rf-core.o)
                0x0000d9c4                rf_core_cmd_done_en
 .text.rf_core_cmd_done_dis
                0x0000d9ec       0x10 contiki-srf06-cc26xx.a(rf-core.o)
                0x0000d9ec                rf_core_cmd_done_dis
 .text.rf_core_get_last_radio_op
                0x0000d9fc        0xc contiki-srf06-cc26xx.a(rf-core.o)
                0x0000d9fc                rf_core_get_last_radio_op
 .text.rf_core_init_radio_op
                0x0000da08       0x20 contiki-srf06-cc26xx.a(rf-core.o)
                0x0000da08                rf_core_init_radio_op
 .text.rf_core_primary_mode_register
                0x0000da28        0xc contiki-srf06-cc26xx.a(rf-core.o)
                0x0000da28                rf_core_primary_mode_register
 .text.RFCCPE1IntHandler
                0x0000da34       0x28 contiki-srf06-cc26xx.a(rf-core.o)
                0x0000da34                RFCCPE1IntHandler
 .text.RFCCPE0IntHandler
                0x0000da5c       0x5c contiki-srf06-cc26xx.a(rf-core.o)
                0x0000da5c                RFCCPE0IntHandler
 .text.rf_ble_is_active
                0x0000dab8        0xc contiki-srf06-cc26xx.a(rf-ble.o)
                0x0000dab8                rf_ble_is_active
 .text.stimer_set
                0x0000dac4       0x10 contiki-srf06-cc26xx.a(stimer.o)
                0x0000dac4                stimer_set
 .text.stimer_expired
                0x0000dad4       0x20 contiki-srf06-cc26xx.a(stimer.o)
                0x0000dad4                stimer_expired
 .text.memb_init
                0x0000daf4       0x24 contiki-srf06-cc26xx.a(memb.o)
                0x0000daf4                memb_init
 .text.memb_alloc
                0x0000db18       0x3c contiki-srf06-cc26xx.a(memb.o)
                0x0000db18                memb_alloc
 .text.memb_free
                0x0000db54       0x44 contiki-srf06-cc26xx.a(memb.o)
                0x0000db54                memb_free
 .text.memb_inmemb
                0x0000db98       0x1c contiki-srf06-cc26xx.a(memb.o)
                0x0000db98                memb_inmemb
 .text.memb_numfree
                0x0000dbb4       0x1c contiki-srf06-cc26xx.a(memb.o)
                0x0000dbb4                memb_numfree
 .text.AONBatMonTemperatureGetDegC
                0x0000dbd0       0x30 contiki-srf06-cc26xx.a(aon_batmon.o)
                0x0000dbd0                AONBatMonTemperatureGetDegC
 .text.ChipInfo_GetSupportedProtocol_BV
                0x0000dc00       0x10 contiki-srf06-cc26xx.a(chipinfo.o)
                0x0000dc00                ChipInfo_GetSupportedProtocol_BV
 .text.ChipInfo_GetChipFamily
                0x0000dc10       0x38 contiki-srf06-cc26xx.a(chipinfo.o)
                0x0000dc10                ChipInfo_GetChipFamily
 .text.ChipInfo_GetHwRevision
                0x0000dc48       0x98 contiki-srf06-cc26xx.a(chipinfo.o)
                0x0000dc48                ChipInfo_GetHwRevision
 .text.ThisCodeIsBuiltForCC26xxHwRev22AndLater_HaltIfViolated
                0x0000dce0       0x2c contiki-srf06-cc26xx.a(chipinfo.o)
                0x0000dce0                ThisCodeIsBuiltForCC26xxHwRev22AndLater_HaltIfViolated
 .text.frame802154_get_pan_id
                0x0000dd0c        0xc contiki-srf06-cc26xx.a(frame802154.o)
                0x0000dd0c                frame802154_get_pan_id
 .text.frame802154_has_panid
                0x0000dd18       0x54 contiki-srf06-cc26xx.a(frame802154.o)
                0x0000dd18                frame802154_has_panid
 .text.field_len
                0x0000dd6c       0x9c contiki-srf06-cc26xx.a(frame802154.o)
 .text.frame802154_is_broadcast_addr
                0x0000de08       0x20 contiki-srf06-cc26xx.a(frame802154.o)
                0x0000de08                frame802154_is_broadcast_addr
 .text.frame802154_hdrlen
                0x0000de28       0x34 contiki-srf06-cc26xx.a(frame802154.o)
                0x0000de28                frame802154_hdrlen
 .text.frame802154_create
                0x0000de5c      0x10c contiki-srf06-cc26xx.a(frame802154.o)
                0x0000de5c                frame802154_create
 .text.frame802154_parse
                0x0000df68      0x17c contiki-srf06-cc26xx.a(frame802154.o)
                0x0000df68                frame802154_parse
 .text.mac_sequence_is_duplicate
                0x0000e0e4       0x3c contiki-srf06-cc26xx.a(mac-sequence.o)
                0x0000e0e4                mac_sequence_is_duplicate
 .text.mac_sequence_register_seqno
                0x0000e120       0x70 contiki-srf06-cc26xx.a(mac-sequence.o)
                0x0000e120                mac_sequence_register_seqno
 .text.exp2     0x0000e190       0x10 /usr/bin/../lib/gcc/arm-none-eabi/4.9.3/../../../../arm-none-eabi/lib/armv7-m/libm.a(lib_a-w_exp2.o)
                0x0000e190                exp2
 .text.pow      0x0000e1a0      0x2f0 /usr/bin/../lib/gcc/arm-none-eabi/4.9.3/../../../../arm-none-eabi/lib/armv7-m/libm.a(lib_a-w_pow.o)
                0x0000e1a0                pow
 .text.__ieee754_sqrt
                0x0000e490      0x18c /usr/bin/../lib/gcc/arm-none-eabi/4.9.3/../../../../arm-none-eabi/lib/armv7-m/libm.a(lib_a-e_sqrt.o)
                0x0000e490                __ieee754_sqrt
 .text.fabs     0x0000e61c        0x8 /usr/bin/../lib/gcc/arm-none-eabi/4.9.3/../../../../arm-none-eabi/lib/armv7-m/libm.a(lib_a-s_fabs.o)
                0x0000e61c                fabs
 .text.finite   0x0000e624        0xc /usr/bin/../lib/gcc/arm-none-eabi/4.9.3/../../../../arm-none-eabi/lib/armv7-m/libm.a(lib_a-s_finite.o)
                0x0000e624                finite
 .text.__fpclassifyd
                0x0000e630       0x58 /usr/bin/../lib/gcc/arm-none-eabi/4.9.3/../../../../arm-none-eabi/lib/armv7-m/libm.a(lib_a-s_fpclassify.o)
                0x0000e630                __fpclassifyd
 .text.matherr  0x0000e688        0x4 /usr/bin/../lib/gcc/arm-none-eabi/4.9.3/../../../../arm-none-eabi/lib/armv7-m/libm.a(lib_a-s_matherr.o)
                0x0000e688                matherr
 .text.nan      0x0000e68c        0xc /usr/bin/../lib/gcc/arm-none-eabi/4.9.3/../../../../arm-none-eabi/lib/armv7-m/libm.a(lib_a-s_nan.o)
                0x0000e68c                nan
 .text.rint     0x0000e698      0x11c /usr/bin/../lib/gcc/arm-none-eabi/4.9.3/../../../../arm-none-eabi/lib/armv7-m/libm.a(lib_a-s_rint.o)
                0x0000e698                rint
 .text.copysign
                0x0000e7b4       0x10 /usr/bin/../lib/gcc/arm-none-eabi/4.9.3/../../../../arm-none-eabi/lib/armv7-m/libm.a(lib_a-s_copysign.o)
                0x0000e7b4                copysign
 .text          0x0000e7c4      0x370 /usr/bin/../lib/gcc/arm-none-eabi/4.9.3/armv7-m/libgcc.a(_arm_addsubdf3.o)
                0x0000e7c4                __aeabi_drsub
                0x0000e7cc                __aeabi_dsub
                0x0000e7cc                __subdf3
                0x0000e7d0                __adddf3
                0x0000e7d0                __aeabi_dadd
                0x0000ea48                __aeabi_ui2d
                0x0000ea48                __floatunsidf
                0x0000ea68                __floatsidf
                0x0000ea68                __aeabi_i2d
                0x0000ea8c                __extendsfdf2
                0x0000ea8c                __aeabi_f2d
                0x0000eac8                __aeabi_ul2d
                0x0000eac8                __floatundidf
                0x0000ead8                __floatdidf
                0x0000ead8                __aeabi_l2d
 .text          0x0000eb34      0x424 /usr/bin/../lib/gcc/arm-none-eabi/4.9.3/armv7-m/libgcc.a(_arm_muldivdf3.o)
                0x0000eb34                __aeabi_dmul
                0x0000eb34                __muldf3
                0x0000ed88                __aeabi_ddiv
                0x0000ed88                __divdf3
 .text          0x0000ef58      0x110 /usr/bin/../lib/gcc/arm-none-eabi/4.9.3/armv7-m/libgcc.a(_arm_cmpdf2.o)
                0x0000ef58                __gtdf2
                0x0000ef58                __gedf2
                0x0000ef60                __ltdf2
                0x0000ef60                __ledf2
                0x0000ef68                __cmpdf2
                0x0000ef68                __eqdf2
                0x0000ef68                __nedf2
                0x0000efe4                __aeabi_cdrcmple
                0x0000eff4                __aeabi_cdcmple
                0x0000eff4                __aeabi_cdcmpeq
                0x0000f004                __aeabi_dcmpeq
                0x0000f018                __aeabi_dcmplt
                0x0000f02c                __aeabi_dcmple
                0x0000f040                __aeabi_dcmpge
                0x0000f054                __aeabi_dcmpgt
 .text          0x0000f068       0xa0 /usr/bin/../lib/gcc/arm-none-eabi/4.9.3/armv7-m/libgcc.a(_arm_truncdfsf2.o)
                0x0000f068                __aeabi_d2f
                0x0000f068                __truncdfsf2
 .text          0x0000f108      0x21c /usr/bin/../lib/gcc/arm-none-eabi/4.9.3/armv7-m/libgcc.a(_arm_addsubsf3.o)
                0x0000f108                __aeabi_frsub
                0x0000f110                __subsf3
                0x0000f110                __aeabi_fsub
                0x0000f114                __aeabi_fadd
                0x0000f114                __addsf3
                0x0000f274                __aeabi_ui2f
                0x0000f274                __floatunsisf
                0x0000f27c                __aeabi_i2f
                0x0000f27c                __floatsisf
                0x0000f298                __floatundisf
                0x0000f298                __aeabi_ul2f
                0x0000f2a8                __floatdisf
                0x0000f2a8                __aeabi_l2f
 .text          0x0000f324      0x2a0 /usr/bin/../lib/gcc/arm-none-eabi/4.9.3/armv7-m/libgcc.a(_arm_muldivsf3.o)
                0x0000f324                __mulsf3
                0x0000f324                __aeabi_fmul
                0x0000f48c                __divsf3
                0x0000f48c                __aeabi_fdiv
 .text          0x0000f5c4       0x4c /usr/bin/../lib/gcc/arm-none-eabi/4.9.3/armv7-m/libgcc.a(_arm_fixsfsi.o)
                0x0000f5c4                __fixsfsi
                0x0000f5c4                __aeabi_f2iz
 .text          0x0000f610       0x30 /usr/bin/../lib/gcc/arm-none-eabi/4.9.3/armv7-m/libgcc.a(_aeabi_uldivmod.o)
                0x0000f610                __aeabi_uldivmod
 .text          0x0000f640       0x60 /usr/bin/../lib/gcc/arm-none-eabi/4.9.3/armv7-m/libgcc.a(bpabi.o)
                0x0000f640                __gnu_ldivmod_helper
                0x0000f670                __gnu_uldivmod_helper
 .text          0x0000f6a0        0x4 /usr/bin/../lib/gcc/arm-none-eabi/4.9.3/armv7-m/libgcc.a(_dvmd_tls.o)
                0x0000f6a0                __aeabi_ldiv0
                0x0000f6a0                __aeabi_idiv0
 .text          0x0000f6a4      0x2ac /usr/bin/../lib/gcc/arm-none-eabi/4.9.3/armv7-m/libgcc.a(_divdi3.o)
                0x0000f6a4                __divdi3
 .text          0x0000f950      0x270 /usr/bin/../lib/gcc/arm-none-eabi/4.9.3/armv7-m/libgcc.a(_udivdi3.o)
                0x0000f950                __udivdi3
 .text.__errno  0x0000fbc0        0xc /usr/bin/../lib/gcc/arm-none-eabi/4.9.3/../../../../arm-none-eabi/lib/armv7-m/libc.a(lib_a-errno.o)
                0x0000fbc0                __errno
 .text.memcmp   0x0000fbcc       0x64 /usr/bin/../lib/gcc/arm-none-eabi/4.9.3/../../../../arm-none-eabi/lib/armv7-m/libc.a(lib_a-memcmp.o)
                0x0000fbcc                memcmp
 .text          0x0000fc30       0xec /usr/bin/../lib/gcc/arm-none-eabi/4.9.3/../../../../arm-none-eabi/lib/armv7-m/libc.a(lib_a-memcpy.o)
                0x0000fc30                memcpy
 .text.memmove  0x0000fd1c       0xc8 /usr/bin/../lib/gcc/arm-none-eabi/4.9.3/../../../../arm-none-eabi/lib/armv7-m/libc.a(lib_a-memmove.o)
                0x0000fd1c                memmove
 .text.memset   0x0000fde4       0x9c /usr/bin/../lib/gcc/arm-none-eabi/4.9.3/../../../../arm-none-eabi/lib/armv7-m/libc.a(lib_a-memset.o)
                0x0000fde4                memset
 .text.srand    0x0000fe80       0x14 /usr/bin/../lib/gcc/arm-none-eabi/4.9.3/../../../../arm-none-eabi/lib/armv7-m/libc.a(lib_a-rand.o)
                0x0000fe80                srand
 .text.rand     0x0000fe94       0x40 /usr/bin/../lib/gcc/arm-none-eabi/4.9.3/../../../../arm-none-eabi/lib/armv7-m/libc.a(lib_a-rand.o)
                0x0000fe94                rand
 .text.strlen   0x0000fed4       0x5c /usr/bin/../lib/gcc/arm-none-eabi/4.9.3/../../../../arm-none-eabi/lib/armv7-m/libc.a(lib_a-strlen.o)
                0x0000fed4                strlen
 *(SORT(.rodata*))
 .rodata.dp_h   0x0000ff30       0x10 /usr/bin/../lib/gcc/arm-none-eabi/4.9.3/../../../../arm-none-eabi/lib/armv7-m/libm.a(lib_a-e_pow.o)
 .rodata.dp_l   0x0000ff40       0x10 /usr/bin/../lib/gcc/arm-none-eabi/4.9.3/../../../../arm-none-eabi/lib/armv7-m/libm.a(lib_a-e_pow.o)
 .rodata.bp     0x0000ff50       0x10 /usr/bin/../lib/gcc/arm-none-eabi/4.9.3/../../../../arm-none-eabi/lib/armv7-m/libm.a(lib_a-e_pow.o)
 .rodata.TWO52  0x0000ff60       0x10 /usr/bin/../lib/gcc/arm-none-eabi/4.9.3/../../../../arm-none-eabi/lib/armv7-m/libm.a(lib_a-s_rint.o)
 .rodata.autostart_processes
                0x0000ff70        0x8 broading_listening.co
                0x0000ff70                autostart_processes
 .rodata.str1.4
                0x0000ff78       0xde broading_listening.co
 *fill*         0x00010056        0x2 00000000
 .rodata.str1.4
                0x00010058       0xa1 contiki-srf06-cc26xx.a(contiki-main.o)
 *fill*         0x000100f9        0x3 00000000
 .rodata.str1.4
                0x000100fc        0x8 contiki-srf06-cc26xx.a(sensors.o)
 .rodata.str1.4
                0x00010104        0x7 contiki-srf06-cc26xx.a(bmp-280-sensor.)
 *fill*         0x0001010b        0x1 00000000
 .rodata.bmp_280_sensor
                0x0001010c       0x10 contiki-srf06-cc26xx.a(bmp-280-sensor.)
                0x0001010c                bmp_280_sensor
 .rodata.tmp_007_sensor
                0x0001011c       0x10 contiki-srf06-cc26xx.a(tmp-007-sensor.)
                0x0001011c                tmp_007_sensor
 .rodata.str1.4
                0x0001012c        0x7 contiki-srf06-cc26xx.a(tmp-007-sensor.)
 *fill*         0x00010133        0x1 00000000
 .rodata.str1.4
                0x00010134        0x8 contiki-srf06-cc26xx.a(opt-3001-sensor)
 .rodata.opt_3001_sensor
                0x0001013c       0x10 contiki-srf06-cc26xx.a(opt-3001-sensor)
                0x0001013c                opt_3001_sensor
 .rodata.hdc_1000_sensor
                0x0001014c       0x10 contiki-srf06-cc26xx.a(hdc-1000-sensor)
                0x0001014c                hdc_1000_sensor
 .rodata.str1.4
                0x0001015c        0x8 contiki-srf06-cc26xx.a(hdc-1000-sensor)
 .rodata.mpu_9250_sensor
                0x00010164       0x10 contiki-srf06-cc26xx.a(mpu-9250-sensor)
                0x00010164                mpu_9250_sensor
 .rodata.str1.4
                0x00010174        0x8 contiki-srf06-cc26xx.a(mpu-9250-sensor)
 .rodata.str1.4
                0x0001017c        0x7 contiki-srf06-cc26xx.a(button-sensor.o)
 *fill*         0x00010183        0x1 00000000
 .rodata.button_left_sensor
                0x00010184       0x10 contiki-srf06-cc26xx.a(button-sensor.o)
                0x00010184                button_left_sensor
 .rodata.button_right_sensor
                0x00010194       0x10 contiki-srf06-cc26xx.a(button-sensor.o)
                0x00010194                button_right_sensor
 .rodata.str1.4
                0x000101a4        0x5 contiki-srf06-cc26xx.a(reed-relay.o)
 *fill*         0x000101a9        0x3 00000000
 .rodata.reed_relay_sensor
                0x000101ac       0x10 contiki-srf06-cc26xx.a(reed-relay.o)
                0x000101ac                reed_relay_sensor
 .rodata.output_power
                0x000101bc       0x68 contiki-srf06-cc26xx.a(ieee-mode.o)
 .rodata.ieee_mode_driver
                0x00010224       0x38 contiki-srf06-cc26xx.a(ieee-mode.o)
                0x00010224                ieee_mode_driver
 .rodata.mode_ieee
                0x0001025c        0x8 contiki-srf06-cc26xx.a(ieee-mode.o)
 .rodata.str1.4
                0x00010264       0x46 contiki-srf06-cc26xx.a(strformat.o)
 *fill*         0x000102aa        0x2 00000000
 .rodata.buffer.4019
                0x000102ac       0x10 contiki-srf06-cc26xx.a(strformat.o)
 .rodata.buffer.4028
                0x000102bc       0x10 contiki-srf06-cc26xx.a(strformat.o)
 .rodata.str1.4
                0x000102cc        0xf contiki-srf06-cc26xx.a(ctimer.o)
 *fill*         0x000102db        0x1 00000000
 .rodata.str1.4
                0x000102dc        0xc contiki-srf06-cc26xx.a(etimer.o)
 .rodata.str1.4
                0x000102e8        0xe contiki-srf06-cc26xx.a(serial-line.o)
 *fill*         0x000102f6        0x2 00000000
 .rodata        0x000102f8        0x2 contiki-srf06-cc26xx.a(sicslowpan.o)
 *fill*         0x000102fa        0x2 00000000
 .rodata.ttl_values
                0x000102fc        0x4 contiki-srf06-cc26xx.a(sicslowpan.o)
 .rodata.unc_llconf
                0x00010300        0x4 contiki-srf06-cc26xx.a(sicslowpan.o)
                0x00010300                unc_llconf
 .rodata.llprefix
                0x00010304        0x2 contiki-srf06-cc26xx.a(sicslowpan.o)
                0x00010304                llprefix
 *fill*         0x00010306        0x2 00000000
 .rodata.sicslowpan_driver
                0x00010308        0xc contiki-srf06-cc26xx.a(sicslowpan.o)
                0x00010308                sicslowpan_driver
 .rodata.unc_mxconf
                0x00010314        0x4 contiki-srf06-cc26xx.a(sicslowpan.o)
                0x00010314                unc_mxconf
 .rodata.unc_ctxconf
                0x00010318        0x4 contiki-srf06-cc26xx.a(sicslowpan.o)
                0x00010318                unc_ctxconf
 .rodata.str1.4
                0x0001031c        0xb contiki-srf06-cc26xx.a(sicslowpan.o)
 *fill*         0x00010327        0x1 00000000
 .rodata.str1.4
                0x00010328        0xd contiki-srf06-cc26xx.a(tcpip.o)
 *fill*         0x00010335        0x3 00000000
 .rodata.str1.4
                0x00010338       0x41 contiki-srf06-cc26xx.a(uip-debug.o)
 *fill*         0x00010379        0x3 00000000
 .rodata.linkaddr_null
                0x0001037c        0x8 contiki-srf06-cc26xx.a(linkaddr.o)
                0x0001037c                linkaddr_null
 .rodata.str1.4
                0x00010384        0x5 contiki-srf06-cc26xx.a(csma.o)
 *fill*         0x00010389        0x3 00000000
 .rodata.csma_driver
                0x0001038c       0x1c contiki-srf06-cc26xx.a(csma.o)
                0x0001038c                csma_driver
 .rodata.framer_802154
                0x000103a8        0xc contiki-srf06-cc26xx.a(framer-802154.o)
                0x000103a8                framer_802154
 .rodata.str1.4
                0x000103b4        0x8 contiki-srf06-cc26xx.a(nullrdc.o)
 .rodata.nullrdc_driver
                0x000103bc       0x20 contiki-srf06-cc26xx.a(nullrdc.o)
                0x000103bc                nullrdc_driver
 .rodata.str1.4
                0x000103dc        0x8 contiki-srf06-cc26xx.a(nullsec.o)
 .rodata.nullsec_driver
                0x000103e4       0x10 contiki-srf06-cc26xx.a(nullsec.o)
                0x000103e4                nullsec_driver
 .rodata        0x000103f4        0x4 contiki-srf06-cc26xx.a(ext-flash.o)
 .rodata.str1.4
                0x000103f8       0x46 contiki-srf06-cc26xx.a(rf-core.o)
 *fill*         0x0001043e        0x2 00000000
 .rodata.str1.4
                0x00010440        0x4 /usr/bin/../lib/gcc/arm-none-eabi/4.9.3/../../../../arm-none-eabi/lib/armv7-m/libm.a(lib_a-w_pow.o)
 .rodata.str1.4
                0x00000000        0x4 /usr/bin/../lib/gcc/arm-none-eabi/4.9.3/../../../../arm-none-eabi/lib/armv7-m/libm.a(lib_a-e_pow.o)
                                  0x1 (size before relaxing)
 .rodata.str1.4
                0x00010444        0x4 /usr/bin/../lib/gcc/arm-none-eabi/4.9.3/../../../../arm-none-eabi/lib/armv7-m/libc.a(lib_a-impure.o)
                                  0x2 (size before relaxing)
                0x00010448                _etext = .

.glue_7         0x00010448        0x0
 .glue_7        0x00000000        0x0 linker stubs

.glue_7t        0x00010448        0x0
 .glue_7t       0x00000000        0x0 linker stubs

.vfp11_veneer   0x00010448        0x0
 .vfp11_veneer  0x00000000        0x0 linker stubs

.v4_bx          0x00010448        0x0
 .v4_bx         0x00000000        0x0 linker stubs

.iplt           0x00010448        0x0
 .iplt          0x00000000        0x0 obj_srf06-cc26xx/startup_gcc.o

.data           0x20000000      0x68f load address 0x00010448
                0x20000000                _data = .
 *(SORT(vtable))
 *(SORT(.data*))
 .data.impure_data
                0x20000000      0x428 /usr/bin/../lib/gcc/arm-none-eabi/4.9.3/../../../../arm-none-eabi/lib/armv7-m/libc.a(lib_a-impure.o)
 .data.payload  0x20000428       0x18 broading_listening.co
                0x20000428                payload
 .data.buzzFreq
                0x20000440        0x4 broading_listening.co
                0x20000440                buzzFreq
 .data.zigphy_rx_process
                0x20000444       0x10 broading_listening.co
                0x20000444                zigphy_rx_process
 .data.sensors_process
                0x20000454       0x10 contiki-srf06-cc26xx.a(sensors.o)
                0x20000454                sensors_process
 .data.sensors  0x20000464       0x24 contiki-srf06-cc26xx.a(sensortag-senso)
                0x20000464                sensors
 .data.buzzer_module
                0x20000488       0x14 contiki-srf06-cc26xx.a(buzzer.o)
 .data.sensortag_module
                0x2000049c       0x14 contiki-srf06-cc26xx.a(board.o)
 .data.uart_module
                0x200004b0       0x14 contiki-srf06-cc26xx.a(cc26xx-uart.o)
 .data.cc26xx_rf_lpm_module
                0x200004c4       0x14 contiki-srf06-cc26xx.a(ieee-mode.o)
 .data.tx_power_current
                0x200004d8        0x4 contiki-srf06-cc26xx.a(ieee-mode.o)
                0x200004d8                tx_power_current
 .data.ieee_overrides
                0x200004dc       0x2c contiki-srf06-cc26xx.a(ieee-mode.o)
 .data.ctxt     0x20000508        0x8 contiki-srf06-cc26xx.a(dbg-printf.o)
 .data.ctimer_process
                0x20000510       0x10 contiki-srf06-cc26xx.a(ctimer.o)
                0x20000510                ctimer_process
 .data.etimer_process
                0x20000520       0x10 contiki-srf06-cc26xx.a(etimer.o)
                0x20000520                etimer_process
 .data.serial_line_process
                0x20000530       0x10 contiki-srf06-cc26xx.a(serial-line.o)
                0x20000530                serial_line_process
 .data.ds6_neighbors
                0x20000540        0x4 contiki-srf06-cc26xx.a(uip-ds6-nbr.o)
                0x20000540                ds6_neighbors
 .data.ds6_neighbors_struct
                0x20000544       0x10 contiki-srf06-cc26xx.a(uip-ds6-nbr.o)
 .data.defaultroutermemb
                0x20000554        0xc contiki-srf06-cc26xx.a(uip-ds6-route.o)
 .data.nbr_routes_struct
                0x20000560       0x10 contiki-srf06-cc26xx.a(uip-ds6-route.o)
 .data.nbr_routes
                0x20000570        0x4 contiki-srf06-cc26xx.a(uip-ds6-route.o)
                0x20000570                nbr_routes
 .data.routememb
                0x20000574        0xc contiki-srf06-cc26xx.a(uip-ds6-route.o)
 .data.neighborroutememb
                0x20000580        0xc contiki-srf06-cc26xx.a(uip-ds6-route.o)
 .data.echo_request_handler
                0x2000058c        0xc contiki-srf06-cc26xx.a(uip-icmp6.o)
 .data.echo_reply_handler
                0x20000598        0xc contiki-srf06-cc26xx.a(uip-icmp6.o)
 .data.ns_input_handler
                0x200005a4        0xc contiki-srf06-cc26xx.a(uip-nd6.o)
 .data.na_input_handler
                0x200005b0        0xc contiki-srf06-cc26xx.a(uip-nd6.o)
 .data.tcpip_process
                0x200005bc       0x10 contiki-srf06-cc26xx.a(tcpip.o)
                0x200005bc                tcpip_process
 .data.rpl_parents
                0x200005cc        0x4 contiki-srf06-cc26xx.a(rpl-dag.o)
                0x200005cc                rpl_parents
 .data.rpl_parents_struct
                0x200005d0       0x10 contiki-srf06-cc26xx.a(rpl-dag.o)
 .data.dao_ack_handler
                0x200005e0        0xc contiki-srf06-cc26xx.a(rpl-icmp6.o)
 .data.dis_handler
                0x200005ec        0xc contiki-srf06-cc26xx.a(rpl-icmp6.o)
 .data.dao_handler
                0x200005f8        0xc contiki-srf06-cc26xx.a(rpl-icmp6.o)
 .data.dio_handler
                0x20000604        0xc contiki-srf06-cc26xx.a(rpl-icmp6.o)
 .data.rpl_mrhof
                0x20000610       0x1c contiki-srf06-cc26xx.a(rpl-mrhof.o)
                0x20000610                rpl_mrhof
 .data.neighbor_addr_mem
                0x2000062c        0xc contiki-srf06-cc26xx.a(nbr-table.o)
 .data.bufmem   0x20000638        0xc contiki-srf06-cc26xx.a(queuebuf.o)
 .data.buframmem
                0x20000644        0xc contiki-srf06-cc26xx.a(queuebuf.o)
 .data.metadata_memb
                0x20000650        0xc contiki-srf06-cc26xx.a(csma.o)
 .data.neighbor_memb
                0x2000065c        0xc contiki-srf06-cc26xx.a(csma.o)
 .data.packet_memb
                0x20000668        0xc contiki-srf06-cc26xx.a(csma.o)
 .data.rf_core_process
                0x20000674       0x10 contiki-srf06-cc26xx.a(rf-core.o)
                0x20000674                rf_core_process
 .data._impure_ptr
                0x20000684        0x4 /usr/bin/../lib/gcc/arm-none-eabi/4.9.3/../../../../arm-none-eabi/lib/armv7-m/libc.a(lib_a-impure.o)
                0x20000684                _impure_ptr
 .data.rssi     0x20000688        0x2 broading_listening.co
                0x20000688                rssi
 .data.mac_pan_id
                0x2000068a        0x2 contiki-srf06-cc26xx.a(frame802154.o)
 .data.interface
                0x2000068c        0x1 contiki-srf06-cc26xx.a(board-i2c.o)
 .data.dao_sequence
                0x2000068d        0x1 contiki-srf06-cc26xx.a(rpl-icmp6.o)
 .data.__fdlib_version
                0x2000068e        0x1 /usr/bin/../lib/gcc/arm-none-eabi/4.9.3/../../../../arm-none-eabi/lib/armv7-m/libm.a(lib_a-s_lib_ver.o)
                0x2000068e                __fdlib_version
                0x2000068f                _edata = .

.igot.plt       0x20000690        0x0 load address 0x00010ad7
 .igot.plt      0x00000000        0x0 obj_srf06-cc26xx/startup_gcc.o

.ARM.exidx      0x00010ad8        0x8
 *(SORT(.ARM.exidx*))
 .ARM.exidx     0x00010ad8        0x8 /usr/bin/../lib/gcc/arm-none-eabi/4.9.3/armv7-m/libgcc.a(_divdi3.o)
 .ARM.exidx     0x00010ae0        0x0 /usr/bin/../lib/gcc/arm-none-eabi/4.9.3/armv7-m/libgcc.a(_udivdi3.o)
                                  0x8 (size before relaxing)

.bss            0x20000690     0x2db6
                0x20000690                _bss = .
 *(SORT(.bss*))
 .bss.count     0x20000690        0x8 contiki-srf06-cc26xx.a(clock.o)
 .bss.i         0x20000698        0x4 broading_listening.co
                0x20000698                i
 .bss.alarmTimer
                0x2000069c        0x4 broading_listening.co
                0x2000069c                alarmTimer
 .bss.i.4813    0x200006a0        0x4 contiki-srf06-cc26xx.a(sensors.o)
 .bss.events.4814
                0x200006a4        0x4 contiki-srf06-cc26xx.a(sensors.o)
 .bss.inited    0x200006a8        0x4 contiki-srf06-cc26xx.a(leds-arch.o)
 .bss.sensor_value
                0x200006ac        0x6 contiki-srf06-cc26xx.a(bmp-280-sensor.)
 *fill*         0x200006b2        0x2 
 .bss.calibration_data
                0x200006b4       0x18 contiki-srf06-cc26xx.a(bmp-280-sensor.)
 .bss.startup_timer
                0x200006cc       0x20 contiki-srf06-cc26xx.a(bmp-280-sensor.)
 .bss.enabled   0x200006ec        0x4 contiki-srf06-cc26xx.a(bmp-280-sensor.)
 .bss.obj_temp_latched
                0x200006f0        0x4 contiki-srf06-cc26xx.a(tmp-007-sensor.)
 .bss.startup_timer
                0x200006f4       0x20 contiki-srf06-cc26xx.a(tmp-007-sensor.)
 .bss.enabled   0x20000714        0x4 contiki-srf06-cc26xx.a(tmp-007-sensor.)
 .bss.buf       0x20000718        0x4 contiki-srf06-cc26xx.a(tmp-007-sensor.)
 .bss.amb_temp_latched
                0x2000071c        0x4 contiki-srf06-cc26xx.a(tmp-007-sensor.)
 .bss.startup_timer
                0x20000720       0x20 contiki-srf06-cc26xx.a(opt-3001-sensor)
 .bss.state     0x20000740        0x4 contiki-srf06-cc26xx.a(opt-3001-sensor)
 .bss.startup_timer
                0x20000744       0x20 contiki-srf06-cc26xx.a(hdc-1000-sensor)
 .bss.enabled   0x20000764        0x4 contiki-srf06-cc26xx.a(hdc-1000-sensor)
 .bss.data      0x20000768        0x4 contiki-srf06-cc26xx.a(hdc-1000-sensor)
 .bss.sensor_value
                0x2000076c        0x6 contiki-srf06-cc26xx.a(mpu-9250-sensor)
 *fill*         0x20000772        0x2 
 .bss.startup_timer
                0x20000774       0x20 contiki-srf06-cc26xx.a(mpu-9250-sensor)
 .bss.state     0x20000794        0x4 contiki-srf06-cc26xx.a(mpu-9250-sensor)
 .bss.elements  0x20000798        0x4 contiki-srf06-cc26xx.a(mpu-9250-sensor)
 .bss.left_timer
                0x2000079c       0x10 contiki-srf06-cc26xx.a(button-sensor.o)
 .bss.debouncetimer
                0x200007ac        0x8 contiki-srf06-cc26xx.a(reed-relay.o)
 .bss.last_isr_time
                0x200007b4        0x4 contiki-srf06-cc26xx.a(soc-rtc.o)
 .bss.input_handler
                0x200007b8        0x4 contiki-srf06-cc26xx.a(cc26xx-uart.o)
 .bss.modules_list_list
                0x200007bc        0x4 contiki-srf06-cc26xx.a(lpm.o)
 .bss.handlers  0x200007c0       0x80 contiki-srf06-cc26xx.a(gpio-interrupt.)
 .bss.rf_stats  0x20000840       0x10 contiki-srf06-cc26xx.a(ieee-mode.o)
 .bss.rx_data_queue
                0x20000850        0x8 contiki-srf06-cc26xx.a(ieee-mode.o)
 .bss.rx_read_entry
                0x20000858        0x4 contiki-srf06-cc26xx.a(ieee-mode.o)
 .bss.cmd_ieee_rx_buf
                0x2000085c       0x80 contiki-srf06-cc26xx.a(ieee-mode.o)
 .bss.tx_buf    0x200008dc       0xb6 contiki-srf06-cc26xx.a(ieee-mode.o)
 *fill*         0x20000992        0x2 
 .bss.rx_buf_1  0x20000994       0x8c contiki-srf06-cc26xx.a(ieee-mode.o)
 .bss.rx_buf_0  0x20000a20       0x8c contiki-srf06-cc26xx.a(ieee-mode.o)